## a list of islands in Maldives.
## extracted from Wikipedia (hah!)

aafinolhu
aahuraa
aakiraahuttaa
aarah
aarahaa
aboohéra
addu
ahivaffushi
aidhoo
akirifushi
alidhoo
alidhuffarufinolhu
alifushi
aligalehuttaa
aligau
aligauhuraagandu
alikoirah
alimathaa
aloofushi
anbaraa
angaagaa
angolhitheemu
anhenunfushi
araigaiththaa
ariadhoo
arilundhoo
asdhoo
athahédha
athihuttaa
athurugau
aufushi
baarah
baavandhoo
baberaahuttaa
badadhidhdhoo
badaveri
badidhiffusheefinolhu
badéfodiyaa
bahurukabeeru
bahurukabiru
bakeiththaa
bandidhoo
bandos
barahuttaa
baros
bathalaa
bathalaamaagau
baulhagallaa
beenaafushi
berasdhoo
berinmadhoo
beyruhuttaa
beyrumaddoo
beyrumadivaru
bihuréhaa
bileddhoo
bileffahi
bileitheyrahaa
bis huraa
bisfushi
biyaadhoo
boaddoo
boadhaafusheefinolhu
boahuraa
bodehuttaa
bodhuhuraa
bodu hajara
bodubandos
boduboahuraa
bodufaahuraa
bodufarufinolhu
bodufenmaaenboodhoo
bodufenrahaa
bodufinolhu
bodufulhadhoo
bodufushi
bodugaahuraa
boduhaiykodi
boduhithi
boduhuraa
boduhéragandu
bodukaashihuraa
bodulhaimendhoo
bodumaabulhali
bodumahigulhi
bodumohoraa
bodunaagoashi
bodurehaa
boduréhaabokkoyyaa
boduvela
bodéhuttaa
bodérehaa
boifushi
bokaiffushi
boli mulah
bolifushi
bolimathaidhoo
bomasdhoo
budhiyahuttaa
bulhaaholhi
bulhalaafushi
bulhalafushi
burehifasdhoo
burunee
dafaru fasgandu
dhaandhoo
dhadimago
dhakendhoo
dhanbidhoo
dhandhoo
dhangethi
dhapparu
dhapparuhuraa
dharanboodhoo
dharavandhoo
dhebaidhoo
dheburidheythereyvaadhoo
dheefuram
dhehasanulunboihuraa
dhekenanfaru
dhekunu vinagandu
dhekunuboduveli
dhelibehuraa
dhevvadhoo
dhevvalaabadhoo
dhevvamaagalaa
dhiddhoo
dhiddhoofinolhu
dhidhdhoo
dhiffushi
dhigali
dhiggaru
dhiggiri
dhigihéra
dhigu rah
dhigudhoo
dhigufaruhuraa
dhigufaruvinagandu
dhigufinolhu
dhigulaabadhoo
dhigurah
dhiguvaru
dhiguvarufinolhu
dhiguvelldhoo
dhigémaahuttaa
dhigérehaa
dhikkurendhdhoo
dhin-nolhufinolhu
dhinmanaa
dhinnaafushi
dhirubaafushi
dhiththudi
dhiyadhoo
dhiyamingili
dhiyanigilllaa
dholhiyadhoo
dholhiyadhoo kudarah
dhonaerikandoodhoo
dhonakulhi
dhonanfushi
dhonfanu
dhonhuseenahuttaa
dhonigallaa
dhonveli-huraa
dhonveliganduhuraa
dhoogandufinolhu
dhoonidhoo
dhoonirehaa
dhoores
dhoragali
dhorukandu'dhekunuhuraa
dhorukandu'uthuruhuraa
dhorukanduhuraa
dhunikolhu
dhurudhandaaikandaagerah
dhururehaa
dhuvaafaru
dhuvaafaruhuraa
dhékanbaa
dhérékudhéhaa
diffushi
diguvando
dundigan
ehrruh-haa
ehéhuttaa
ekasdhoo
ekulhivaru
ekuruffushi
ekurufushi
ekélondaa
elaa
ellaidhoo
enboodhoo
enboodhoofinolhu
enboodhoofushi
enbulufushi
eriyadhoo
erruh-huraa
etheramadivaru
ethigandujehihuraa
etthingili
eydhafushi
faadhoo
faahuttaa
faanahuttaa
faandhoo
faanumadugau
faanuvaahuraa
faarafushi
faathiyéhuttaa
fahikédéhérangada
fainu
fainuaadham-huraa
falhukolhurataa
falhumaafushi
falhuverrehaa
fares
faridhoo
farudhulhudhoo
faruhukuruvalhi
farukoduhuttaa
farukolhu
farukolhufushi
farumuli
faréhulhudhoo
fasgandufarufinolhu
fasmendhoo
fatéfandhoo
faés
feealeehuraa
feeali
feevah
fehendhoo
fehenfushi
fehigili
felidhoo
felivaru
femunaidhoo
fenboafinolhu
fenboahuraa
fenevenehuttaa
fenfuraaveli
fenfushi
fenmeerufushi
fenrahaa
fenrahaahuttaa
feridhoo
fesdhoo
feydhoo
feydhoofinolhu
feylihikkikudhumaahéra
fihalhohi
filaagandu
filaidhoo
filitheyo
filladhoo
finey
finolhas
finolhu
firunbaidhoo
fiyoaree
foakaidhoo
foddhoo
fodhidhipparu
fonaddoo
fonadhoo
fonagaadhoo
fonahigillaa
fondhoo
fonidhaani
fonimagoodhoo
fuggiri
fulhadhoo
fulhadhoorah kairi finonolhu
fulidhoo
funadhoo
funadhoovillingili
funado
funamaddoo
furan-nafushi
furaveri
furaverumeehungemaafaru
fusfinolhu
fushi
fushifaru
fushifarurah
fushivelavaru
fussfaruhuraa
fuvahmulah
fénéhuttaa
féreythavilingillaa
gaadhiffushi
gaadhoo
gaaerifaru
gaafaru
gaafushi
gaagandu
gaagandufaruhuraa
gaahuraa
gaahuraafussari
gaakoshinbi
gaalee
gaamathikulhudhoo
gaathufushi
gaathurehaa
gaaudoodhoo
gaaviligiligaathurah
gaavillingili
gaazeeraa
gaddhoo
galamadhoo
gallaidhoo
gallaidhoofushi
gallaidhookudarah
gallandhoo
galuréhaa
gan
gangehi
gasfinolhu
gasthirifinolhu
gasveli
gaukendi
gehémaagalaa
gehévalégalaa
gemanafushi
gemendhoo
geskahahéra-kudakalhahéra
geskalhuhéra
giraavaru
girifushi
goanbilivaadhoo
goidhoo
goidhoohuraa
golhaallaa
gonaafushi
gonaagau
gongalu huraa
govvaafushi
goyyafaru
guboshi
gudhanfushi
gulheegaathuhuraa
gulhi
gulhifalhurah
guraidhoo
haadhoo
haafushi
haagevillaa
hadahaa
hadahaahuttaa
hadoolaafushi
hagedhoo
haggnaameedhoo
hakandhoo
hakuraahuraa
halaveli
handaidhoo
hanhushi
hanifaru
hanifarurah
hanimaadhoo
hankedé
hankedé hajara
hassanbey'rah
hathifushi
havoddaa
havodigalaa
havvaadhiyekuyyaakéeranahthedhinerehaa
hedha
heenamaagalaa
heenfaru
helengeli
henbadhoo
henbandhoo
heré-théré
hevaahulhudhoo
hevanaréhaa
hibalhidhoo
hikahera
himandhoo
himithi
himmafushi
hinagaakalhi
hingaahuraa
hinnavaru
hiraveri
hirihuttaa
hirilandhoo
hirimaradhoo
hirinaidhoo
hiriyadhoo
hiriyanfushi
hirubadhoo
hirundhoo
hithaadhoo
hithaadhoogalaa
hithadhoo
hithadhoohuraa
hithadookudarah
hithifushi
hiyafushi
hiyanigilihuttaa
hoandeddhoo
hoarafushi
hodelifushi
hodhado
holhudhoo
holhumeedhoo
holhurahaa
hondaafushi
hondaidhoo
hoothodéyaa
horubadhoo
hudhufusheefinolhu
hudhufushi
huivani
hukeraa
hukurudhoo
hulheddhoo
hulhidhoo
hulhimendhoo
hulhisdhoo
hulhiyandhoo
hulhiyanfushi
hulhudhdhoo
hulhudheli
hulhudhoo
hulhudhuffaaru
hulhulé
hulhuvehi
hunadhoo
hunigondiréhaa
huraa
huraadhoo
huraagandu
hurasdhoo
hurasfaruhuraa
hurasveli
huravalhi
hurendhoo
huruelhi
huruvalhi
huruvalhigaathurah
huvadhumaavattaru
huvahandhoo
huvahendhoo
idimaa
ifuru
iguraidhoo
ihadhoo
ihavandhoo
ihuru
inguraidhoo
inguraidhookudadhiffushi
innafinolhu
innafushi
innamaadhoo
innaréhaa
isdhoo
isdhuvaa
issari
jinnathugau
kaaddoo
kaadeddhoo
kaafaraataa
kaafénaa
kaalhéhutta
kaalhéhuttaa
kaashidhoo
kaashidhookudarah
kabaalifaru
kadahalagalaa
kaddhipparu
kaddhoo
kaddogadu
kadimmahuraa
kadufushi
kadévaaréhaa
kafathalhaa héra
kafidhoo
kagi
kahanbufushi
kakadiherehuttaa
kakolhas
kalaafushi
kalaidhoo
kalhaidhoo
kalhehigillaa
kalhehuttaa
kalhudheyfushi
kalhudhiréhaa
kalhufahalafushi
kalhuhandhihuraa
kalhuhuraa
kalhumanjehuraa
kalhunaiboli
kalhuoiyfinolhu
kalhéfalaa
kalhéhuttaa
kalhéréhaa
kamadhoo
kamana
kanandhoo
kandaru
kandeddhoo
kandholhudhoo
kandhoomeehungelhaanbugali
kandihéréganda
kandinma
kanditheemu
kandoodhoo
kandoodhookuraa
kandoomaafushi
kandoomoonufushi
kandu huraa
kanduhulhudhoo
kanduoih-giri
kanduvillingili
kani
kanifinolhu
kanifusheegaathu finolhu
kanifushi
kanimeedhoo
kanneiyfaru
kannigilla
kanuhuraa
karimma
kashidhoogiri
kattalafushi
kautihulhudhoo
kaylakunu
kedhigandu
kedhivaru
keekimini
keesseyréhaa
kekuraalhuveli
kelaa
kendheraa
kendhikolhudhoo
kendhoo
keraminthaa
kereddhoo
kerendhoo
keyhuvadhoo
keyodhoo
keyovah'rah
kihaadhoo
kihaadhufaru
kihavah-huravalhi
killisfaru'rahgandu
killissafaruhuraa
kinbidhoo
kinolhas
kiraidhoo
klahuhuraa
koahera
koalaa
kodaanahuttaa
koduhutigallaa
koduhuttaa
kodurataa
kodédhoo
kodégalaa
kokrahaaoiyythaafinolhu
kolamaafushi
kolhudhuffushi
kolhufushi
kolhuvanbadhi
komandoo
kondey
kondeymatheelaabadhoo
kondeyvillingili
konontaa
kothaifaru
kottafaru
kottefaru
kubuladhi
kuda
kuda-anbaraa
kuda-male
kudabandos
kudaburunee
kudadhigandu
kudadhiggaru
kudadhiyanmigili
kudadhoo
kudafalhufushi
kudafaree
kudafares
kudafari
kudafinolhu
kudafolhudhoo
kudafunafaru
kudafushi
kudafussfaruhuraa
kudahaiykodi
kudahithi
kudahuraa
kudahuvadhoo
kudakaaddoo
kudakalhaidhoo
kudakibidhoo
kudakokeréhaa
kudakurathu
kudalafari
kudalhaimendhoo
kudalhosgiri
kudamahigulhi
kudamuraidhoo
kudanaagoashi
kudarah
kudarikilu
kudathulhaadhoo
kudausfushi
kudavattaru
kuddarah
kuddoo
kudhiboli
kudhukélaihuttaa
kudhé-ehivakaa
kudhébondeyyo
kudhéfehélaa
kudhéhaadhu
kudhéhulheddhoo
kudhéhuttaa
kudhélifadhoo
kudhérataa
kukulhudhoo
kukurahaa
kulhudhuffushi
kumundhoo
kunahandhoo
kunavashi
kunburudhoo
kunfunadhoo
kunnamaloa
kurali
kuramaadhoo
kuramathi
kurandhuvaru
kureddhoo
kuredhdhoo
kuredhifushi
kuredhivaru
kuredhivinahuraagandu
kurendhoo
kurikeymaahuttaa
kurinbi
kurolhi
kuroshigiri
kurredhupparu
kédévaahéra
kélaihuttaa
kéyhuvadhoo
laihaa
landaagiraavaru
landhoo
lankanfinolhu
lankanfushi
lhaanbugali
lhaanbugau
lhaimagu
lhavaddoo
lhavadhookandurah
lhohi
lhohifushi
lhosfushi
lhossaa
lhossalafushi
liboakandhoo
lifadhoo
loafaru
lonudhoo
lonudhoohuttaa
lundhufushi
lunfares
maabaidhoo
maabinhuraa
maaddoo
maadheli
maadhelihuraa
maadhiguvaru
maadhoo
maaenboodhoo
maafahi
maafaru
maafilaafushi
maafinolhu
maafunafaru
maafushi
maafushivaru
maafussaru
maaféhélaa
maagaa
maagau
maagehuttaa
maagodiréhaa
maagulhi
maahera
maahuraa
maahutigallaa
maahéraa
maakanaarataa
maakandoodhoo
maakaulhuveli
maakurandhoo
maakurathu
maalefushi
maalhaveli
maalhendhoo
maalhos
maamaduvvari
maamendhoo
maamigili
maamingili
maamunagaufinolhu
maamutaa
maandhoo
maanenfushi
maaodagalaa
maarandhoo
maarehaa
maarikilu
maaréhaa
maashigiri
maathodaa
maaungoodhoo
maausfushi
maavaafushi
maavaarulaa
maavah
maavaidhoo
maavaruhuraa
maaveddhoo
maavelavaru
maaveshi
maayyafushi
maaéhivakaa
machchafushi
madaveli
madhado
madhiriguraidhoo
madhirivaadhoo
madidhoo
madifushi
madihéra
madikurendhdhoo
madivaafaru
madivaru
madivarufinolhu
madivaruhuraa
madoogali
madulu
maduvvaree
maduvvari
magoodhoo
maguddhoo
mahaanaélhihuraa
mahaddhoo
mahakanfushi
mahibadhoo
mahidhoo
maidhoo
mainaadhoo
makunudhoo
makunueri
makunufushi
malegan
mallaaréhaa
malé
maléfaru
manadhoo
manafaru
mandhoo
maniyafushi
maradhoo
maradhoo-feydhoo
mariyankoyya rataa
maroshi
mathaidhoo
matheerah
mathidhoo
mathihuttaa
mathikera-nanahuththaa
mathikomandoo
mathivereefinolhu
mathiveri
maththidhoo
maththuréhaa
mayyafushi
medhadhihuraa
medhafushi
medhoo
medhufaru
medhufinolhu
medhufushi
medhugiri
medhukunburudhoo
medhurah
medhuréhaa
medhuvinagandu
meedhaahuraa
meedhoo
meedhuffushi
meedhupparu
meehunthibenehuttaa
meerufenfushi
melaimu
mendhoo
menthandhoo
meradhoo
meragihuttaa
mey-yyaafushi
meyragilla
migoodhoo
miladhoo
milaidhoo
milandhoo
minaavaru
minimasgali
minimensaa
miriandhoo
mirihi
miskimmago
moofushi
muddhoo
mudhimaahuttaa
muiri
mulhadhoo
muli
mulidhoo
mulikédé
mullaafushi
munaagala
munandhoo
mundoo
munyafushi
muraidhoo
muravandhoo
mushimasgali
musleygihuraa
muthaafushi
médhuburiyaa
médhuhuttaa
naainfarufinolhu
naalaafushi
nadellaa
naibukaloabodufushi
naibukaloakudafushi
naifaru
naivaadhoo
nakachchaafushi
nalaguraidhoo
nalandhoo
naridhoo
narudhoo
naruibudhoo
nasfaru
nellaidhoo
neykurendhoo
neyo
nibiligaa
nilandhoo
nolhivaram
nolhivaranfaru
nolhoo
noomaraa
odafuttaa
odagallaa
odavarrehaa
oidhuni
oinigillaa
olhahali
olhimuntaa
olhudhiyafushi
olhufushi
olhufushi-finolhu
olhugiri
olhurataa
olhutholhu
olhuveli
olhuvelifushi
oligandufinolhu
omadhoo
ookolhufinolhu
orimasfushi
orimasvaru
orivaru
parehulhedhoo
raabadaaféhéreehataa
raabandhihuraa
raafushi
raalulaakolhu
raaverrehaa
raggadu
rahadhoo
rahddhiggaa
raimmandhoo
raiyruhhuraa
rakeedhoo
ralhéodagallaa
ran-naalhi
randheli
rangali
rangalifinolhu
rasdhoo
rasdhoo madivaru
rasfari
rasfushi
rasgetheemu
rashukolhuhuraa
rasmaadhoo
rathafandhoo
reddhahuttaa
rinbidhoo
rinbudhoo
rodhevarrehaa
ruffushi
ruhelhifushi
ruhhurihuraa
ruhththibirah
sathugalu
savaaheli
seedhihuraa
seedhihuraaveligandu
selhlhifushi
thaavathaa
thabaidhoo
thaburudhoo
thaburudhuffushi
thakandhoo
thanburudhoo
thelehuttaa
theluveligaa
theyofulhihuraa
thilabolhufushi
thiladhoo
thilafushi
thilamaafushi
thimarafushi
thinadhoo
thinehuttaa
thinhuraa
thinkolhufushi
thinrukéréhaa
thoddoo
tholhendhoo
tholhifushi
thoshigadukolhu
thulhaadhoo
thulhaagiri
thulusdhoo
thunburi
thundudhoshufinolhu
thundudhoshufushi
thundufushi
thunduhuraa
thuraakunu
thuvaru
uddhoo
ufuligiri
ufuriyaa
ugulu
uheréhaa
uhéréhaa
ukulhas
ukulhasgaathufushi
ukurihuttaa
uligamu
ulégalaa
umaraiffinolhu
undoodhoo
ungoofaaru
ungulifinolhu
usfushi
utheemu
uthuruboduveli
uthurumaafaru
uthuruvinagandu
uvadhevifushi
vaadhoo
vaagali
vaanee
vabbinfaru
vabboahuraa
vadinolhu
vadinolhuhuraa
vaffushihuraa
vagaaru
vagaathugalfuttaa
vagaru
vah'huruvalhi
vaikaradhoo
vaikaramuraidhoo
vairéyaadhoo
vakarufalhi
vakkaru
valla
vallalhohi
vammaafushi
vanbadhi
vandhoo
varihuraa
vashafaru
vashahéra
vashugiri
vatavarrehaa
vattaru
vavathi
vavvaru
velassaru
velavaroo
velavaru
velidhoo
velifaru
velifinolhu
veligadu
veligandu
veligandufinolhu
veliganduhuraa
velivarufinolhu
veraavillingillaa
veriheybe
veymandoo
veyofushee
veyvah
vihafarufinolhu
vihamaafaru
vihamanaafushi
vilamendhoo
viligili
viligillaa
vilingili
villigalaa
villingili
villingilimathidhahuraa
villingilivarufinolhu
villingilivau
villinglivaru
vilufushi
vinaneih-faruhuraa
voavah
vodamulaa
vonmuli
voshimasfalhuhuraa
wakkaru
ziyaaraiffushi