## This file contains a list male names
## extracted from election data

a'an
a'th
aadhil
aadhu
aadil
aafaag
aafaagu
aafaaq
aafag
aafagu
aafaq
aafee
aafis
aagib
aagil
aahil
aaid
aaidh
aaish
aaiz
aajidh
aal
aalam
aalee
aali
aalif
aalim
aaliu
aamaal
aamal
aameen
aamil
aamin
aamir
aamiru
aan
aanil
aanis
aaniz
aarif
aaris
aarish
aas
aasidh
aasif
aasim
aasir
aathee
aathif
aathir
aayathulla
aayaz
aazad
aazar
aazif
aazim
abaan
abaas
aban
abbaas
abbadh
abbadhu
abbas
abdhaan
abdhu
abdhul
abdhulla
abdhullah
abdhussalaam
abdhussamadh
abdu
abduh
abdul
abdul-ghafoor
abdule
abdull
abdulla
abdullah
abdullahi
abdullla
abdulrahman
abdurraheem
abdurrahman
abdurrasheed
abdus
abdussalaam
abdussalam
abeed
abeedh
abeer
abeeru
abgary
abid
abida
abidh
abidha
abil
abir
abobakru
abobakur
abobakuru
aboo
aboobakru
aboobakruru
aboobakur
aboobakurru
aboobakuru
aboothaalib
abraar
abrahim
abrar
abraru
absaal
abu
abu-bakur
abubakkr
abubakur
abubakuru
abudhuh
abudhul
abudhullah
abudul
abudulla
abudullah
aburaaru
adam
adamge
addu
addugey
adeeb
adeef
adeel
adeem
adh
adh-ham
adhad
adham
adheeb
adheeg
adheel
adheem
adheen
adhham
adhil
adhiyyu
adhlee
adhleeh
adhleel
adhly
adhnaan
adhnan
adhrak
adhu
adhuham
adhunaan
adhunaanu
adhunan
adhunanu
adhwar
adhyb
adhym
adil
adkhan
adlee
adleen
adley
adly
adnaan
adnan
adsar
adsham
adsheer
aduham
adulee
adulla
adunaan
adunan
adyb
af
afaaf
afaag
afaal
afaaq
afaau
afag
afah
afan
afaq
afaz
afazil
afee
afeef
afeefa
affaan
affaf
affal
affan
affaz
afhaam
afif
afig
afir
afiu
afiya
afiz
afkhar
afl'eel
aflaah
aflaam
aflah
aflal
aflalu
aflaz
aflhal
afnan
afnaz
afraad
afraadh
afraah
afraahu
afraasheem
afraath
afraau
afraaz
afrad
afradh
afrah
afrahu
afram
afran
afras
afraseem
afrash
afrasheem
afrasim
afrath
afrau
afraz
afrooz
afroz
afruh
afsaan
afsaanu
afsadh
afsah
afsahu
afsal
afsalu
afsam
afsan
afsar
afseen
afshaan
afshal
afshan
afshar
afsheen
afsheenu
afshiyoon
afsyn
aftab
afthaab
afthab
afthim
afual
afuradh
afuzal
afzaf
afzah
afzal
afzam
afzan
afzau
afzoon
ageed
ageel
ageela
ageet
agil
agis
aglaf
agleel
agleem
agleema
agleen
agsad
agsath
agurath
ahad
ahadh
ahadhu
ahadhulla
ahadu
ahadulla
ahamed
ahdhaaf
ahdhath
ahdhee
aheed
aheej
ahemd
ahemed
ahfaz
ahfiz
ahid
ahil
ahkaam
ahlaam
ahlam
ahmad
ahmadh
ahmadhulla
ahmar
ahmed
ahmedhullah
ahmedulla
ahmedullah
ahmeed
ahmeem
ahmeen
ahmeez
ahnaaf
ahnaf
ahnas
ahrush
ahsaam
ahsaan
ahsad
ahsal
ahsam
ahsan
ahsanu
ahsanul
ahsanulla
ahsham
ahshan
ahshid
ahsim
ahubar
ahud
ahudh
ahudhee
ahudhu
ahulaam
ahulam
ahumadh
ahumadhu
ahumed
ahumeed
ahumeel
ahumeem
ahunisau
ahusaan
ahusal
ahusam
ahusan
ahusanu
ahushaam
ahushaan
ahusham
ahuson
ahutham
ahuzaad
ahuzaam
ahuzab
ahuzam
ahuzar
ahwar
ahwaz
ahyad
ahyadh
ahzam
ahzar
aidh
aifan
aigan
aiham
aijaz
aik
ailam
aiman
aimanu
aimon
ainan
aisaf
aisar
aisaru
aish
aishath
aiwan
aiysh
aiz
ajadh
ajdhee
ajeeb
ajeef
ajeel
ajeer
ajeeth
ajfaan
ajfan
ajhad
ajhadh
ajhadu
ajid
ajiz
ajlan
ajmal
ajnaadh
ajnaaz
ajnadh
ajnaz
ajnaza
ajshad
ajuaan
ajuad
ajuadh
ajudad
ajufaan
ajuhadh
ajulaadhu
ajulaan
ajulan
ajumal
ajuvad
ajuvadh
ajuvadhu
ajuwad
ajuwadh
ajuwadhu
ajuzal
ajuzam
ajvaad
ajvadh
ajwaad
ajwad
ajwadh
ajwed
ajzal
ajzam
akbar
akbaru
akeed
akhbaar
akhmeem
akhnas
akhtar
akhtham
akhthamy
akhthar
akhtharu
akhubar
akhumeem
akhuthaaru
akhuthar
akhuzam
akhyaaf
akhzam
akif
akmal
akram
aksam
aksar
aksham
akshan
akshar
akthar
akubaru
akumal
akuram
akusam
al
alaa
alaau
alam
alau
alauddeen
alavi
alee
aleef
aleel
aleem
aleemuddeen
alexander
alfaf
alfar
algeen
algis
alhaan
alham
alhan
ali
alif
alim
alin
aliyyu
allam
allath
ally
almaah
almaas
almaau
almah
almas
alqeen
alsamath
alsan
alson
althaaf
althaau
althaf
althoaf
althof
althuf
alvin
alwaan
alwan
aly
alyasau
alym
alzam
alzum
amaan
amaanathulla
amaanulla
amaanullah
amaaz
amal
aman
amanulla
amanullah
amar
amathulla
amdan
amdhaan
amdhad
amdhan
ameed
ameedh
ameeg
ameel
ameem
ameen
ameena
ameenu
ameenul
ameenullah
ameeq
ameer
ameeral
ameet
ameeth
ameez
amhadh
amhar
amil
amilu
amin
aminath
amir
amiru
amith
amiz
amjad
amjadh
amjadhu
amjadul
amjan
amjum
amlah
amlahu
amlih
amman
ammar
amnu
amr
amrad
amradh
amrah
amroo
amroon
amru
amsaad
amsaaju
amsaal
amsad
amsadh
amsah
amseel
amshaadh
amshad
amshadh
amshood
amshooz
amsood
amsoodha
amyl
amyn
amyoon
amyouni
amzad
amzal
amzath
amzoon
anaam
anaan
anaf
anan
anas
anash
anasulla
anaz
andhaaz
andhaz
andreas
andrew
aneed
aneef
aneeg
aneel
aneem
anees
aneesa
aneesul
aneeth
aneez
anfaal
anfal
anfau
anif
anil
anim
anirood
anis
anish
aniyath
aniz
anjah
anjoom
anjum
anoof
anoos
anoosh
ansaam
ansaar
ansam
ansar
ansaru
anshad
anshah
anshau
anshooz
ansooh
anthar
anvar
anvaru
anver
anwaar
anwar
anwaru
anwarul
anwarusaadhath
anwarussalam
anweel
anyl
anzar
aqdham
aqeel
aqib
aqil
aqis
aqleem
aqsaam
arafaath
arafaathu
arafath
ardam
areeb
areef
areeh
areej
areel
areem
areen
arees
areesh
areez
arfau
arfeen
arham
arhoom
arif
arifa
arig
aril
arim
aris
arish
ariz
arjeel
arjun
armeen
armees
armeez
aroom
aroon
aroosh
arooz
arraf
arsah
arsal
arsan
arseel
arshad
arshadh
arshadhu
arshadulla
arshadullah
arsham
arshan
arshaq
arshath
aru
aruf
arufau
arugam
aruham
arujun
arumaan
arumeen
arusad
arusal
arusan
arush
arushaam
arushad
arushadh
arushadhu
arushadu
arushah
arusham
arushan
arushee
arusheef
arushid
arusoon
aruyash
aruzan
aryf
arysh
arzan
arzath
as
as'ad
as'adh
as-aan
as-ad
as-adh
asa
asaas
asad
asadd
asadh
asadhu
asadhudhdheen
asadhulla
asadhullah
asadu
asadulla
asadullah
asbaab
asbaah
asbah
asdhaq
aseed
aseef
aseel
aseer
aseera
aseeth
aseethu
asfaag
asfaam
asfaan
asfaanu
asfaaru
asfaau
asfag
asfah
asfakh
asfal
asfalu
asfam
asfan
asfaq
asfar
asfaru
asfau
asfaz
asgar
asgaree
asgaru
asghar
ash
ash'had
ash-had
ash-hadh
ash-har
ashaad
ashaan
ashab
ashad
ashadh
ashal
asham
ashan
ashar
ashbah
asheer
asheeth
ashfaaf
ashfaag
ashfaagu
ashfaan
ashfaaq
ashfag
ashfagu
ashfah
ashfahaan
ashfam
ashfan
ashfaq
ashfar
ashfau
ashfaz
ashfeen
ashhad
ashhadh
ashhadhu
ashhal
ashham
ashhar
ashiam
ashid
ashif
ashiq
ashir
ashiru
ashiu
ashiyam
ashjau
ashkaru
ashley
ashmalee
ashnau
ashraaf
ashraf
ashrag
ashrah
ashram
ashraq
ashraz
ashshif
ashveen
ashwaag
ashwaan
ashwad
ashwadh
ashwag
ashwan
ashwani
ashwaq
ashween
ashwin
ashyam
asid
asidh
asif
asil
asim
asir
asiu
asiya
asiyath
asjad
asjadh
asjam
asjau
askar
aslaan
aslaf
aslah
aslam
aslan
aslih
asma
asmaadh
asmath
asmau
asmeen
asnaadh
asnaan
asnad
asnadh
asnaf
asnah
asnam
asnan
asnau
asneem
asra
asraar
asraaru
asraf
asrafees
asram
asraq
asrar
asraru
asrath
asree
asru
ass'adh
assaam
assab
assad
assadh
assadhu
assaf
assam
assan
asshadu
asthar
asvaadh
asvad
aswaad
aswaadh
aswad
aswadh
aswadhu
aswan
aswar
aswaru
asween
asyad
asyadh
asyed
asyl
ath-har
athaau
athar
athaulla
atheed
atheedh
atheef
atheeg
atheek
atheel
atheeq
atheequrrahuman
athfal
athfan
athhar
athif
athig
athik
athir
athiza
athlab
athlath
atho
athoof
athoulla
athoullah
aththoaf
athuhar
athulaal
athyf
athyg
athyph
atkinson
au'mal
auf
aujaz
aula
aulam
aumar
aunullah
auof
auraaf
auraf
aus
ausaan
ausam
ausan
ausath
aushadh
aushan
authaaru
auzal
auzam
auzar
auzid
avvaamu
awadh
awusaan
awwaah
awwaam
awwal
awwam
axam
axmy
ayaadh
ayaaz
ayaazu
ayad
ayadh
ayas
ayathulla
ayathullah
ayaz
ayhum
ayiz
ayoob
ayuman
ayumann
ayyad
ayyoob
azaad
azaadh
azaan
azad
azam
azamudheen
azan
azar
azban
azdhadh
azee
azeef
azeel
azeem
azeema
azeemuddheen
azeen
azeez
azeeza
azfaan
azfar
azfaru
azfeen
azhaad
azhaan
azhaar
azhad
azhadh
azhadhu
azham
azhan
azhar
azhary
azhath
azheel
azheem
azheen
azhim
azhyn
azib
azid
azidh
azif
azil
azim
azir
aziyad
aziz
azlaf
azlah
azlam
azlan
azlee
azleef
azleel
azleem
azleen
azlef
azlif
azlym
azmaan
azmal
azman
azmath
azmee
azmeel
azmeela
azmeem
azmeen
azmeer
azmeeru
azmi
azmil
azmoon
azmulla
azmy
azmyn
azneef
azneem
azneen
aznil
azoor
azraah
azraf
azrah
azraru
azroon
azubaan
azudad
azufan
azufar
azuhaan
azuhad
azuhadh
azuham
azuhan
azuhar
azuharu
azuharullah
azuhary
azuheem
azuheen
azuleem
azuleen
azuly
azum
azumath
azumathulla
azumee
azumeel
azumeelu
azumeen
azumeer
azumullah
azumy
azuneem
azuraar
azuraf
azurahu
azuram
azurar
azuvaad
azuvar
azuwaan
azuwar
azvar
azvaru
azwaan
azwad
azwan
azwar
azwaru
azweel
azween
azyed
azyz
azzaam
azzam
azzan
baagir
baaish
baan
baaqiru
baaree
baari
baary
baashith
baasil
baasith
badeeu
badeeulla
badeeusalaam
badheeu
badheeuddeen
badheeuzaman
badheeuzzamaan
badheeuzzaman
badhran
badhree
badhuri
badhurrunaseef
badhuru
badhuruddeen
badhurudhdheen
badhurudheen
badhuruh
badhurul
badhurulla
badhurunnaseer
badhuruzaman
badhuruzzamaan
badhury
badree
badru
badruddeen
badur
baduree
baduru
badurulla
badurun
badurunnaseer
baduruzzman
bagir
bagiru
baharath
bahauddeen
bahaullah
baheej
baheer
bahir
bahjath
bahzaad
bais
bakr
bakuru
baniyameen
baqir
barau
baree
bareedh
bareeul
bari
bariu
bary
baseem
baseer
basheer
basheeru
bashil
bashsham
bashyr
basil
basim
basit
basith
bassaam
bassam
bathin
beefaanu
beefanu
benyamin
bilaal
bilal
billah
bin
binaal
binah
binyaameen
binyameen
bishaar
bishaau
bisham
bishar
bishau
bodu
bodube
boolaag
boolaaq
boolag
buchaage
buguraath
bunya
bunyaameen
bunyaamin
bunyaan
bunyameen
bunyamin
buruhaan
buruhan
buruhanuddeen
bushra
bushree
bushri
bushry
busree
czarhee
d.
daawood
daoodh
daud
daulath
dawood
dawoodh
dawson
dayyin
dean
deen
dhaain
dhaanish
dhaawoodh
dhammar
dhamsad
dhamsadh
dhanish
dhanmar
dhaood
dhaudh
dhaulath
dhaus
dhavoodh
dhawood
dhawoodh
dhayyan
dhayyin
dhee
dheep
dhie
dhifau
dhifran
dhifshaan
dhihushan
dhilham
dhilshaam
dhilshadh
dhilshan
dhimhaam
dhimnah
dhimyaath
dhimyan
dhinaah
dhinaahu
dhinah
dhiras
dhiyage
dhiye
dho
dhohokko
dhohuththu
dhon
dhonthuththu
dhoonige
dhoshee
dhuhanu
dhunaim
dhunburuvaa
dhunya
dhunyameen
dhunyaz
didi
difraan
dilshaad
dilshad
dilshan
dinah
don
dr
dr.
dr.abdul
dr.abdulla
dr.ahmed
dr.ismail
dr.mohamed
dr.yoosuf
eadhan
eagan
eaman
eamon
eanaas
easa
easaa
eashan
eedham
eehaab
eehab
eejad
eejaz
eelaaf
eelaf
eemaan
eemaaz
eeman
eemau
eemaz
een
eenaaz
eeraaj
eeraj
eesa
eesaa
eesar
eeshan
eevan
eezan
egaz
ehab
eid
eiman
ejaz
elaaf
elaf
elmu
emaan
eman
emaz
emon
enaas
eruzath
esa
eshan
euraaz
evaan
evan
eyman
eynaas
eynas
eysa
eyshadh
ezekiel
ezra
faaid
faaidh
faaig
faaih
faail
faaiq
faaish
faaiz
faaiza
faaizu
faakhiru
faalih
faalihu
faalil
faanu
faarih
faariq
faaris
faarish
faariu
faaroog
faarooq
faarooqu
faathih
faathihu
faathin
faazal
faazil
fadhih
faeez
faez
fahad
fahd
fahdh
fahdhu
fahdhulla
fahdu
faheem
faheema
fahir
fahman
fahmee
fahmiyya
fahmy
fahud
fahudh
fahudhu
fahudhulla
fahudu
fahudulla
fahumee
fahumi
fahumy
fahzan
faid
faidh
faig
faihath
fail
failaan
fainan
fainanu
faiq
fairish
fairoosh
fairooz
fairuz
faisal
faisam
faishaan
faishal
faisham
faishan
faiyal
faiz
faiza
faizaan
faizal
faizam
faizan
faizar
faizu
fakhir
fakhree
fakhry
fakhuree
fakhuru
fakhuruddeen
fakih
fakir
falaah
falaahudhyn
falaaz
falah
falahu
faleel
falih
falil
falilu
falulu
falululla
faneez
faneezu
faraaz
farah
farahath
faraz
fardheem
fardheen
fareed
fareedh
fareeh
fareem
fareen
fareeq
farees
fareesh
fareez
farhaad
farhaadh
farhaan
farhad
farhadh
farhadhu
farham
farhan
farhath
farheen
farhood
farid
farig
farigh
farih
farihan
fariheen
farihu
faril
fariq
faris
farish
fariu
fariyaad
fariyaaz
fariyad
fariyal
fariyash
fariyaz
fariz
faroog
farook
farooq
faroozan
farouk
farouq
farrah
farraz
farrhath
farsaad
farsam
farsan
farseed
farshaan
farshad
farshan
farshath
farsheed
farudheen
farueen
farueenu
farugadh
faruhaad
faruhaadh
faruhaadhu
faruhaadu
faruhaan
faruhaaz
faruhad
faruhadh
faruhadu
faruham
faruhan
faruhanu
faruhath
faruhaz
farukhaan
farusan
farusath
farushad
farushan
faruveez
faruzad
faruzan
faruzeen
farween
faryd
farzad
farzameen
farzan
farzeen
farzoon
fasaah
fasah
fasdulla
faseeh
faseehu
faseel
faseem
faseen
fashir
fasir
fasy
fasyh
fat-hulla
fatah
fath'hee
fath'hulla
fath'hy
fath-hee
fath-hulla
fath-hy
fathaah
fathaahu
fathah
fathahu
fathee
fatheeh
fatheen
fathhee
fathhey
fathhulla
fathhullah
fathhy
fathi
fathif
fathih
fathik
fathim
fathimath
fathin
fathmath
fathoan
faththaah
faththah
faththahu
fathuhee
fathuhi
fathuhu
fathuhulha
fathuhulla
fathuhullah
fathuhullahi
fathuhullo
fathuhy
fathulla
fathullah
fathy
fathyn
fattah
fatuhee
fatuhulla
faulad
fauran
fauxaan
fauz
fauzaan
fauzan
fauzee
fauzi
fauzy
favaaz
favaz
favvaz
fawaaz
fawaz
fawwaaz
fawwaz
fawzaan
fawzee
fawzi
fawzy
fayaaz
fayaz
fayez
fayid
fayyaaz
fayyah
fayyal
fayyaz
fayz
fazaail
fazaal
fazad
fazah
fazail
fazal
fazam
fazeeh
fazeel
fazeela
fazeem
fazeen
fazeenu
fazhad
fazhath
fazheel
fazil
fazin
fazir
fazlath
fazlee
fazleel
fazleem
fazleen
fazlin
fazloon
fazlulla
fazly
fazlyn
fazmee
fazmeel
fazmeen
faznee
fazneen
faznoon
fazoon
fazuhaan
fazul
fazulee
fazuleel
fazuleen
fazumeel
fazumy
fazyl
fazyn
feeroaz
fickury
fifshan
fikree
fikry
fikuree
fikury
finaz
firaag
firaagu
firaah
firaaq
firaas
firaash
firaath
firaaz
firad
firag
firah
firaq
firas
firash
firasha
firass
firaz
firdaus
firdhaus
firdhos
firdhous
firdose
firdous
firnas
firsan
firshaan
firshad
firshan
firsuhan
firudaus
firudhaus
firudous
firunaas
firusan
firushaan
firushad
firushan
firushaom
firuzam
firuzan
firuzul
firzul
fisaah
fisam
fisan
fisham
fishan
fishaveen
fishavin
fiyaaz
fiyaz
fiyaza
fiza
fizaah
fizaal
fizaan
fizaau
fizah
fizal
fizam
fizan
fizar
fizau
fizaz
fiznee
fizny
fraath
fuaad
fuaadh
fuaadhu
fuad
fuadh
fuadhu
fuaz
fuhaid
fuhairath
fuhla
fuhu
fuhu`
fulhu
fulu
furaaz
furath
furaz
furgaan
furqaan
furqan
furugaan
furugan
furuqaan
furuqan
furusaan
furusan
furushan
futha
futhaa
futhu
fuvaadh
fuwaad
fuwaadh
fuwad
fuwadh
fuwaz
fuzool
fwad
gaadheer
gaadhir
gaadir
gaahir
gaaidh
gaalib
gaanith
gaasim
gadeer
gadhagey
gadheer
gadhir
gadhiru
gadir
gaffaar
gaffar
gaffaru
gafoor
gafooru
gahaar
gahhaar
gahir
gahthan
gahuthaan
gahzaam
gaim
gais
gaish
galib
gamaruddeen
gamaruzaad
gamaruzzaman
ganee
ganeem
gani
ganim
gany
gasam
gaseem
gashshaan
gasid
gasim
gasir
gasith
gassaam
gassaan
gassam
gassan
gasshan
gassim
gaveem
gayas
gayoom
gayyom
gayyoom
gazzaafee
gazzad
gazzafee
gazzah
gazzam
geenaan
gfoor
ghaalib
ghaanim
ghaffaar
ghaffar
ghafir
ghafoor
ghafooru
ghaishan
ghaisulla
ghalib
ghaly
ghandhoor
ghanee
ghaneem
ghani
ghanim
ghannam
ghany
gharis
ghashaan
ghashsham
ghashshan
ghassam
ghassan
ghayash
ghazal
ghazaly
ghazwan
ghina
ghithfan
ghiyaas
ghiyas
ghiyash
ghufraan
ghufran
ghusham
ghuzair
gibran
gibthiyya
giniraahi
githureez
giyaas
giyas
giyash
gubaad
gubaath
gubad
gubaid
gubath
guddoos
gudhdhoos
gudhoos
gudhrath
gudhrathulla
gudhurath
gudhurathulla
gudurathulla
gufran
guley
gulfishan
gulshad
gulshadh
gurais
guraish
guraishee
guraishy
guraisy
gurushiyya
gusayyu
haabeel
haadee
haadhee
haadhy
haadi
haady
haafik
haafiz
haaidh
haail
haaish
haajaraa
haajee
haajy
haaly
haam
haamee
haameem
haameen
haamid
haamidh
haamidha
haamim
haamu
haamy
haanee
haani
haanif
haanim
haany
haaris
haarish
haaroon
haary
haashim
haasim
haasir
haathim
haazig
haazim
haaziq
habban
habeeb
habeeba
habeebulla
habeebullah
habeel
habib
habyb
had
hadee
hadey
hadh
hadhee
hadhi
hadhin
hadhiyyathulla
hadhy
hadi
hady
hafeel
hafeez
hafeeza
hafeezu
hafeezul
hafeezulla
haffaf
hafil
hafiz
hafizu
hafsaan
hafsal
hafsan
hafsee
hafsy
hafus
hafzath
haggu
haidar
haidaru
haider
haidham
haidhar
haidharu
haif
haikal
hailam
haiman
hainam
hainum
haisal
haisam
haisham
haishan
haishoom
haitham
haiz
haizam
haizoom
haji
hakam
hakeeem
hakeem
hakym
haleel
haleem
haleema
haleemath
halif
halym
ham
hamaad
hamaadhu
hamaam
hamad
hamadh
hamd
hamdan
hamdee
hamdh
hamdha
hamdhaah
hamdhaan
hamdhan
hamdhee
hamdhi
hamdhooh
hamdhoom
hamdhoon
hamdhu
hamdhulla
hamdhullah
hamdhy
hamdi
hamdiyya
hamdoom
hamdoon
hamdu
hamdulla
hamdullah
hamdun
hamdy
hamee
hameed
hameedh
hameel
hameem
hameen
hameesh
hameez
hamid
hamida
hamidh
hamidhu
hamimm
hamis
hamiz
hammaad
hammaadh
hammaadhu
hammaaz
hammad
hammadh
hammadhu
hamman
hammood
hamoodh
hamooz
hamraau
hamroosh
hamsath
hamsheed
hamy
hamyd
hamyx
hamza
hamzaa
hamzaadhu
hamzaan
hamzah
hamzan
hamzath
hamzathulla
hamzeel
hamzil
hamzoon
hanaam
hanaan
hanafee
hanafy
hanam
hanan
hanee
haneeef
haneef
haneen
haneesh
haneez
hani
hanif
hanim
hanin
hanis
hannad
hannadh
hannan
hanoon
hanoosh
hanson
hany
hanyph
haqqu
hardy
hareef
hareera
harees
haris
harish
hariyya
haroon
hasaan
hasan
haseeb
haseeba
haseebulla
haseed
haseef
haseem
haseen
haseena
haseenu
hasees
hasen
hasfaan
hasham
hasheesh
hashif
hashim
hashir
hashiru
hashm
hashmath
hashsham
hasib
hasim
hasima
hasir
hasnaan
hasnain
hasoon
hasoona
hasrath
hass'aan
hassaam
hassaan
hassaanu
hassam
hassan
hassange
hassanul
hasshan
hassoon
hasyb
hath
hathib
hathif
hathim
haulath
hauzaan
hauzan
hawwa
hayaan
hayaath
hayath
hayyan
hayyu
hazaar
hazar
hazif
hazim
hazin
haziq
hazleem
hazmath
hazrath
hazrathulla
hazurath
hazyl
hhmed
hibban
hid
hidaayathulla
hidad
hidayath
hidayathulla
hidhayathulla
hifaaz
hifaz
hifzul
hijaan
hijaaz
hijaz
hikal
hikmath
hilaal
hilal
hilmaan
hilman
hilmee
hilmi
hilmy
himad
himaya
himyan
hindam
hindaz
hinde
hindham
hirufaan
hisaam
hisaan
hisaanu
hisam
hisan
hishaam
hishaan
hisham
hishan
hishmath
hissaan
hissan
hithaam
hiyan
hiyaz
hizam
hizbulla
hokko
hood
hoodh
hoodhu
hubaabu
hubaau
hubab
hubayrath
hubooru
hudha
hudhaib
humaam
humaid
humaidh
humaidhu
humail
humain
humainee
humainy
humair
humaiz
humam
humama
humayd
humood
humoodh
hunaif
hunaifath
hunain
hunais
hunaish
husaam
husaan
husain
husam
husamin
husein
hushaam
hushaan
hushad
hushaim
husham
hushamath
hushamin
hushan
husnee
husney
husnu
husny
husran
hussaan
hussain
hussan
hussein
hussen
hussian
husssain
hutha
huththu
huthu
huza-ath
huzaa-ath
huzaal
huzaam
huzaamath
huzaif
huzaifath
huzail
huzaim
huzaimath
huzair
huzal
huzam
huzamath
hybath
hyder
hydher
hykal
hylum
hysham
hytham
iaad
iaan
iad
ian
ibaad
ibaadh
ibaadhulla
ibaadulla
ibaadullah
ibad
ibadh
ibadhulla
ibadulla
ibadullah
ibarahim
ibarhim
ibhaam
ibham
ibnisee
ibr
ibraahim
ibrahiim
ibrahim
ibrahin
ibrahm
ibraz
ibreez
ibthisaam
ibthisam
ibthishaam
ibthisham
ibunithasiu
iburahim
iburath
idam
idhaam
idham
idhhaam
idhrees
idhuhaam
idhuham
idhurees
idhuris
idrees
idris
idrys
ifaadh
ifaan
ifaas
ifaashath
ifaaz
ifah
ifaq
ifas
ifash
ifashath
ifaz
iffan
iffath
ifhaam
ifham
iflah
ifnad
ifnaz
ifraah
ifradh
ifrah
ifran
ifreen
ifsaan
ifsad
ifsah
ifshan
ifthihar
ifthikhar
ifthisam
ifthishan
ifwan
ifzal
igbaal
igbal
igleem
igmal
ignaad
ignaaz
ignaz
ihab
ihfal
ihmad
ihmas
ihsaam
ihsaan
ihsam
ihsan
ihsanudheen
ihshaan
ihshad
ihshan
ihthisaam
ihthisam
ihthisham
ihudhaulla
ihumeem
ihusaan
ihusaanu
ihusaanulla
ihusan
ihusana
ihushaan
ihushan
ihuthisaam
ihuthisam
ihuthisham
ihwan
ijaad
ijaaz
ijaz
ijazulla
ijlaal
ijlal
ijleel
ijthihad
ijuan
ijulaal
ijulalu
ijuthiaan
ijwan
ikhlau
ikhmeem
ikhuvan
ikhuvath
ikhuwan
ikhwaj
ikhwan
ikhzaan
iklal
ikleel
ikraam
ikram
ikshan
ikuleel
ikuneez
ikuram
ikurim
ilaj
ilhaad
ilhaam
ilhaar
ilhaaz
ilham
ilhamee
ilhaz
iliyas
ilm
ilmau
ilmeen
ilthimas
ilwaan
ilwan
ilyaas
ilyas
ilyasau
ilzam
ima'an
imaad
imaadh
imaadhu
imaadhudheen
imaalu
imaam
imaan
imaaz
imad
imadh
imadhu
imadhuddin
imadhudheen
imaduddeen
imadudheen
imadulla
imal
imam
iman
imaz
imboden
imdaad
imdaadh
imdaadulla
imdaah
imdad
imdah
imdaz
imdhaad
imdhaadh
imdhaah
imdhad
imdhadh
imdhah
imjaad
imjad
imjadh
imlaag
imlaaq
imlag
imlaq
imraan
imrah
imran
imraz
imsaad
imsaah
imsaaz
imsan
imshaan
imshaaz
imthaad
imthaz
imthihaz
imthinan
imthisal
imthishal
imthithou
imthiyaaz
imthiyaz
imyaan
imyadh
imyan
imyaz
in-aam
inaad
inaadh
inaan
inaas
inaash
inaashaa
inaayath
inaayathu
inaayathulla
inaayathullah
inaaz
inad
inadh
inah
inahu
inan
inas
inash
inax
inayath
inayathulla
inayathullah
inaz
inazu
infaaz
infas
infaz
infithah
infiyaz
ingiyaad
injaaz
insad
inshaadh
inshal
inshau
inthif
inthigab
inthikab
inthikhab
inthiyaaz
inthiyaz
invaz
inwaan
inzaan
iqbaal
iqbal
iqleel
iqnaz
iqubaal
iqubal
iraadathulla
iras
irash
irasha
irbaz
irfaan
irfan
irfaq
irfath
irham
irhas
irmeen
irshaad
irshaam
irshad
irshadh
irsham
irshan
irthiyah
iruaam
irubal
irudhadh
irufaah
irufaan
irufaau
irufal
irufam
irufan
irufath
iruhaaf
iruhaan
iruham
iruhas
irumeen
irusan
irushaad
irushaadh
irushaadhu
irushaam
irushaan
irushad
irushadh
irushadhu
irushadu
irushan
irushau
is-haaq
isaac
isaam
isaan
isaanu
isaf
isam
isamil
isan
isar
isfaau
isfag
ishaad
ishaadh
ishaag
ishaagu
ishaam
ishaan
ishaanu
ishaaq
ishaar
ishaaru
ishaath
ishaau
ishag
ishal
isham
ishan
ishanu
ishaq
ishar
ishau
ishbah
ishfaag
ishfaaq
ishfaau
ishfaf
ishfagu
ishfah
ishfan
ishfaq
ishgal
ishhad
ishmael
ishnaan
ishraq
iskandhar
islah
islam
isleen
ismaah
ismaail
ismaeel
ismaiel
ismail
ismath
ismudheen
isneen
isnin
isoam
isra
israau
israj
israq
israr
issaad
isthafa
isthafaa
isthiyag
isthiyaz
iswan
ithoath
iththizam
iujaaz
iujaz
iulaam
iulam
iumal
iumaz
iuthimadh
iuthiman
iuthisaam
iuthisam
ivaan
ivaanu
ivan
iwaan
iwad
iwaz
iyaad
iyaadh
iyaan
iyaas
iyaash
iyaaz
iyad
iyadh
iyan
iyas
iyash
iyaz
iyran
iyyaz
iz'aan
iza'an
izaadhy
izaam
izaanath
izaj
izakiel
izam
izan
izdhan
izfahaan
izhaam
izhaan
izham
izhan
izlaal
izlag
izman
izmeel
izmeem
izmeen
izmir
izmyl
izneen
izuaan
izuan
izudhaadh
izudhihar
izuhaan
izum
izumeen
izunad
izuvaan
izuwan
izzadeen
izzadheen
izzath
izzathulla
izzu
izzudheen
jaabir
jaadh
jaadhee
jaadhulla
jaadhullah
jaadulla
jaadullah
jaah
jaahu
jaamin
jaamiu
jaamiz
jaan
jaanshah
jaarulla
jaasim
jaaved
jaaveed
jaaveedh
jaaveedhu
jaavid
jaavidh
jaaweed
jaaweedh
jaawid
jabah
jabeen
jabir
jabiru
jabran
jabreen
jadheed
jadhuan
jadhulla
jadulla
jadullah
jaffer
jafiu
jaheen
jahhaz
jahudhan
jahush
jailab
jailam
jaisam
jaish
jaisham
jaishan
jaiz
jalaal
jalaalu
jalal
jalalath
jaleel
jalwan
jalyl
jamaal
jamaan
jamal
jameel
jameela
jameen
jamhar
jamharu
jamhath
jamhaz
jamin
jamiu
jamiz
jamsaad
jamsaadh
jamsad
jamseed
jamshaad
jamshaadh
jamshad
jamshadh
jamshah
jamshath
jamsheed
jamsheedh
jamshood
jamyl
jana
janaah
janaan
janah
janeedh
janeez
janiz
jannath
jardhaan
jareer
jarullah
jarviz
jasheem
jasim
jasir
jaud
jaudath
jaudhulla
jaufar
jaufaru
jauhar
jauharee
jauhary
jaulan
jaushan
jauson
jauza
jauzee
javaad
javaadh
javaadhu
javaadhulla
javaaz
javad
javadulla
javan
javed
javeed
javeedh
javeez
javid
javidh
javiz
javshan
javydh
jawaad
jawaadh
jawad
jawadh
jawaz
jaweed
jaweez
jawfaru
jawhary
jawid
jawidh
jawish
jawiz
jawwaaz
jawz
jayashan
jazeel
jazlaan
jazlan
jazmeel
jazmeen
jazuaan
jazulaan
jazulaanu
jazulan
jeehaan
jeehan
jeel
jeelan
jeeshad
jemeen
jeneeh
jeneem
jeneez
jenifaa
jibraan
jibreel
jihaad
jihaadh
jihaan
jihaar
jihad
jihadh
jihadhu
jiham
jihan
jihar
jilaau
jilan
jilbaya
jiliyan
jilwaaz
jilwaz
jimaah
jimad
jimah
jiman
jimee
jimreez
jimshad
jinaad
jinaah
jinaan
jinad
jinadh
jinah
jinahu
jinan
jinanu
jinas
jinau
jinaz
jivaaz
jiyaad
jiyaadh
jiyaaz
jiyad
jiyadh
jiyam
jizwan
johnston
joodh
joodu
joozeen
jubair
jubraan
jubran
julood
jumaan
jumaid
jumaih
jumail
juman
jumayyil
jumran
junaadhu
junad
junadh
junadhu
junah
junaid
junaidh
junaih
junaihu
junain
junainu
junaiz
junan
jundh
jundhab
jundulla
juneez
juraaz
jurushoom
juwaid
juweyz
juzual
k.
kaamil
kaarim
kairu
kaisan
kal
kalaam
kaleem
kaley
kaleyfaan
kaleyfaanu
kaleyfan
kaleyge
kaleygefaanu
kalhu
kalhuthuththu
kalo
kaloa
kamaal
kamal
kamaldeen
kamaluddeen
kamaludeen
kamana
kamanaa
kameel
kamil
kamlaag
kandi
kanneli
karam
kareem
kashif
kaub
kausar
kausaru
kausharu
kekkulha
kerafa
khaaf
khaalid
khaalidh
khaaliq
khaalis
khaathim
khaazim
khabeer
khadeeja
khadhdhaam
khadheeja
khaibar
khaif
khair
khairee
khairulla
khairy
khaisham
khaizar
khalaf
khaleefa
khaleel
khaleelurrahman
khaleem
khalfaan
khalid
khalida
khalidh
khalig
khaliq
khalis
khamees
khareef
khasheen
khashiu
khatheer
khathim
khathir
khathman
khathoub
khaththab
khayyam
khilath
khizam
khoorsheed
khoorshid
khooru
khulaid
khulail
khumainee
khumainy
khuminee
khunais
khusaam
khusam
khusamath
khusham
khushan
khushruwan
khussan
khuvailadh
khuvailath
khuvailid
khuwailid
khuzafath
khuzaif
khuzaifath
khuzaifathulla
khuzaimath
khuzaimathu
khuzaimathulla
khuzam
kifaah
kifayath
kinaan
kinaanath
kinaayath
kinan
kinanath
kiram
kisan
kishan
koi
kokko
koli
kuda
kudahuththu
kulsham
kumail
kurik
laamir
labeeb
labeed
labeedh
labeeg
labeegu
labeen
laheef
lahfan
lahufan
lahuzam
lais
laish
laisham
laith
lalith
lamaan
lamath
lameer
lamhath
lamir
lamrath
lamu
langaru
lareef
lashan
lassan
latheef
latheefa
lathyf
latif
latiff
lauh
lausam
layaagath
layal
layaqath
lazzath
leejaaz
leeman
leeneen
leevan
leevin
lha
lhafeer
lhahuththu
lhahuthuthu
lhamir
lhamrath
lhareethi
lhathuththu
lhofir
lhuhoor
lifag
lifau
lihaaz
lihaz
lilaal
lilal
limaam
limaan
limaz
limran
limshad
linaf
liraar
liraaru
lirar
liraru
lirgaam
lirgam
lirgham
liruaam
lirugaam
lirugam
lirugham
lirusaan
lirushad
lisaan
lisam
lisan
lishaadh
lishaan
lisham
lishan
liusaad
liusaan
liusad
liusadh
liusan
liushaadhu
liushaan
liushad
liushadh
liushan
livaz
liwaz
liyaa
liyaan
liyaau
liyagath
liyah
liyau
liyaurrahman
liyaz
liyushad
lizaan
lizam
lizan
lizaz
lizneen
loamir
loeef
lofir
lomir
lomo
lomrath
loosan
loosiyan
looth
loozee
lorar
loreef
loutfi
luayyu
luayyubu
lubaab
lubaabu
lubaan
lubab
luban
lubanath
lufsaan
lufsan
lufshan
lugmaan
lugmaanu
lugman
lugmanu
lugumaan
luguman
luha
luham
luhan
luhusan
luhushaan
lujain
lujuin
lulu
luqman
lushan
lutfi
lutfy
luth
luthfee
luthfi
luthfy
luthufee
luthufi
luthufy
luveiz
luwaiz
m
ma
ma'aad
ma'aadh
ma'aakif
ma'aash
ma'adh
ma'ruf
ma-adhdhu
ma-azullah
maa-iee
maaddu
maadee
maadhdhu
maadhi
maadhih
maadhihu
maadhu
maadhy
maadih
maah
maahee
maaheen
maahid
maahidh
maahidhu
maahin
maahir
maahiru
maahu
maahy
maaidh
maaif
maail
maain
maais
maaish
maaiz
maajid
maajidh
maajidhu
maakun
maal
maalik
maan
maanih
maaniu
maas
maash
maashy
maasihu
maathin
maayal
maaz
maazif
maazin
mabah
mabandeyri
mabrook
mabrooq
macky
madadulla
maddah
maddhah
madeeh
madeeha
madeehu
madeen
madhah
madhaniyyu
madhdhu
madheeh
madheeh'shaarif
madheen
madhhoon
madhih
madhihu
madhin
madhoon
madhulla
madhy
madhyan
madhyh
madih
madin
maduhulla
maduvvary
maeedh
maeen
maeesh
maesaan
mafaaz
mafawiz
mafaz
mafhoom
mafrah
mafroog
mafrooh
mafthooh
mafuhoom
magdhim
magsad
magsadh
magsood
magsoom
magusadh
mahaalir
mahafooz
mahamood
mahamoodh
mahasin
mahatheer
mahatheeru
mahathir
mahaz
mahdee
mahdhee
mahdhoom
mahdhoon
mahdhy
mahdi
mahee
maheedh
maheedhu
maheel
maheen
mahees
mahfooth
mahfooz
mahfoozul
mahi
mahid
mahidh
mahidu
mahil
mahin
mahir
mahis
mahish
mahjeed
mahjoob
mahjoom
mahloof
mahloom
mahmood
mahmoodh
mahmoon
mahraan
mahran
mahreen
mahroos
mahroosh
mahrooz
mahshoodh
mahsil
mahsoodh
mahsoos
mahthoom
mahudee
mahudhee
mahudhy
mahudy
mahufooz
mahujabu
mahumood
mahumoodh
mahureen
mahushoodh
mahusoom
mahuzam
mahuzoom
mahzoom
mahzoon
maif
maikal
mailan
mailu
maimoon
maimoona
maink
mais
maisal
maisam
maisan
maisarath
maish
maisha
maishan
maisoon
maiz
maizan
majbood
majdee
majdhee
majdhy
majdulla
majdy
majeed
majeedh
majid
majidh
majidhu
majidu
majudee
majudhaan
majudhee
majudhu
majudulla
majudy
majyd
majydh
makaarim
makarim
makhloof
makhthoom
makhuthoom
makhzoom
makif
makram
makthoom
malaah
malaaz
malah
malash
malax
malaz
maldhan
maleeh
malik
maliku
malin
mallaa
malsoon
mamdhan
mamdhood
mamdhoodh
mamdhooh
mamdhoohu
mamdhoon
mamdhuh
mamdood
mamdooh
mamdoon
mamnooh
mamnoon
mamshoog
mamshooq
manaaf
manaam
manaan
manaas
manaf
manal
manar
mandhoof
maneeu
mani
manih
manik
manika
manikaa
manike
manikfaan
manikfaanu
manikfan
maniku
manikufaan
manikufaanu
manikufan
manil
maniu
mannaan
mannan
mannanu
mannau
manshoog
mansood
mansoor
manthooh
manuel
manzooh
manzoom
manzoor
maoon
maooz
maqbool
maqsadh
maqsoodh
mareena
mareer
marfoou
marif
marikar
marish
mariya
mariyam
marsheed
marsoom
marufoou
marusoom
maruzoog
maryam
marzoog
marzooq
mas'udh
masaaidh
masaam
masbooq
masdhoog
masdhooq
masdoog
masdooq
maseeh
mash
mash-hood
masheeu
mashhood
mashid
mashir
mashkoor
mashood
mashoodh
masid
masih
masith
maslamath
masnoom
masnoon
masood
masoodh
masoodhu
masoon
masrah
masroof
masroog
masrooh
masroor
massood
massoodh
massud
masthooq
masthoor
masuood
masuoodh
masuoodhu
matheen
matheenu
mathiu
mathloob
mathyn
mauboodh
maubool
maudhee
maufooz
maugal
maujood
maujoodh
maul
mauloof
mauman
maumoom
maumoon
maumoor
mauoon
mauooz
mauoz
maurif
maurish
mauroof
mauroos
mauruf
mausaz
maushoog
maushooq
mausim
mausood
mausoof
mausool
mausoom
mausooma
mausoor
mauthoof
mauthooq
mauveen
mauween
mauz
mauzam
mauzoom
mauzoon
mawadh
mawaz
mayiz
mazaahim
mazahim
mazar
mazeed
mazeedh
mazeeh
mazeen
mazeez
mazham
mazhar
mazharu
mazhoor
mazih
mazim
mazin
maziq
mazkoor
mazlam
mazlan
maznee
mazuhab
mazuhar
mazuharu
mazuharudeen
meeaadh
meead
meekaeel
meekail
meeladh
meeran
meesaag
meesaaq
meesam
meesaq
meeshag
meezaad
meezad
meezadh
meezan
mehereen
mehreen
mervyn
miaaz
miad
mibsaam
mibsam
mibsham
mibusam
michael
midh
midhaah
midhah
midhath
midhathulla
midhhath
midhshaah
midhuam
midhuhath
midhulaah
midshaan
miduhath
mifathah
mifdad
mifraah
mifrad
mifradh
mifrah
mifraz
mifseel
mifsil
mifthaah
mifthah
mifthahu
mifzaal
mifzaan
mifzal
migdad
migdadh
migdam
migdhaad
migdhaadh
migdhaadhu
migdhaam
migdhaar
migdhad
migdhadh
migdham
miglal
migsaad
migsaadh
migudad
migudhaadh
migudhad
migudham
miguwam
mihaad
mihaadh
mihaal
mihad
mihadh
mihaz
mihfaz
mihsa
mihsaan
mihsan
mihujahu
mihureen
mihusaan
mihusan
mijadh
mijadhu
mijwaadh
mikaeel
mikail
milhan
mimdhah
mimhaad
mimnah
mimrah
minaam
minah
minan
minaz
mindheel
minhaaj
minhaal
minhaj
minhaz
minnam
minsar
minshad
minshar
minthaz
minvaal
miqdad
miqdhaadh
miqdhad
mir
miraah
miraaz
mirah
miras
miraz
mirfaan
mirfan
mirfaq
mirfath
mirnan
mirsaad
mirsaal
mirsaam
mirsad
mirsadh
mirsal
mirshaadh
mirshadh
mirsham
mirshan
miruhan
miruqaan
mirusaal
mirusad
mirusal
mirusam
mirusan
mirushaadh
mirushaam
mirushad
mirushadh
mirusham
mirushan
miruwad
miruza
miruzan
mirza
mirzaaq
mirzad
mirzag
mirzaq
misaah
misal
misbaah
misbaahu
misbah
misbahu
misdhag
misdhaq
misfaag
misfah
misfir
misha'l
mishaal
mishad
mishal
mishan
mishaq
mishfaag
mishfaau
mishma
mishreeg
mishreeq
mishthaq
mishwaar
misk
miskeen
mismar
misr
misree
misru
misthah
misthoh
misthohu
mithiyah
miudhan
miuraj
miusad
miusam
miushaad
miushaalu
miushad
miusham
miushar
miuthaf
miuvaan
miuwaan
miuwan
miuzam
miyaadh
miyaamin
miyad
miyamon
miyan
miyaz
miz-an
mizal
mizan
mizfah
mizhan
mizhar
mizhath
mizmadh
mizneen
mizuhan
mizyaal
mizyaana
mizyal
mizyan
mmohamed
moahmed
mohamad
mohamadh
mohamd
mohamed
mohammad
mohammed
mohammedh
mohamood
mohmaed
mohmed
mooa
moobeen
moofiz
moogil
moomin
moomina
moominu
moonis
mooosa
moosa
moosal
mooshan
moosir
moothamine
moumin
mouthamid
mu
mu'thasim
mu-uthasid
mu-uthasim
muaad
muaadh
muaamaru
muaan
muaanis
muaaviath
muaaviyath
muaaviyathu
muaaviz
muaawiyath
muaaz
muaazu
muad
muaddu
muadh
muaf
muahid
muaiviz
muallim
muam
muamman
muammar
muammaru
muammin
muammir
muan
muanis
muash
muaththaru
muaviath
muavin
muaviyath
muaviz
muawiath
muawin
muawiyath
muawwaz
muawwiz
muawyath
muax
muayyad
muayyadh
muayyid
muaz
muazallah
muazu
muazuddeen
muazzam
muazzin
muazzu
mubaah
mubaarak
mubaarik
mubaarique
mubaariz
mubaashir
mubah
mubahu
mubarak
mubaric
mubarik
mubashir
mubashshir
mubasir
mubassim
mubassir
mubayyl
mubeen
mubsim
mubthada
mubthasim
mubuthasim
mubyn
muddasir
muddheen
mudhaafiu
mudhdhassir
mudhurikath
mudrikath
mueed
mueedh
mueedhu
mueen
mueenuddeen
mueenudheen
mueesh
mueez
mufarrih
mufassir
mufaviz
mufeed
mufeedh
mufeeh
mufeez
mufhim
muflih
mufliha
muflil
mufrah
mufrih
mufshir
mufthaah
mufulih
mugawwim
mugeem
mugeeth
mughnee
mughni
mugunee
mugusith
muguthafa
muha
muhaasin
muhaaz
muhaazam
muhaddis
muhaiman
muhaimin
muhaiminu
muhajir
muhallil
muhamed
muhammad
muhammadh
muhammadhu
muhammed
muhamy
muhannad
muhannadh
muharrim
muhavin
muhaz
muhdhaadh
muhdin
muheen
muheeth
muheeyudheen
muhiddeen
muhidheen
muhiyudeen
muhsin
muhsinu
muhthaar
muhthadha
muhthaz
muhudhin
muhujath
muhushadhu
muhusin
muhusina
muhusinu
muhusiyu
muhuthaar
muhuthaaz
muhuthad
muhuthar
muhuthashim
muhuthaz
muhyiddeen
muiz
muizz
muizzi
muizzu
muizzudhujaan
muja
mujaah
mujaahid
mujaahu
mujadh
mujah
mujahid
mujahu
mujaz
mujeeb
mujthaba
mujthabaa
mujthaz
mujuthaaz
mujuthaba
mujuthabaa
mujuthahidh
mujuthaz
mukarram
mukashif
mukhlis
mukhtar
mukhthaar
mukhthaaru
mukhthab
mukhthaba
mukhthar
mukhtharu
mukhulis
mukhutar
mukhuthaar
mukhuthaaru
mukhuthar
mukhutharu
mukuriya
mukuthafee
mulag
mulail
mular
mularu
mulaz
mulim
muluhiru
mumahad
mumajjad
mumal
mumdhoodh
mumdhooh
mumeeth
mumin
mumith
mumjid
mummthaz
mumshid
mumsik
mumtaz
mumthaaz
mumthahaaz
mumthahaz
mumthaz
munaadh
munaafis
munaam
munaaz
munad
munadh
munadi
munadis
munah
munajjee
munajjim
munajjimu
munam
munavvar
munavvaru
munawar
munawaru
munawwar
munawwaru
munaz
munazil
munazzim
muneeb
muneef
muneem
muneer
muneera
munees
muneez
munfiz
mungiz
munhid
munim
munimu
munish
munji
munjid
munjidhu
munjih
munnavvaru
munnawwar
munnim
munshee
munshid
munshith
munshiu
munsif
munsih
munsir
munsiu
muntahaz
munthaha
munthaqim
munthasim
munthasir
munthasiru
munthaz
munthazim
munthif
munyz
munzim
munzir
muqusith
muraad
muraadh
muraadhu
murad
muradh
muraz
mureedu
murrath
murshid
murshidh
murthala
murthalo
murthaza
murufaad
murusee
murushid
murushidh
muruthaal
muruthala
muruthalaa
muruthalh'a
muruthalha
muruthallo
muruthalo
muruthaloa
mus'ad
mus-ab
mus-id
musaafir
musaaidh
musaaif
musab
musad
musadh
musadhdhiq
musaf
musaffaa
musahir
musaid
musaidh
musalih
musannif
musavvar
musavviru
musawwir
musdhiq
museedhu
musfir
mush
mush-al
mush-had
mush-hadh
mush-hid
mush-hidh
mush-il
mushaaid
mushaaidh
mushab
mushaf
mushaffau
mushahid
mushahir
mushaid
mushal
mushamin
mushan
musharraf
musharrif
mushayyir
musheer
mushfau
mushfig
mushfiq
mushid
mushil
mushmir
mushrif
mushrih
mushtag
mushtaq
mushthaaq
mushthag
mushthanfiz
mushthaq
mushtharshid
mushthaz
musid
muslif
muslih
muslihu
muslim
musnad
musnadh
musnaf
musnim
musrif
mussab
mussad
mussaffir
mussavir
mustafa
mustapha
mustha
musthaag
musthaaq
musthad
musthaeen
musthafa
musthafaa
musthafeed
musthafeez
musthag
musthageem
musthahsin
musthain
musthansir
musthapha
musthaq
mustharshid
mustharusidhu
musthaumid
musthausim
musthaz
musthfa
musthofa
musthopha
muthaalib
muthaau
muthafa
muthalib
muthamin
muthanazim
muthasil
muthasim
muthau
muthaz
muthee
mutheeu
muthohar
mutholib
muthrib
muththalib
muththolib
muthuim
muttalib
muumar
muuthasim
muvaz
muwahhid
muwazzin
muzaah
muzafar
muzaffar
muzaffaru
muzah
muzahim
muzaini
muzamilu
muzammil
muzanmil
muzar
muzayyan
muzeef
muzeen
muzhid
muzhin
muzhir
muzhiru
muzillu
muzlif
muzmiu
muznee
muzni
muzuhidhu
muzuhin
muzuhiru
muzulif
muzuna
muzunee
muzuneen
muzuni
muzzamil
muzzammil
my'saan
myraaz
myz
n.
n.th.ahmed
naadhee
naadim
naafah
naafiu
naafiz
naagyth
naah
naahee
naahi
naahid
naahidh
naahil
naahiz
naahy
naaid
naaidh
naaif
naaih
naail
naailu
naaim
naaish
naaiz
naajee
naajidhu
naajih
naajil
naajy
naasad
naasah
naasee
naashid
naashidh
naashith
naashiz
naasid
naasif
naasih
naasik
naasir
naasiru
naathig
naavee
naavy
naayil
naaz
naazaad
naazif
naazihu
naazil
naazim
naazir
naazumee
nabaah
nabaan
nabaath
nabah
nabahu
nabeeh
nabeehu
nabeel
nabeeu
nabhan
nabil
nabit
nabith
nabuhan
nabyl
nadeef
nadeeh
nadeem
nadeemuddeen
nadhaal
nadheeb
nadheef
nadheeh
nadheem
nadheeru
nadhees
nadhih
nadhim
nadhir
nadhiya
nadhuman
nadhvy
nadhym
nadir
nadvee
nadym
nae'em
naeef
naeem
naeemuddeen
naees
nael
nafaan
nafaaz
nafaz
nafeeg
nafeeh
nafeel
nafeelu
nafees
nafeeu
nafeez
naffah
naffaz
nafhath
nafi
nafih
nafil
nafiu
nafiz
nafleez
nafraah
nafroos
nafsath
nafsheeh
nafzaah
nageeh
nageeth
nagil
nagis
nagith
nagy
nah
nahaas
nahee
naheed
naheef
naheel
naheez
nahid
nahida
nahidh
nahidha
nahin
nahiz
nahlan
nahook
nahsal
nahsan
nahshal
nahudh
nahudhy
nahudu
nahufal
nahusam
nahushaan
nahushad
nahushadh
nahushal
nahushan
nahuyaan
nahuyan
nahuzad
nahuzan
nahuzar
nahvi
nahyaan
nahyan
nahyk
nahyn
naid
naidh
naif
nail
naila
naim
naiph
nais
naisam
naisar
naish
naiz
naizoon
naja
najaabath
najaaf
najaah
najaahulla
najah
najath
najdh
najee
najeeb
najeebulla
najeeh
najeel
najeem
najeeu
najeeullah
naji
najid
najidh
najih
najim
najiz
najlaau
najma
najmee
najmeed
najmeen
najmi
najmuddeen
najmudhdheen
najmul
najmy
najoodh
najum
najumee
najumulla
najumy
najwan
nakheem
nakhyaan
nala
naleef
naleem
naleez
namee
nameeu
nameez
namidh
namil
naraz
nareesh
nareeshu
naresh
naris
nasaah
nasaahu
nasaath
nasaee
nasah
nasam
naseeb
naseed
naseedh
naseef
naseeh
naseehu
naseekh
naseel
naseem
naseema
naseer
naseera
naseeth
nasfaan
nasfah
nash'ath
nash-ath
nash-hath
nashaagu
nashaah
nashaam
nashaath
nashad
nashadh
nashah
nasham
nashath
nashathath
nasheed
nasheeda
nasheedh
nasheedha
nasheedhy
nasheeh
nasheel
nasheeth
nasheeu
nashfa
nashfan
nashid
nashidh
nashif
nashih
nashik
nashim
nashima
nashith
nashiu
nashiz
nashmee
nashooh
nashraah
nashraf
nashrah
nashreen
nashrif
nashshah
nashwaan
nashwan
nashyan
nashydh
nasid
nasidh
nasif
nasig
nasih
nasiha
nasihu
nasihuddeen
nasik
nasim
nasir
nasiru
nasiu
nasiyya
naskhulla
naslu
nasooh
nasooha
nasr
nasra
nasraaz
nasraf
nasrah
nasrath
nasreeh
nasreem
nasreen
nasreena
nasru
nasruddeen
nasruddin
nasrudheen
nasrul
nasrulla
nasrullah
nasrunnaeem
nasrussalah
nassar
naswaan
naswan
naswath
nasyh
nasym
nasyr
nathaf
natheem
nathif
nathig
nathij
nathiq
nauf
naufaaz
naufal
naufalu
naufaq
naufaz
nauhad
nauhadh
naurif
nausaad
nausaan
nausad
nausadhu
nausaz
naushaad
naushaadh
naushaadhu
naushad
naushadh
naushadhu
naushal
naushan
naushaz
nausheed
nausheer
naushood
nauzal
navaal
navaaz
navaim
naval
navas
navaz
naveedh
naveel
naveen
naveesh
naveez
navin
navvaru
navvir
navy
nawaaf
nawaah
nawaal
nawaas
nawaaz
nawab
nawaf
nawah
nawal
nawalul
nawau
nawaz
naweed
naweel
naween
naweez
nawfal
nawil
nawwaf
nawwar
nawwir
nawwiru
naxeem
naxim
naxyr
nayasheen
nayaz
nayif
nayil
naym
naz
nazaalu
nazah
nazal
nazan
nazar
nazeed
nazeef
nazeeh
nazeekh
nazeel
nazeem
nazeer
nazhathuhzzaman
nazheel
nazheen
nazid
nazif
nazih
nazil
nazim
nazima
nazin
nazir
nazish
naziu
nazlee
nazleem
nazleen
nazmee
nazmeel
nazmeen
nazmi
nazmy
nazraana
nazrath
nazuhath
nazum
nazumee
nazurath
nazwaan
nazwan
nazwar
nazween
nazyd
nazym
nazzam
neeman
neerain
neeraj
neesaam
neesam
neeshadh
neesham
neeshan
neeshar
neeth
neeveen
neevin
neeween
neezaad
neezaadh
neezad
neezadh
neezan
niaam
niaf
niam
niazy
nibaal
nibras
nidhaam
nifaau
nifaaz
nifah
nifal
nifan
nifar
nifau
nifaz
nifleen
nifsaadh
nifsaan
nifsal
nifsan
nifsha
nifzal
nigaf
nihaad
nihaadh
nihaal
nihaam
nihaan
nihaaz
nihad
nihadh
nihadhu
nihaj
nihal
niham
nihan
nihas
nihayath
nihaz
nihreer
nihureer
nihzaaz
nijah
nijhath
nikhath
nikleen
nilaam
nilam
nilash
niliam
nilmal
nilsham
nimaad
nimaal
nimaalu
nimaaz
nimad
nimadhu
nimal
niman
nimaz
nimreeh
nimthaz
ninaaz
niraas
nirash
nirsiyan
nirufaam
nirugham
nirumal
nirushaam
nirushad
nisa
nisaa
nisaah
nisaam
nisad
nisah
nisam
nisan
nisar
nisath
nisbah
nisfah
nisfan
nisfath
nisfulla
nishaad
nishaadh
nishaal
nishaam
nishaan
nishaar
nishaaru
nishaath
nishad
nishadh
nishaf
nishag
nishah
nishahu
nishal
nisham
nishaman
nishan
nishand
nishar
nishat
nishath
nishau
nishaz
nishfan
nishiyam
nishreen
nishthar
nishvaan
nishwadh
nishwan
nishwath
nisthar
nisvaan
niswan
nisyaan
nisyan
niufal
niuma
niuman
niumathulla
niusaad
niusaadh
niusad
niushaad
niushaadh
niushaan
niushad
niushadh
niushadhu
niushal
niusham
niushan
niushau
niushaz
nivaan
nixam
niyaam
niyaaz
niyad
niyaf
niyal
niyam
niyaman
niyas
niyaz
niyazy
nizaal
nizaam
nizaar
nizah
nizal
nizam
nizama
nizamuddeen
nizan
nizar
nizaru
nizdee
nizdhy
nizeem
nizhaan
nizleen
nizmeen
niznee
nizuham
nizvaan
nizvy
nizwan
nizween
nooh
noohu
noomaan
nooman
noor
nooraddeen
nooraddin
nooradeen
nooradhdheen
nooradheen
noorahdeen
noorahdheen
noorain
noorany
noorassaba
noordeen
nooree
noori
noorie
noorish
noorshan
nooru
noorul
noorulla
noorullah
noorunnabeel
noorunnizam
noorusaadh
noory
noosaan
nooz
noozan
norbert
nouhad
nu'umaan
nuaim
nuaimaan
nuas
nuash
nuaz
nubai
nufail
nuha
nuhaad
nuhaadh
nuhaan
nuhad
nuhadh
nuhaiz
nuham
nuhaz
nujaimi
null
numaan
numan
nusair
nusooh
nusrath
nusree
nuwaidh
nuzaif
nuzair
nuzool
nuzrath
nuzufath
nuzuha
nuzuhath
omar
omer
paruveez
pasha
phairoosch
piana
qaadhir
qaasim
qadhir
qadhiru
qadir
qafoor
qainaan
qais
qaisar
qalib
qamaruzzaman
qanee
qani
qasim
qassan
qayoom
qayyoom
qubath
qudhrathulla
qudhurathullah
qudrathulla
qufthaq
qulam
qurais
quraish
ra-oof
raabiu
raadhif
raadhis
raafee
raafigu
raafiu
raagib
raahil
raahiz
raaid
raaidh
raaidhu
raaif
raaiz
raajih
raakiu
raam
raamee
raamih
raamihu
raamiz
raashid
raashidh
raashidhu
raasih
raasikh
raayath
raazee
raazie
raaziq
raazy
rabah
rabeel
rabeem
rabeeu
rabih
rabiu
radhaadh
radheef
raed
raee
raeef
rafa
rafaal
rafeeg
rafeegu
rafeeq
rafeeu
rafeeu-din
rafeeudheen
rafeu
rafhaan
rafhan
rafil
rafiu
rafiz
rafsan
rafshan
rafuan
rafyf
ragee
rageeb
rageebu
ragheb
raghib
ragib
raha
rahaa
raheef
raheem
raheema
rahil
rahim
rahmaan
rahman
rahmath
rahmathulla
rahmathullah
rahumaan
rahuman
rahumathulla
rahumathullah
rahym
rai
raiaan
raid
raidh
raidu
raif
raihaan
raihan
raimoon
raiq
raisam
raisham
raiyan
rajau
rajeeb
rajeeh
rajeel
rajesh
rajih
rajunee
rake
rakeen
rakheem
rakhusaan
ramdan
rameel
rameez
rameezu
ramie
ramiez
ramih
ramik
ramiz
ramlan
ramon
ramxan
ramy
ramyz
ramz
ramzan
ramzee
ramzeen
ramzi
ramziyya
ramzy
ran
ranawaka
ranesh
raneysh
ranis
ranvikka
raoof
raoofuddeen
raphael
raqeeb
rasaan
rasas
raseed
raseefa
raseen
rasees
rasha
rashaad
rashaadh
rashaadhu
rashad
rashadh
rasham
rasheed
rasheeda
rasheedh
rasheedha
rasheedhu
rasheeed
rashfaan
rashid
rashidh
rashihu
rashmu
rashvan
rashwaan
rashwan
rashyd
rashydh
rasil
rasim
raslaan
raslan
rasma
rassam
raswan
rathiu
rauf
raufath
raufuddeen
raufuddheen
raufudhdheen
rauha
rauhaan
rauhath
raulath
raumoon
raunaq
rauoof
raushaad
raushan
ravaah
ravah
ravee
raviu
ravy
rawaahath
rawah
rawahath
rawhath
rawshan
rayan
rayyaan
rayyan
razaag
razaan
razaaq
razah
razak
razan
razee
razeef
razeel
razeem
razeen
razei
razi
razie
razig
razim
raziq
razleen
raznee
razny
razy
razyn
razzaag
razzaan
razzaaq
razzag
razzagu
razzak
razzan
razzaq
reeh
reehaan
reehan
reekhan
reem
reemaah
reeman
reemaz
reenaz
reesam
reeshaan
reeshad
reesham
reeshan
reka
reki
rekiya
rekiyaa
rekka
rekkaa
reyshan
rezmeen
riaas
riaayath
riad
riaz
ribah
ribath
ridhfaan
rif'ath
rif-aan
rif-ath
rifa'ath
rifaa-ath
rifaag
rifaah
rifaan
rifaas
rifaath
rifaau
rifaaz
rifaazu
rifad
rifadh
rifaee
rifag
rifah
rifail
rifan
rifaq
rifash
rifat
rifath
rifathulla
rifau
rifaul
rifaz
rifazu
riffath
riffuath
rifgee
rifgi
rifgy
rifhaan
rifhath
rifkhan
rifnarz
rifnaz
rifqa
rifsaan
rifsal
rifsan
rifshaan
rifshal
rifshan
rifshana
rifshanu
rifshaz
rifsheen
rifuaan
rifuath
rifuathu
rifuqee
rifusaan
rifzal
rifzan
rigaab
rigab
rigzaan
rihan
rihaz
rihsan
rihulath
rihusan
rihushaan
rihushan
rihvaan
rikaz
rikhlan
riknu
rikshan
rikzaan
rikzan
riluvaan
riluvaanu
riluvan
riluwaan
riluwan
rilvaan
rilvan
rilwaan
rilwan
rimaah
rimaahu
rimaal
rimaaz
rimah
rimal
riman
rimaz
rimshaad
rimshad
rimshan
rimzaad
rimzad
rimzan
rimzy
rinan
rinaz
rinzeef
risaal
risaam
risaan
risaas
risad
risah
risal
risalath
risam
risan
riseef
riseen
risfaan
risfan
risfaz
rishaadh
rishaah
rishaan
rishad
rishah
rishakh
rishal
risham
rishan
rishard
rishau
risheef
risheen
rishfaan
rishfan
rishfau
rishfaz
rishman
rishmee
rishmyn
rishvaan
rishvan
rishwaan
rishwan
rishyf
risif
risseen
risvan
riswaan
riswan
riuman
riusan
riushaan
riushad
rivaj
riwaan
riyaadh
riyaah
riyaash
riyaaz
riyaazusabah
riyadh
riyah
riyal
riyan
riyas
riyash
riyaz
riyazi
riza
rizaa
rizaam
rizam
rizan
rizana
rizham
rizhan
rizhath
rizkhan
rizlee
rizleen
rizly
rizmath
rizmee
rizmeen
rizmy
rizna
riznee
rizneeh
rizny
rizunee
rizuny
rizusan
rizuvee
rizuveen
rizuwan
rizuween
rizvan
rizve
rizvee
rizveen
rizvi
rizvie
rizvy
rizwaan
rizwan
rizwee
rizween
rizwy
roazfeen
roazmeen
rooh
roohul
roohulla
rooman
roomy
roseneen
roshan
rubeen
rufwaan
rugiyya
ruham
rukhaam
rukham
rukhsan
rukhsana
rukhshan
rukhusaan
rukhushan
rukshaan
rukshan
rukshath
rumaih
rumaiz
rumman
rusdhaan
rusdhan
rusdhe
rusdhee
rusdum
rushan
rushda
rushdan
rushdee
rushdhaan
rushdhan
rushdhee
rushdhi
rushdhulla
rushdhy
rushdi
rushdulla
rushdy
rushwan
ruslan
rusma
rustham
rusthum
ruwaidh
ruwan
ruzaan
ruzain
ruzam
ryan
sa
sa'aad
saaavath
saabig
saabir
saabith
saad
saadaath
saadath
saadh
saadha
saadhaath
saadhig
saadhih
saadhil
saadhim
saadhin
saadig
saadiq
saaf
saafee
saafir
saagib
saah
saaheen
saahid
saahil
saahir
saahul
saai
saaib
saaid
saaidh
saaif
saaifu
saaig
saaih
saail
saaim
saain
saaiq
saair
saajid
saajidh
saajiu
saakhee
saalam
saalih
saalik
saalim
saalis
saam
saamee
saameeh
saameen
saami
saamih
saamihu
saamil
saamin
saamir
saamiru
saamith
saamiu
saamiy
saamoo
saamu
saamy
saan
saanee
saaneez
saani
saanidh
saanih
saaniu
saaniz
saaraddeen
saarif
saath
saathiu
saavee
saavi
sabaah
sabaath
sabaau
sabab
sabah
sabahu
sabbah
sabee
sabeeb
sabeeh
sabeel
sabeen
sabeer
sabhaan
sabig
sabiq
sabir
sabiu
sabrath
sabree
sabreen
sabry
sadaf
sadath
saddah
saddam
saddham
sadeed
sadeef
sadeeg
sadh
sadhaad
sadhaam
sadhadh
sadhagathulla
sadham
sadhath
sadhdhaam
sadhdhadh
sadhdham
sadheef
sadheeg
sadheel
sadheem
sadhig
sadhim
sadhin
sadhiq
sadhooh
sadhooq
sadhree
sadhuran
sadhy
sadig
sadim
sadiq
sadir
sadoog
sadree
saduree
saeed
saeeda
saeedh
saeedha
saeedhu
saeedu
saeen
saeer
saeid
safaad
safaah
safaan
safaaz
safah
safair
safarullah
safath
safathulla
safau
safaz
safee
safeeh
safeel
safeen
safeena
safeer
safees
safeeu
saffaahu
saffaf
saffah
saffan
saffath
saffaz
safhaan
safhainu
safhan
safhath
safiu
safiyya
safiyyu
safiyyuddeen
safiz
safleen
safoof
safooh
safoor
safraaz
safraz
safuaaz
safuath
safuathulla
safuvaan
safuvatullah
safuwaan
safvaan
safvan
safwaan
safwan
safwath
safwathulla
safwaz
sageef
sagheer
sagib
sah
sahaah
sahab
sahaheen
sahamth
sahau
sahbaan
sahban
sahdhaamu
sahdy
saheeba
saheed
saheel
saheem
saheen
saheer
sahesaan
saheshan
sahfal
sahib
sahid
sahidh
sahil
sahim
sahin
sahir
sahmeen
sahneel
saholu
sahreef
sahubaan
sahuban
sahudee
sahudh
sahudhaad
sahul
sahulaan
sahulam
sahuleen
sahulu
sahumadh
sahumee
sahumeel
sahumeez
sahumu
sahumulla
sahunyz
sahuvaan
saib
saibaan
said
saidh
saidha
saif
saifaan
saifan
saifdeen
saifudheen
saiful
saifulla
saifullah
saig
saigu
saihan
sail
saim
saiman
saimon
sain
sair
sais
saizam
saizan
sajaah
sajah
sajan
sajdee
sajeedh
sajeeu
sajid
sajidh
sajidhu
sajidu
sajjad
sajjah
sajleen
sajunee
sakeeb
sakeel
sakhaau
sakhau
sakhaulla
sakhu
sakhufath
sakif
sakoor
salaah
salaahudheen
salaam
salaf
salah
salam
salathu
saleem
saleeth
saleez
salif
salih
salihu
salik
salim
saliq
saljam
saljum
salma
salmaan
salman
salmy
salveen
salwan
salym
sam
sam'aan
sam-aan
sam-an
sama
sama'an
samaaah
samaah
samaahath
samaahu
samaal
samaam
samaan
samaau
samad
samadh
samadhu
samaeel
samah
samahu
samahy
samaiel
samail
samal
samam
saman
samau
samdhooh
samee
sameeh
sameeha
sameehu
sameel
sameem
sameen
sameer
sameera
sameeu
sameez
samhaan
samhan
samheed
samheel
samheen
sami
samid
samie
samih
samiha
samihu
samikh
samil
samin
samir
samiru
samiu
samiya
sammaan
sammah
samman
sammau
sammoom
sammoon
sammu
samnoon
samnooz
samood
samoodh
samooh
samoohu
samookh
samool
samoon
samraah
samrath
samraz
samrez
samrood
samrooh
samrooz
samsad
samshad
samsoon
samuel
samuoon
samveel
samveen
samweel
samweez
samy
samyoon
samyr
samyu
sana
sanaah
sanaan
sanaau
sanah
sanan
sanaulla
sanaullah
sanaz
sanee
saneed
saneef
saneeh
saneel
saneem
saneen
saneez
sanfa
sanfaa
sani
sanid
sanif
sanih
sanihu
sanil
sanim
saniu
saniz
sanjay
sanjeel
sanmoon
sanooj
sanoon
sanoosee
santha
sanveel
sanweel
sany
saolih
saqib
saraah
saraar
saraau
sarafudheen
sarah
saran
saranu
sareeh
sareem
sareer
sarfaraz
sarfeez
sarhath
sarif
sarih
sarihu
sarim
sariu
sarjeel
sarmad
saroof
sarooj
saruhaan
saruhabeel
saruhan
saruhkaan
sarujeel
sarukhabeel
saruma
sarumad
sarumadh
sarumeel
sarumeez
saruneel
saruvaan
saruvaanu
saruvan
saruvash
saruvath
saruwaan
saruwash
sarvaan
sarwan
sasan
sataar
satar
sathaar
sathar
satheeh
satheer
satheesh
sathiu
sathom
saththaar
saththaaru
saththar
saththaru
sathu
sattar
sattaru
satthar
sauban
saud
saudad
saudan
saudee
saudh
saudhan
saudhee
saudhi
saudhoon
saudhu
saudhulla
saudhullah
saudhuthoogee
saudhuththoogee
saudi
saudoon
saududdeen
saudulla
saudullah
saudy
saufan
saugaan
saukath
sauood
saur
sausaad
sausan
saushan
sauzam
savaad
savaadh
saveel
saveen
sawaad
sawaadh
sawad
sawadh
sawar
saweel
sayaah
sayaal
sayaaz
sayah
sayaz
sayim
sayyad
sayyaf
sayyah
sayyid
sazeeh
sazeel
sazeem
sazeen
sazeer
sazim
sazin
sazmeel
sazmeen
sazmy
sazna
sazumeen
sazuna
schifaq
schmidt
seedee
seedi
seeneen
seeniyaaz
seeniyaz
seezan
selveen
sereez
shaa-iq
shaabil
shaad
shaadh
shaadhoon
shaaf
shaafee
shaafeen
shaafiee
shaafiu
shaafiz
shaafy
shaah
shaaheem
shaaheen
shaahid
shaahidh
shaahidu
shaahin
shaahir
shaahu
shaahuzzamaan
shaahy
shaaid
shaaif
shaaih
shaail
shaain
shaair
shaairu
shaaiz
shaakee
shaakh
shaakir
shaakiru
shaal
shaalim
shaam
shaama
shaaman
shaamee
shaameel
shaameen
shaameez
shaamih
shaamikh
shaamil
shaamin
shaamis
shaamy
shaan
shaaneez
shaanih
shaaniu
shaaniz
shaanu
shaany
shaarif
shaarig
shaariq
shaariu
shaaru
shaatha
shaathir
shaau
shaaz
shaazeen
shaazil
shaazim
shaazin
shaazulla
shabaab
shabaah
shabaan
shabaath
shabaaz
shabab
shababu
shabah
shaban
shabath
shabau
shabeeb
shabeeh
shabeel
shabeen
shabeer
shabeeu
shabil
shabim
shabin
shabiq
shabiu
shabnoon
shabyn
shabyr
shad
shadaab
shadab
shaddaad
shaddhaadh
shadee
shadeed
shadeen
shadh
shadhahu
shadheed
shadheedh
shadheeh
shadheen
shadhih
shadhil
shadhin
shadhoog
shadin
shadiya
shadu
shaee
shaf
shafaa
shafaag
shafaah
shafaan
shafaath
shafaau
shafaaz
shafaf
shafag
shafah
shafakh
shafath
shafau
shafaz
shafee
shafeeg
shafeega
shafeegu
shafeen
shafeeq
shafeeu
shafeeuddeen
shafeeudheen
shafeeulla
shafeez
shaffaaf
shaffaan
shaffaf
shaffafu
shaffah
shaffan
shaffaq
shaffath
shaffau
shaffaz
shafi
shafie
shafiee
shafig
shafihu
shafin
shafiq
shafir
shafiu
shafiulla
shafiz
shafneez
shafraad
shafraah
shafraaz
shafrah
shafran
shafraz
shafreen
shafuraah
shafvan
shafwan
shafween
shafy
shafyq
shafyu
shafzad
shageef
shageeg
shageel
shageem
shageeth
shagfee
shagib
shagil
shagufy
shah
shahaadh
shahaaim
shahaam
shahaamath
shahad
shahamath
shahau
shahbaadh
shahbaan
shahbad
shahban
shahbaz
shahd
shahdhan
shahdheen
shahdhu
shahdy
shahee
shaheeb
shaheed
shaheedh
shaheedha
shaheedhu
shaheedhulla
shaheel
shaheem
shaheen
shaheeq
shaheer
shaheez
shahenaz
shaheraz
shaheshaan
shaheshan
shahfaan
shahfal
shahi
shahid
shahida
shahidh
shahidhallah
shahidhu
shahil
shahim
shahin
shahiq
shahir
shahlam
shahleen
shahmad
shahmee
shahmeed
shahmeel
shahmeen
shahmeez
shahmu
shahmy
shahneel
shahneem
shahneez
shahood
shahoodh
shahraab
shahram
shahu
shahub
shahubad
shahuban
shahubaz
shahud
shahudan
shahudee
shahudh
shahudhaan
shahudhan
shahudhee
shahudhu
shahudhy
shahudu
shahuduaan
shahudy
shahul
shahulaan
shahuleen
shahum
shahumad
shahumadh
shahumath
shahumee
shahumeel
shahumeem
shahumeez
shahumulla
shahunaz
shahuneel
shahuneem
shahuneez
shahur
shahurab
shahurathullah
shahureed
shahuru
shahurudheen
shahurul
shahururriyaz
shahuruyaz
shahuruzzaman
shahuruzzameen
shahuruzzamin
shahuruzzaneesh
shahuruzziyad
shahusan
shahuz
shahuzaan
shahuzad
shahuzan
shahuzath
shahy
shahyb
shahyd
shahym
shahzad
shahzan
shaibaan
shaiban
shaif
shaifan
shaifulla
shaig
shaihan
shail
shaim
shaimal
shaiman
shain
shainee
shaiq
shair
shairaf
shairu
shaith
shaizan
shaja'ath
shajaath
shajah
shajan
shajeeu
shajid
shajidh
shajin
shajmee
shakeeb
shakeel
shakeela
shakhban
shakhud
shakir
shakiru
shaklulla
shakoor
shakur
shakyb
shalabi
shaleel
shaleez
shalim
sham
sham'aan
sham'oon
sham-aan
sham-oon
shamaah
shamaal
shamaam
shamaan
shamaau
shamaaz
shamah
shamail
shamam
shaman
shamau
shamee
shameed
shameeh
shameel
shameem
shameen
shameer
shamees
shameeth
shameeu
shameez
shamhaad
shamhaan
shamhad
shamhan
shamheed
shamheedu
shamheel
shamheen
shamheez
shamhood
shamhooz
shami
shamia
shamid
shamih
shamikh
shamil
shamin
shaminu
shamir
shamis
shamiu
shamiz
shamlee
shamleen
shamlu
shammah
shammakh
shamman
shammas
shammoo
shammoon
shammun
shammy
shammyn
shamon
shamood
shamool
shamoon
shamrah
shamran
shamrath
shamrathu
shamreen
shamreez
shamrooh
shamrookh
shamroon
shamrooz
shamsaadh
shamsad
shamshaad
shamshaadh
shamshaadhu
shamshad
shamsheer
shamshoon
shamshuddeen
shamsoodh
shamsoon
shamsu
shamsuddeen
shamsuddin
shamsudheen
shamsul
shamsulla
shamsurriza
shamueel
shamueen
shamun
shamuoon
shamveel
shamveen
shamweel
shamy
shamyoon
shamyz
shamzoon
shan
shanaad
shanaan
shanah
shanan
shanau
shanee
shaneedh
shaneef
shaneel
shaneem
shaneen
shaneeu
shaneez
shanhau
shanid
shanif
shanih
shanil
shanim
shaniu
shaniz
shanmoo
shanoo
shanoof
shanoon
shanooz
shanuoon
shanveel
shanveez
shany
shanyz
shaq
shar'oo
sharaaf
sharaah
sharaan
sharaf
sharafaad
sharafraz
sharafuddeen
sharafuddin
sharafudeen
sharafudheen
sharafudyn
sharaful
sharafulla
sharafullah
sharafunnoor
sharafussadaath
sharafuzzaman
sharafzad
sharah
sharahu
sharam
sharan
sharath
shareef
shareefa
shareefuddeen
shareeh
shareez
sharfaan
sharfaaz
sharfaz
sharfeez
shargeef
sharhabeel
sharhan
sharhoon
sharhooz
sharid
sharieph
sharif
sharig
sharih
sharik
sharikh
sharim
shariq
shariu
shariz
sharkheel
sharman
sharmeel
sharmeenu
sharmyl
sharneel
sharneez
sharoog
sharooj
sharoom
sharoon
sharoosh
sharoou
sharu-u
sharufan
sharufeez
sharuhaan
sharuhabeel
sharuhan
sharujeel
sharukaan
sharukan
sharumeel
sharumeen
sharumy
sharuneel
sharuqeel
sharushaf
sharuth
sharuvaan
sharuvas
sharuwaan
sharuwan
sharuwuan
sharuyan
sharuzoon
sharvaan
sharwaan
sharwan
sharwas
sharwath
sharyan
sharyf
sharzoom
shasmeel
shatheeh
shatheehu
shathif
shathir
shathira
shathiru
shathiu
shathomu
shaubaan
shauban
shaudan
shaudhaan
shauf
shaufaan
shaufan
shaugath
shaugee
shaugie
shaugy
shaukath
shaukathu
shaulaan
shaulan
shaun
shauqee
shauqy
shausha
shaushan
shaushath
shauya
shauzab
shauzameen
shauzoon
shavaf
shavee
shaveen
shaveer
shavin
shavshan
shawaad
shawaadh
shaweed
shawfan
shawgi
shawkath
shawn
shawwaf
shawwaz
shaxeem
shayad
shayadh
shayan
shayaz
shaz
shazail
shazan
shazbaan
shazeef
shazeel
shazeem
shazeen
shazeer
shazif
shazil
shazim
shazin
shazinu
shazir
shazlee
shazleel
shazleem
shazleen
shazly
shazman
shazmee
shazmeel
shazmeen
shazmy
shazneen
shazny
shazrah
shazuhad
shazuleen
shazumeen
shazunee
shazwaan
shazwan
shazween
shazy
shazyl
sheeban
sheed
sheehan
sheeraz
sheereen
sheesu
sheeza
shehenaaz
shehenaz
shehereez
sheheshaan
sheheshan
shehezaad
shehezaadhu
shehezad
shehezoo
shenaan
sheneen
sheran
shereen
shereez
sheroon
sheyraz
shezleen
shi-aan
shiaan
shiaar
shiaaru
shiaau
shiaaz
shiadh
shiaf
shian
shiar
shiaruddin
shiau
shiaz
shibaah
shibad
shibah
shibahu
shiban
shibath
shibau
shibaz
shibly
shibunee
shidad
shidhaadh
shidhuhan
shieraz
shifaaf
shifaag
shifaagu
shifaah
shifaahu
shifaan
shifaaq
shifaau
shifaaul
shifaaz
shifaaza
shifaazu
shifadh
shifag
shifah
shifahu
shifal
shifam
shifan
shifana
shifaq
shifar
shifau
shifaulla
shifaullah
shifaz
shifazu
shifhaz
shifna
shifnan
shifraaz
shifrah
shifran
shifraz
shifuan
shifuraz
shifwa
shifyan
shifzaad
shifzaan
shifzan
shihaab
shihaad
shihaadh
shihaam
shihaamu
shihaan
shihaaz
shihaazu
shihab
shihad
shihadh
shihaf
shiham
shihan
shihaz
shihubaan
shihulaan
shihuzaan
shihuzan
shijaaz
shijah
shijau
shimaah
shimaal
shimaam
shimaan
shimaau
shimaaz
shimaazu
shimad
shimah
shimail
shimal
shimam
shiman
shimas
shimau
shimaz
shimhaad
shimhaan
shimhaaz
shimhad
shimhadh
shimhan
shimhaz
shimraah
shimrah
shimree
shimry
shimshaaz
shimthan
shimthaz
shimyan
shinaah
shinaan
shinaanu
shinaau
shinaaz
shinaazu
shinad
shinah
shinal
shinam
shinan
shinau
shinaz
shinhaaz
shinwaan
shiraan
shiraaz
shiraf
shiraj
shiram
shiran
shirany
shirau
shiraz
shirfaan
shirfan
shirhaan
shirhad
shirham
shirhan
shirmeen
shirneel
shirufaan
shirufan
shirufau
shiruhaam
shiruhaan
shiruhan
shiruhuan
shirukhaan
shirukhan
shirumeen
shiruneel
shiruveen
shiruwan
shiruyan
shiuban
shiumaz
shiunaaz
shiunan
shiunaz
shiuneel
shiuneez
shiuree
shius
shiushaan
shiuth
shiuthu
shiuyaan
shiuyan
shiuzan
shivaan
shivaaz
shivad
shivaz
shiwan
shiwaz
shiyaad
shiyaag
shiyaam
shiyaan
shiyaar
shiyaau
shiyaaz
shiyaazu
shiyab
shiyad
shiyadh
shiyaf
shiyag
shiyah
shiyam
shiyan
shiyaq
shiyar
shiyas
shiyau
shiyaz
shizaam
shizaan
shizaau
shizam
shizan
shizanu
shizfau
shizhan
shizleen
shizmee
shizmi
shizmy
shiznan
shizneen
shizuvee
shizuveen
shoafee
shougee
shoukath
shua'au
shuaau
shuabee
shuad
shuaib
shuaibu
shuaibulla
shuaibunnsaeer
shuaid
shuaidh
shuaidha
shualhu
shuau
shuaullah
shuaz
shuban
shubau
shudhoon
shueyb
shufaau
shufiyan
shufuzana
shuhaad
shuhaadhu
shuhaam
shuhaan
shuhad
shuhadh
shuhail
shuhailu
shuhain
shuhaiz
shuham
shuhan
shuhau
shuhood
shuhoodh
shuhuda
shuhuraab
shuhurab
shujaa
shujaan
shujaau
shujad
shujah
shujahu
shujaj
shujau
shujaul
shujaz
shujuaan
shujuan
shukoor
shukree
shukry
shukuran
shukuree
shukurulla
shukury
shumaes
shumais
shumaisullah
shuman
shumrooj
shunaan
shunaiz
shunan
shunau
shuoon
shurag
shurahabeel
shuraif
shuraih
shurau
shureen
shureh
shuruhabeel
shusheel
shuvau
shuveyb
shuwau
shuzaan
shuzad
shuzail
shuzain
shuzair
shuzam
shuzamu
shuzan
shuzau
shuzaym
shuzeel
shuzeena
shuzkeen
shuzuni
shyraz
siaadh
siaan
siaar
siaau
siad
siadh
siba
sibaadhu
sibaah
sibag
sibah
siban
sibathulla
sibuathulla
sidad
siddeeg
siddeeq
siddeg
siddeq
siddiq
siddique
sideeg
sideeq
sidgee
sidgi
sidgy
sidhaam
sidhaan
sidhad
sidhadh
sidhdheeg
sidhdheeq
sidheeg
sidheeq
sidhgee
sidhgy
sidhqee
sidhrath
sidhrathulla
sidhugee
sidhugu
sidhurath
sidhurathulla
sidneen
sidqee
sidqy
sidugee
sidugy
sifaad
sifaadh
sifaah
sifaahu
sifaam
sifaan
sifaar
sifaau
sifaaz
sifag
sifah
sifahu
sifal
sifam
sifan
sifaq
sifau
sifaz
sifnadh
sifneez
sifzan
sihaad
sihaadh
sihaah
sihaam
sihaan
sihaaz
sihad
sihadh
siham
sihan
sihaz
sikandar
sikka
silaah
silah
silm
silman
silmeez
siltam
silveen
sim
simaad
simaadh
simaah
simaal
simaalu
simaan
simaau
simaaz
simad
simadh
simah
simahu
simak
simal
simam
siman
simau
simaz
simhaan
simhan
simhaq
simhaz
simla
simnaz
simon
simraah
simrah
simrahu
simreen
simthan
simyan
sinaah
sinaan
sinaanu
sinaaz
sinad
sinadh
sinah
sinan
sinanu
sinau
sinaz
sinwan
sira
siraah
siraaj
siraaju
siraan
siraar
siraaru
siraath
siraathu
sirah
siraj
siraju
sirajul
siran
sirath
siraz
sirfaad
sirfaan
sirfaz
sirhaan
sirhan
sirkhaan
sirneel
sirufaan
siruhaan
siruhan
sirukhan
sirumee
siruneel
sirwan
sithhath
siththi
siufaan
siunee
siuran
siusan
siuth
siva
sivaadh
sivaath
sivaaz
sivad
sivan
sivas
sivath
sivaz
siwa
siwaad
siwaadh
siwaaz
siwad
siwaj
siwam
siwar
siwath
siwaz
siyaad
siyaadh
siyaag
siyaah
siyaam
siyaan
siyaau
siyaaz
siyad
siyadh
siyah
siyam
siyan
siyar
siyau
siyaz
sizaan
sizleen
sizumeen
sizuwan
soabir
soadhig
soadhiq
soadhir
soadig
soadiq
soalih
soam
sobaah
sobah
sobahu
sobeeb
sobeeh
sobig
sobir
sobira
sobiru
sobree
sobri
sobry
sodheeg
sodhig
sodhiq
sodhooq
sodhuree
sodhuri
sodhurudheen
sodhury
sodig
sodigu
sodiq
sodique
sodmeen
sodree
sodry
soekarno
sof'athulla
sofa
sofaahu
sofaau
sofah
sofath
sofeeh
soffan
soffath
sofhal
sofhaz
sofiyyu
sofraar
sofuwath
sofvaanu
sofwaan
sofwan
sofwath
sofwathulla
sofwathullah
sofy
soheef
sohufal
solaah
solah
solih
solihu
someem
somid
somith
sood
soodan
soodh
soodul
sooraj
soozee
su'ood
su'uoodh
su-oodh
su-uod
suaad
suaadh
suaadhu
suad
suadh
suadhu
suaid
suaidh
suaidhu
subaih
suban
subath
subhi
subukee
sudam
sudhaau
sudhoon
sudwaidh
sufianu
sufiyaan
sufiyan
sufoof
sufran
sufuyan
sufyan
suhaad
suhaan
suhaanu
suhad
suhaib
suhaid
suhail
suhan
suhaq
suhaz
suheen
suheil
suheylu
suhrab
suhuraab
sujaadh
sujaan
sujaau
sujad
sujah
sujan
sujau
sujeet
sujeeth
sujood
sujoon
sujuan
sujuvan
sujuwaan
sulaimaan
sulaiman
suleen
sulhath
sultan
sulthaan
sulthan
sulvaan
sulwaan
sumaidh
sumaih
sumeeh
sumeel
sumeen
sumeeth
sumeih
sumith
sunaad
sunaan
sunaanu
sunad
sunadh
sunah
sunaid
sunaim
sunain
sunainu
sunan
sunau
sunaz
suneed
suneel
suneen
suneez
suneynu
sunie
sunil
sunildatt
sunilzath
sunny
sunoon
sunoosy
suood
suoodh
suraagath
suragath
surahabeel
suraih
suraish
surayya
sureynu
surhaab
suroor
suruham
suruhan
sutheeu
suvad
suveyb
suwaad
suwaadh
suwad
suwaib
suwaid
suwaida
suwaidh
suwailam
suwaiz
suzaan
suzail
suzain
suzan
suzayr
suzeel
suzeen
suzil
suzunee
syed
t.
taha
tahir
takao
tamir
tariq
thaaha
thaahaa
thaahir
thaai
thaaib
thaaif
thaaig
thaail
thaalib
thaalooth
thaarib
thaarig
thaariq
thaaseen
thaasyn
thabassum
thafran
thagee
thagi
thagiyyu
thagseem
thaha
thahaan
thahamy
thahir
thahiru
thahkhan
thahleem
thahmeed
thahmeen
thahnoon
thahseem
thahseen
thahsheen
thahsin
thahsyn
thahuleem
thahumeen
thahuneen
thahuseen
thahuzeem
thahzeem
thaib
thaif
thaim
thaimoor
thaiu
thaj
thakhaanu
thakhan
thakhkhaan
thakhkhaanu
thakhkhan
thakhkhanu
thakhseen
thakhureem
thakkaan
thakkaanu
thakkan
thakurfaan
thakuru
thakurufaan
thakurufaanu
thakurufan
thal-hath
thalaal
thalal
thalath
thalfaah
thalhat
thalhath
thalib
thaliu
thallaash
thallath
thamdheeh
thameem
thameer
thamheed
thamheen
thamir
thamooh
thamoom
thamreen
thamshoon
thamyeez
thanseen
thanveer
thanzeel
thanzeem
thaqee
thaqiu
tharaf
tharif
tharig
thariq
thasdheeg
thaseen
thashmeen
thasin
thasleem
thaslim
thasmeem
thasmeen
thasneef
thasneem
thasnym
thaubeer
thaufeeg
thaufeeq
thaufeequl
thauheed
thauheedul
thaumeen
thauneez
thaureef
thauseef
thausin
thauveel
thauzeem
thaweel
thawfeeg
thawfeeq
thawfyq
thayib
thayyib
thazleef
thazleem
thazmeel
thazmeen
thibaag
thiban
thifah
thifleel
thihaami
thiham
thilmeez
thilmyz
thinaan
thinan
thoaam
thoaha
thoahir
thoaif
thoail
thoal
thoalib
thoamy
thoaseen
thoha
thohaa
thohir
thohiru
thoif
thoil
tholaal
tholaalu
tholag
tholal
tholalu
tholath
tholathu
tholhath
tholib
thollam
thollath
thonash
thooba
thooloon
thorif
thorig
thoriq
thoseen
thosyn
thoufeeg
thoufeeq
thouriq
thowais
thowfeeg
thowfeek
thowfeeq
thowfeequ
thoyyib
thufail
thuhail
thuhumeen
thuseel
thusham
thuth
thuthth
thuththu
thuththufulhu
thuthu
thuttu
thyib
tolhath
tor
tushar
tutht
tuththu
ubaadhath
ubaadhu
ubad
ubadha
ubaid
ubaidath
ubaidh
ubaidhath
ubaidhulla
ubaidhullah
ubaiduh
ubaidulla
ubaidullah
ubaidurrahman
ubaiz
ubeydulla
ufran
ugail
uhudhu
ujail
ujailul
ukashath
ul-arif
ula
ulfath
ulwaan
ulwan
ulwy
umaid
umaima
umair
umairu
umais
umaish
uman
umar
umaru
umarussabah
umayr
umayyath
umin
ummeed
umraan
umran
umrau
umree
unad
unaim
unais
unaish
uneyz
uruwath
usaam
usaamath
usaan
usaid
usaidh
usaidhulla
usaima
usairam
usam
usama
usamath
ushaam
ushaan
ushadh
ushafath
ushaid
usham
ushamath
ushan
ushau
usiad
usmaamath
usmaan
usman
usool
usrah
usthaz
uswathullah
uvais
uveysh
uwais
uwayis
uzaam
uzail
uzaim
uzain
uzair
uzairu
uzam
uzeyn
uzree
vaail
vaarish
vafir
vaiz
vajdhee
vajeedh
vajeeh
vakeel
valeedh
valeedul
valiyyu
vandort
varis
varish
vasim
vasiu
vasyu
vazuneen
viaam
viam
vickram
vidad
vidhaadh
vidhadh
vidhadhu
vidhau
vifaag
vifaah
vifaau
vifag
vifaq
vifau
vihaad
vijaadh
vijaan
vijan
vijdhan
vijhath
vijudhan
vikas
vikash
vikram
vilaf
vildhan
vilshan
vimal
virdhaan
virshan
virudhan
virushaan
visaah
visaahu
visaal
visaam
visah
visal
visam
visan
vishaah
vishaahu
vishaal
vishaam
vishaan
vishah
vishahu
vishal
visham
vishan
vishau
vishfaahu
vision
vismee
visol
viyaam
viyam
vizau
vusaan
vuzaru
waae
waafir
waahid
waahidh
waail
waaiz
waaris
waarish
waasif
waasig
waasiq
waasiu
wadeef
wadeeu
wadheef
wadheel
wadheeu
wadhood
wadhoodh
wadhyf
wadood
wafaad
wafau
wafee
wafeer
wafir
wafiru
wafiyyu
wahaab
wahab
wahby
wahedhudhdheen
waheed
waheeda
waheedh
waheedu
wahhaab
wahhab
wahid
wahidh
wahudhaan
wahyd
wahydh
waid
wail
wais
waiz
wajdee
wajdhee
wajdhy
wajdi
wajdy
wajeed
wajeef
wajeeh
wajeehu
wajid
wajudee
wajudhee
waleed
waleedh
waleef
walid
waliyyu
wanood
waqqas
warahmath
wardee
wardhee
wardi
waris
warish
warudee
warudhee
warudhy
waseef
waseeh
waseel
waseem
waseeu
washeem
wasif
wasig
wasiq
wasiu
wasmaa
wasyf
wasyl
wasym
waudullah
wawan
webber
weemaal
weeshan
wiam
widhaadh
widhadh
wifaag
wifag
wifaq
wifash
wijan
wijdhaan
wijdhan
wijhaan
wildhan
willdhan
wilshan
wimag
wimal
winfaz
wirdan
wirudhan
wisaal
wisaam
wisaan
wisaf
wisal
wisam
wisan
wishaah
wishaal
wishaan
wishah
wishahu
wishal
wisham
wishan
wizam
wusool
xafran
xamyr
xirar
xiyad
xulfigarudheen
xyq
yaadh
yaafis
yaafiu
yaameen
yaamin
yaaminu
yaanee
yaani
yaanis
yaanish
yaaniu
yaarid
yaaseen
yaaseenu
yaasin
yaasir
yaasiru
yaasirussaadhaath
yaasmeen
yadheen
yaees
yaeesh
yafis
yafiu
yafiz
yahuya
yahuyaa
yahya
yahyaa
yaksan
yaleen
yamaam
yamaan
yamaani
yamaany
yaman
yamanee
yamani
yamany
yameen
yamin
yamir
yamyn
yanaal
yanis
yanish
yaniu
yaqzan
yareesh
yarham
yarid
yaris
yarudhu
yasaar
yasau
yasbiq
yaseen
yaseer
yasfaadh
yasfaq
yasha'allah
yashau
yasheem
yashfadh
yashfau
yashir
yashraf
yashrib
yashrif
yasif
yasih
yasim
yasin
yasir
yasiru
yasmin
yasrib
yasrif
yasru
yassan
yasser
yassin
yathrib
yaugoob
yauqoob
yauqub
yavin
yazdhaadh
yazdhan
yazeed
yazeedh
yazeel
yazeen
yazid
yazidh
yazumeed
yazumeen
yethrib
yonus
yoohanna
yooman
yoomin
yoonus
yoosau
yoosef
yoosf
yooshal
yooshau
yoosuf
yoousaw
younus
yousef
youshau
yousuf
yugeeth
yumleen
yumna
yunaan
yunais
yunaish
yunan
yunaz
yushau
yushree
yuslim
yusra
yusree
yusri
yusuf
yuzleen
za'am
zaad
zaadhee
zaadhi
zaadhy
zaafir
zaafiru
zaahee
zaahid
zaahidh
zaahidu
zaahir
zaahy
zaaid
zaair
zaalif
zaameen
zaamil
zaarath
zaayid
zaban
zabeeh
zabeehullah
zabeen
zabeenu
zabeer
zabeera
zabeeu
zabir
zadee
zadhy
zadi
zady
zaeed
zaeem
zaeen
zafar
zafaru
zafarulla
zafarullah
zaffan
zaffran
zafir
zafran
zagheem
zahabal
zahee
zaheed
zaheef
zaheem
zaheen
zaheenuddeen
zaheer
zahid
zahidh
zahil
zahin
zahir
zahira
zahiru
zahiyya
zahma
zahra
zahran
zahree
zahriyya
zahudha
zahuna
zahunee
zahuraan
zahuran
zahuree
zahuriyya
zahuruddeen
zahuwan
zahwaan
zahwan
zahy
zahyn
zaid
zaidan
zaidee
zaidh
zaidhaan
zaidhan
zaidhee
zaidhoon
zaidhu
zaidhul
zaidhulla
zaidhy
zaidi
zaidul
zaidulla
zaidullah
zaif
zail
zain
zainal
zainuddeen
zainudhdheen
zainudheen
zainul
zaiyan
zajilu
zakariya
zakariyaa
zakariyya
zakee
zakheer
zaki
zakir
zakiru
zakiyya
zakuwan
zakwan
zaky
zaleef
zaleeg
zaleeshan
zalif
zaman
zamath
zameeh
zameel
zameem
zameen
zameer
zameeru
zameeruddeen
zameeth
zamhad
zamhadh
zamil
zamin
zamir
zamiyyu
zammath
zamool
zamrath
zamuath
zamzam
zan
zanaan
zaneef
zaneem
zaneen
zareef
zareena
zareer
zareeru
zareeu
zariyand
zarudee
zaryr
zaud
zaufaran
zaufiran
zaufunnaz
zaul
zaushan
zawaaj
zawwar
zayaan
zayan
zayed
zayid
zaym
zayn
zayyan
zeebaan
zeedhan
zeehaan
zeehan
zeek
zeeman
zeena
zeenad
zeenee
zeeniya
zeeshan
zeeyazan
zeezan
zein
zeine
zenith
zeyb
ziaan
ziaau
ziam
zian
zidhumeen
zidunaan
zifaan
zifaau
zifaf
zifan
zihaan
zihaar
ziham
zihan
zihnee
zihny
zihufaan
zihunee
zihuny
zikriyyath
zilaah
zilaal
zilah
zilal
zilyan
zimaam
zimad
zimam
ziman
zimnaan
zimyan
zinaadh
zinaf
zinah
zinan
zinbeel
ziraar
ziraaru
ziram
ziran
zirar
zirau
zirufaan
zirufaau
ziufaan
ziufan
ziunad
ziushan
zivar
ziya
ziyaa
ziyaad
ziyaadh
ziyaadhu
ziyaah
ziyaahu
ziyaam
ziyaan
ziyaar
ziyaau
ziyaaul
ziyad
ziyadh
ziyadham
ziyadhan
ziyadu
ziyadulla
ziyaf
ziyaj
ziyakh
ziyam
ziyan
ziyath
ziyau
ziyaul
ziyausalam
ziyazan
zomin
zoobeen
zoohan
zoomaal
zoomal
zoona
zooshan
zoreef
zubair
zubairu
zubayru
zubeen
zubin
zubnaan
zubnan
zufar
zufrath
zuhaid
zuhail
zuhair
zuhaira
zuhairu
zuhal
zuhan
zuharam
zuhoor
zuhooru
zuhree
zuhry
zuhudhee
zuhudul
zuhunaad
zuhura
zuhuree
zuhuriyya
zuhurulla
zuhury
zuhyru
zujaj
zujajul
zuka
zukau
zulaal
zulaalu
zulah
zulaikha
zulain
zulfa
zulfeen
zulfigaaru
zulfigar
zulfiqaar
zulham
zulkifli
zulkiful
zulkifuli
zulmeen
zumaam
zumahradhu
zumair
zumarradhu
zumayl
zumeen
zumrath
zunaid
zunaij
zunain
zunair
zuneyru
zunnavar
zunnoor
zuraar
zuraarath
zuraaru
zurair
zurairath
zurar
zurarath
zurriyaan
zuruath
zuruqaan
zuvaib
zydan
zyshan