## This file contains a list female names
## extracted from election data

aa
aabida
aabidha
aadam
aadha
aadhila
aadhilaa
aadila
aafaag
aafia
aafiya
aafiyaa
aafreen
aafy
aagisa
aahida
aahidha
aaida
aaidha
aaikathu
aaisha
aaiza
aaizaa
aakifa
aala
aalam
aalifa
aalima
aalimaa
aaliya
aamaal
aamaan
aamal
aamila
aamin
aaminath
aaminathu
aamira
aamiza
aana
aaneelaa
aanifa
aaniga
aanisa
aaniya
aaniyath
aanshoo
aarifa
aarisha
aasaan
aasha
aashaan
aashifa
aashiya
aashiyath
aasila
aasima
aasira
aasiya
aasiyath
aasra
aathifa
aathika
aayaath
aayath
aazaad
aaziba
aazifa
aazima
aaziraa
aazra
abaas
abana
abass
abbas
abbasa
abbasath
abdhu
abdhul
abdhull
abdhulla
abdhullah
abdil
abdilla
abdillah
abdu
abdul
abdull
abdulla
abdullah
abdullla
abdurraheem
abdurrahman
abeeda
abeedha
abeer
abeera
abeerath
abharee
abhdul
abida
abidha
abidhaa
abira
abla
abobakru
abobakur
abobakuru
aboobakru
aboobakur
aboobakurru
aboobakuru
aboobauku
abriyyath
absha
absheena
abubakr
abubakur
abubakuru
abudhuh
abudhul
abudhullah
abudul
abudulla
ada
adam
adamge
adeeb
adeeba
adeefa
adeel
adeela
adeem
adeema
adh
adha
adhala
adham
adheeb
adheeba
adheedha
adheela
adheema
adhham
adhil
adhila
adhisa
adhisha
adhiya
adhla
adhlaa
adhliya
adhma
adhnaan
adhnan
adhuha
adhuham
adhula
adhuliya
adhuma
adhunaan
adhunaanu
adhunan
adhyba
adil
adila
adilaa
adisa
adiya
adla
adleena
adley
adliyya
adlyn
admaau
adna
adnaan
adnan
adrian
adufa
aduham
adula
aeeda
afa
afaa
afaaf
afaafu
afaasha
afaf
afag
afareen
afasa
afasha
afau
afee
afeef
afeefa
afeefunnisa
affana
affath
affooza
afham
afia
afig
afira
afiya
afiyaa
afiyath
afiyya
afjadha
afkara
afla
aflath
afleen
afleena
afnaan
afnah
afnan
afnanu
afra
afraah
afraaha
afraaz
afraaza
afradha
afrah
afraha
afrau
afraza
afreen
afreeza
afriha
afroaz
afrooza
afrose
afroza
afsa
afsaana
afsaara
afsala
afsana
afsar
afsary
afseeda
afseedha
afseelaa
afseena
afsha
afshaan
afshan
afshana
afshanu
afsharee
afshau
afsheen
afsheena
afunaan
afunan
afusaana
afwath
afza
afzaadhaa
afzaal
afzal
afzana
afzara
ageebath
ageeda
ageedha
ageel
ageela
agiba
agil
agila
agisa
agisath
agisha
agishath
agiya
agleefa
agleema
agleemaa
agleena
agma
agsa
agsath
agula
aguleema
aguna
ahamed
ahdha
aheeda
ahemd
ahgama
ahida
ahidha
ahla
ahlaa
ahlaam
ahlaama
ahlam
ahlama
ahlamaa
ahmad
ahmadh
ahmed
ahmeedha
ahmeema
ahmeena
ahmiyya
ahna
ahraar
ahraaz
ahsaan
ahsaana
ahsan
ahsana
ahsfa
ahsha
ahudha
ahuga
ahula
ahulaa
ahulaam
ahulaama
ahulam
ahulama
ahuma
ahumeela
ahumeema
ahumeena
ahumiyya
ahuna
ahunisha
ahusan
ahusana
ahusha
ahushana
ahuza
ahza
ahzaan
ahzeera
aida
aidha
aidhaa
aidhisaa
aifa
aiha
aihaa
ailath
aileen
aima
aimaan
aiman
aiminath
aimon
aineez
aineeza
ainy
aireen
aisa
aisaafaanu
aisahth
aisar
aisath
aisha
aishafan
aishath
aisma
aiveena
aiza
aizath
ajdha
ajeera
ajeetha
ajfa
ajfaan
ajfan
ajila
ajla
ajna
ajnaza
ajra
ajudha
ajufa
ajufaan
ajufan
ajula
ajulaa
ajuna
ajuwad
ajwaad
ajza
akhmeema
akhsheela
akhthar
akhthara
akhtharunnisaau
akhthary
akhumeema
akhuraaz
akhusifa
akhutharunnisa
akifa
akreema
akrima
akubaree
akuleema
al
al-ha
alaa
alaau
alaf
alam
alaya
aleefa
aleel
aleem
aleema
aleemuddeen
aleena
aleesha
alfa
alfeen
alfi
algeen
alhana
ali
alia
alibe
alidha
alifa
alim
alima
alimaa
alisha
alishan
aliya
aliyya
alma
almaas
almas
almasa
almasath
althaf
althoafa
althofa
alveena
alyfa
alza
alzia
amaal
amaan
amaana
amaanaa
amaanath
amaanee
amaani
amaany
amal
aman
amana
amanath
amanathulla
amanee
amani
amanie
amany
amath
amathulla
amathullah
amathurrahman
amdhoona
ameeda
ameedha
ameega
ameeha
ameela
ameelath
ameelia
ameeliya
ameeliyya
ameema
ameemath
ameen
ameena
ameenath
ameenathul
ameeniya
ameera
ameeraa
ameesha
ameeta
ameetha
ameez
ameeza
amha
amianth
amila
amilaa
amin
amina
aminath
amir
amira
amiraa
amiza
amjad
amjadh
amjana
amjida
amjidha
amjooda
amleena
amliya
ammara
amna
amra
amraa
amrath
amsheedha
amshooda
amshoodha
amsooda
amsoodha
amsudha
amyl
amyliyya
ana
anaa
anaagaa
anaan
anaanath
anan
anara
anasth
anbariyya
andhala
aneeda
aneedha
aneeesa
aneefa
aneega
aneela
aneema
aneeqa
anees
aneesa
aneetha
aneeza
anfa
anfaala
anfal
anfooza
angayz
angeela
ania
anifa
anima
anis
anisa
anisaa
anisath
anisha
anitha
aniya
aniyath
anjaam
anjalee
anjam
anjaman
anjee
anji
anjoona
anjum
anjuna
anjunaz
annabeela
annika
anooda
anoodha
anoola
anoora
anoosa
anoosha
anooza
anosha
ansam
ansar
ansara
ansary
anshoo
anshooda
anshoodha
ansoo
ansooda
ansoodha
ansoora
antoinette
anula
anusa
anusha
anvar
anvaree
anvarie
anwaar
anwar
anwara
anwaree
anwari
anwariyya
anwaru
anwary
anyla
aqisa
aqisath
aqleema
aqna
aqula
aquleema
ara
arafa
arafaath
arafath
ardene
areeb
areeba
areef
areefa
areej
areeka
areen
areena
areesh
areesha
arene
arif
arifa
arifaa
arisha
ariza
armanoosa
armeena
armeesa
armeesha
aroofa
arooma
aroona
aroosa
aroosha
arooza
arsha
arshana
arshee
arsheeda
arshida
arshy
arufa
arufaa
arufyna
aruma
arumaan
arumeesha
aruneema
aruneesha
arusha
arushad
arushana
arushath
arushee
arusheeda
arusheena
arushida
arushidha
arushy
aruwahu
aruzana
arza
asad
asamy
asan
asana
aseed
aseeda
aseefa
aseela
aseelath
aseema
aseera
asfa
asfaa
asfaaq
asfaara
asfaau
asfag
asfan
asfana
asfaree
asfau
asfeen
asgar
asgary
asgharee
asha
ashaan
ashamy
ashan
asheera
ashfa
ashfaa
ashfag
ashfah
ashfaq
ashfary
ashfau
ashia
ashiath
ashida
ashidha
ashifa
ashifath
ashiga
ashima
ashir
ashira
ashiya
ashiyaa
ashiyana
ashiyath
ashma
ashra
ashraaru
ashraf
ashran
ashrar
ashvaq
ashwa
asia
asiath
asida
asif
asifa
asifaa
asiha
asihaa
asila
asim
asima
asimaa
asimath
asina
asir
asira
asiya
asiyaa
asiyath
asjadha
aslam
aslamiyya
asleema
aslima
asluha
asma
asmaa
asmaau
asmathunnisa
asmau
asna
asnaa
asra
asraa
asraan
asraar
asraaru
asraf
asrafeesa
asrafiyya
asran
asrar
asrara
asraru
asrath
assaal
asthana
asthar
asviyau
aswa
ath
athariya
atheefa
atheega
atheeka
atheera
athfa
athif
athifa
athifaa
athiga
athika
athira
athisa
athiya
athiyya
athiyyaa
athiza
atho
athoof
athoofa
athoya
athufa
atkinson
aujaaz
aujaz
aula
auliya
aumal
ausaa
auzamy
aveesha
avi
avleen
awana
awathif
axmeela
ayaath
ayath
ayesha
ayeshath
aysha
ayshath
ayyoob
azaalath
azaarath
azad
azafa
azala
azalath
azbath
azda
azdaa
azdha
azeedha
azeedhaa
azeefa
azeela
azeem
azeema
azeemaa
azeemath
azeena
azeenath
azeenaz
azeera
azeez
azeeza
azfa
azha
azhaana
azhaar
azhaaru
azhan
azhana
azhar
azhara
azharee
azhariyya
azhary
azhath
azheela
azheema
azheen
azheena
azhoora
azia
azifa
azila
azim
azima
azimath
azina
aziya
aziz
azka
azla
azlee
azleefa
azleela
azleema
azleena
azlif
azlifa
azlifaa
azlina
azliya
azliyya
azlyna
azma
azmaa
azmath
azmee
azmeela
azmeema
azmeen
azmeena
azmeera
azmi
azmila
azmilarda
azmina
azmira
azmiralda
azmiya
azmiyya
azmy
azna
aznath
aznee
azneela
azneema
azneena
azneesha
aznifa
azoofa
azoona
azoor
azoora
azra
azraa
azraana
azrath
azuda
azufa
azufeena
azuha
azuhaa
azuhaar
azuhaara
azuhaaraa
azuhama
azuhana
azuhara
azuharee
azuhary
azuhath
azuheema
azuhuana
azuhudha
azula
azuleefa
azuleena
azulfa
azulifa
azulifaa
azulimaa
azuma
azumaa
azumath
azumee
azumeela
azumeena
azumeera
azumina
azumiralda
azumiyya
azumy
azuna
azunee
azuneema
azuneena
azuneetha
azura
azuraanaa
azureena
azuriya
azuriyya
azuvary
azuwath
azvaree
azwa
azwath
azyza
azza
azzaa
azzama
azzath
baagir
baanoo
baanu
baaree
baari
baasitha
baaziaa
badeea
badeeha
badeera
badeeu
badheeha
badheeu
badhoora
badhree
badhriyya
badhura
badhuriyaa
badhuriyya
badhurunnisa
badhurunnisaa
badhusha
badoora
badree
badriyya
badrunnaseer
baduriya
baduriyya
baduru
badurunnisa
bagir
bahaaru
bahai
bahar
baheeja
baheera
bahira
bahiyya
baiza
balgees
balgeesa
balgeesh
balgis
baliyya
balqees
balshoon
baraghat
barakathul
baree
bareega
bari
bariyya
baroosha
barra
barrath
barrathu
bary
baseema
baseera
bashaaraa
bashamath
bashara
basharath
basheer
basheera
basim
basima
basma
basmaa
bassama
bassamath
bathsa
bathuha
baynazeera
bazigha
be
bee
beefaan
beefaanu
beefanu
beena
begaum
beygam
beygum
bhalla
bidhaayath
bilal
bilalu
bileena
bimla
bina
binth
binthi
bisa
bisam
bisara
bishaara
bishara
bisharaa
booleena
bulbula
bunanath
bunyaameen
bunyameen
bunyana
buraida
buraidha
buraira
buruhan
busaina
bushainath
bushra
bushree
bushri
bushry
busra
buthoola
buzoora
chan'dra
chithra
czarhee
daawood
daleyka
daud
dawood
dawoodh
dawson
deeba
deema
deen
deena
dhaamiya
dhaana
dhaanish
dhaawoodh
dhafeen
dhafeena
dhaha
dhahaa
dhahaau
dhahau
dhahma
dhaiba
dhakhuthar
dhalaika
dhaleyka
dhaleykaa
dhaniya
dhaood
dhaoodh
dharana
dhaud
dhaudh
dhaudhu
dhauha
dhaulath
dhavisha
dhavood
dhavoodh
dhawood
dhawoodh
dheeba
dheebanaz
dheema
dheemath
dheena
dheeniya
dhia
dhiama
dhie
dhifla
dhifleen
dhifleena
dhiflyna
dhihshana
dhihusana
dhihushana
dhijulath
dhilasa
dhilasha
dhileyra
dhileyram
dhilma
dhilsana
dhilshana
dhimna
dhimra
dhimsa
dhimyaa
dhimyan
dhiraasa
dhiraasaa
dhirasa
dhirayath
dhiruath
dhiveena
dhiya
dhiyaana
dhiyaanaa
dhiyama
dhiyana
dhiye
dho
dhohuththu
dhon
dhonbee
dhonbeefaan
dhonbeefaanu
dhonkaleyge
dhonkamana
dhonkokko
dhonmanje
dhooma
dhoona
dhooniya
dhoshee
dhosheeseedheege
dhowhaa
dhuaa
dhujana
dhulha
dhumaina
dhumna
dhuniya
dhunya
dhunyaa
dhunyameen
dhunyana
dhunyazada
dhusma
dhusooma
dhyba
diana
didi
die
difleen
difleena
dihusana
dihushana
dilasa
dileyram
dilma
dima
dimna
din
divina
diyana
diye
dole
don
dooma
dr
dr.
dr.farahanaz
dunya
dunyana
dushma
dusooma
eahan
ealaf
eama
eaman
eamaz
eanaas
eanas
eanash
easa
easha
eefa
eefaa
eehana
eelaaf
eelaf
eema
eemaan
eemaanaa
eemaau
eeman
eemau
eena
eenaas
eenaaz
eenas
eenath
eenaz
eesa
eesha
eeva
efa
efram
egrisath
ehan
eimaan
eiman
el
elaf
eleena
elena
elisha
eliza
elza
elzas
elziya
emaan
eman
emau
emaz
emeela
emma
emonde
ena
enaas
enaaz
enas
enash
enaz
erasha
erum
esha
eunaas
eva
evan
evelyne
evlyn
eyma
eymaan
eyman
eynaas
eynas
eysa
eyshath
eysiyaa
faahath
faahira
faaida
faaidha
faaiga
faaigaa
faaih
faaiz
faaiza
faaizaa
faakhira
faan
faandhiye
faanu
faariha
faariqa
faarish
faarisha
faaroog
faarook
faarooq
faasiya
faatheen
faathimath
faathin
faathina
faathinaa
faathmath
faathuma
faathumeifaan
faaz
faazath
faazila
faazira
faaziraa
fadhuha
fadhuna
fadhuva
fadhuvaa
fadhuwa
fadhwa
faduvaa
faduwa
fadwa
faeha
faena
fafooza
fageeha
faghiya
fagia
fagiyath
fahaamath
fahama
fahanth
fahath
faheeda
faheem
faheema
faheemaa
fahira
fahma
fahmee
fahmeeda
fahmeedha
fahmeela
fahmeena
fahmiyya
fahmy
fahuda
fahudha
fahuma
fahumee
fahumeedha
fahumeena
fahumiyya
fahumy
fahuza
faida
faidha
faidhaa
faiga
faigaa
faiha
faihaa
faihau
faina
fainaan
fainaaz
fainan
fainana
fainaz
faiqa
fairoosha
fairooz
fairooza
faisal
faisala
faisalath
faisath
faisha
faishan
faisila
faiya
faiyam
faiz
faiza
faizal
faizan
faizilath
fajuwa
fakhira
fakhkhara
fakhoora
fakhree
fakhriyya
fakhry
fakhudhaa
fakhura
fakhuriyya
fakir
falaah
falaaha
falaahaa
falaahath
falaha
falahath
falak
falaknaaz
faleela
falihath
falila
falloona
falulaan
fameela
fanaara
fanaaru
fanan
fanaz
fanaza
faraahath
faraashath
farah
faraha
farahana
farahanaaz
farahanax
farahanaz
farahanaza
farahath
farahnaaz
farahnaz
farahu
farahunaaz
farasath
farasha
farashath
fardaana
fardana
fardeena
fardheema
fareed
fareeda
fareedh
fareedha
fareedhaa
fareega
fareeha
fareehaa
fareela
fareema
fareen
fareena
fareenu
fareeqa
fareesa
fareesha
fareeshaa
fareeshaan
fareeshan
fareeza
fareezad
fareezadh
fareezadha
farha
farhaad
farhaana
farhaanaa
farhad
farhana
farhanaz
farhath
farheen
farheena
farheeza
farhoodha
farhuana
farhudheeba
faria
fariath
farig
fariga
farigath
fariha
farihath
fariheen
fariheena
fariq
farisa
farisha
farishath
farishtha
farisma
faristh
fariyaal
fariyaala
fariyaaz
fariyaazu
fariyad
fariyadh
fariyal
fariyala
fariyalu
fariyama
fariyaz
fariyaza
fariyya
fariyyath
faroog
farook
farooq
faroosha
farooza
farouk
farsa
farsana
farseena
farsha
farshana
farshath
farsheena
farudhana
farudheena
farudhiyya
farueena
faruha
faruhaa
faruhaadha
faruhaan
faruhaana
faruhaanaa
faruhaany
faruhaba
faruhadha
faruhamnaaz
faruhan
faruhana
faruhath
faruhathunnisa
faruhauna
faruheen
faruhiya
faruhiyya
farukhaanaa
farukhana
farunaza
farusa
farusaana
farusana
faruseena
farusha
farushana
farushath
faruzaana
faruzaanaa
faruzan
faruzana
faruzeena
farveen
farwath
faryal
faryda
farydha
farysha
farzaana
farzana
farzeen
farzeena
fasaah
fasaaha
fasaahath
fasaana
fasah
fasaha
fasahath
fasana
faseeh
faseeha
faseehath
faseel
faseela
faseena
fashana
fashwa
fasiha
fasoha
fasooha
fasy
fasyha
fasyla
fasyna
fath
fath'hee
fath'hulla
fath'hy
fath-hee
fath-hiyya
fath-hy
fathaah
fathaana
fathaath
fathah
fathana
fathee
fatheena
fatheenath
fathhee
fathhiyya
fathhy
fathi
fathiamth
fathih
fathihath
fathim
fathima
fathimath
fathimth
fathin
fathina
fathinath
fathiyya
fathiyyath
fathiza
fathlathu
fathmath
fathoana
fathona
fathoona
faththaah
faththah
fathuha
fathuhee
fathuheema
fathuheena
fathuhiya
fathuhiyaa
fathuhiyya
fathuhulla
fathuhunnisa
fathuhunnisha
fathuhy
fathulathu
fathulla
fathullah
fathumath
fathumathu
fathy
fathyn
fattah
faugiyya
fauha
fauhan
fauhathu
faula
fauqiyya
fauza
fauzee
fauzeea
fauziyya
fauzy
favaaz
fawaaza
fawaza
fawziyya
fawzy
fayaaz
fayaaza
fayaz
fayaza
fayidha
fayyasha
fayyaz
fayzleen
faza
fazaa
fazaanaa
fazada
fazana
fazanaa
fazath
fazayath
fazeeda
fazeeha
fazeehath
fazeel
fazeela
fazeela`
fazeema
fazeen
fazeena
fazhaa
fazhana
fazhath
fazila
fazira
fazla
fazlaa
fazlan
fazlana
fazlath
fazlee
fazleela
fazleen
fazleena
fazliya
fazly
fazlyn
fazlyna
fazma
fazmeela
fazmeen
fazmeena
fazminy
fazna
faznee
fazneen
fazneena
fazni
fazra
fazuhana
fazuheena
fazula
fazuleela
fazuleen
fazuleena
fazumeela
fazuna
fazunaa
fazunee
fazuniya
fazvyla
fazydha
fazza
feeroza
feeza
fereena
feroza
feyzleen
feyznee
fezleen
fezleena
fezlyn
fiaza
fickry
fidaad
fidha
fidhath
fifsheen
fikree
fikry
fikuree
fikuriyya
fikury
fileeshiya
fileeshiyaa
fileesiya
filsa
filza
finasa
fiona
firaag
firaaq
firaasaa
firaasath
firaasha
firaashaa
firag
firaga
firagu
firaq
firasa
firasaha
firasath
firasha
firashaa
firaza
firdaus
firdhaus
firdhaws
firdhous
firdous
firgaa
firoza
firsana
firshana
firudhaus
firusana
firusha
firushana
firuza
firza
firzana
fisana
fishana
fistha
fithra
fiuliyya
fiuna
fiunaaz
fiunaz
fiureen
fiureena
fiusha
fiuza
fiuzana
fiyaaza
fiyadha
fiyaz
fiyaza
fiza
fizaana
fizaanaa
fizama
fizana
fizanath
fizleen
fizna
fizny
fizuna
fizunaa
flavia
flaza
froosha
fthimath
fu
fuad
fuada
fuadh
fuadha
fuhaira
fulhu
fulu
furaathu
furaiza
furoosha
fursheen
furusheen
fusooha
futha
futhiha
futhu
fuwad
fuzaila
fuzala
fuzna
fuzoola
fuzoona
fuzuna
gaadha
gaadhir
gaadhiraa
gaadhiru
gaadir
gaanitha
gaarisaa
gaasim
gadeer
gadheer
gadhir
gadhma
gadhra
gadhree
gadima
gadir
gadriyya
gaffar
gafoor
gahir
gainoosa
gaisoom
galfa
galib
galiya
gamaree
gamariyath
gamariyya
gamariyyath
gamarunisa
gamarunnahaar
gamarunnisa
gamaruzzaman
gamarzaad
gameera
ganee
ganeema
gani
ganiya
ganiyyu
gany
gareeba
gareesa
gaseem
gaseema
gasim
gatheelath
gaushiya
gayoom
gayyima
gayyom
gayyoom
gazma
gazuma
geela
geema
geetha
geezaa
ghaadha
ghaashiya
ghada
ghadha
ghadhiya
ghadir
ghaffaar
ghaffar
ghafira
ghafoor
ghalib
ghaliba
ghaliya
ghanaath
ghanee
ghaneem
ghaneema
ghani
ghaniya
ghaniyya
ghany
ghashiyath
ghassany
ghazala
ghaziya
ghina
ghisha
ghsaanaa
ghufran
ghuzlan
gibthiya
gibthiyya
gina
gisaama
gisaamath
gisama
gishau
gismath
gizala
graishaa
gubad
gubaid
guddoos
gudusiyya
gulaba
gulaifa
gulaiha
gulaila
gulaisa
gulaisha
gulaiza
gulayla
guleeshan
guleyha
guleyla
guleysha
gulfaam
gulfam
gulfisaan
gulfishaan
gulfisham
gulfishan
gulfishana
gulfishanu
gulistan
gulisthaan
gulisthan
gulma
gulnar
gulnaz
gulshaad
gulshada
gulshadha
gulshan
gulshooma
gulzama
gumaira
gumeyria
gunaisha
guraisa
guraisha
guraishaa
guraishath
guraishia
guraishiya
guraishiyya
gurayshiya
gureysa
gureysha
haadee
haadhee
haadhi
haadhiya
haadhy
haadi
haadiyaa
haady
haafiza
haajar
haajara
haajaraa
haajarath
haajaru
haajee
haaji
haala
haalaa
haalath
haamid
haamida
haamidha
haamila
haanee
haani
haanim
haanima
haaniya
haanum
haany
haaris
haarisa
haarisath
haaroon
haashim
haashira
haashirath
haasimaa
haasina
haassath
haathina
haazima
habeeb
habeeba
habeebath
habib
habiyya
habla
habshiyya
habyb
hadee
hadeeja
hadhee
hadheeja
hadhi
hadhiya
hadhiyath
hadhiyya
hadhiyyath
hadhy
hadi
hadiya
hadiyya
hadiyyath
hadna
hady
haeefa
hafeeda
hafeela
hafeesa
hafeez
hafeeza
hafiyya
hafiza
hafizath
hafna
hafsa
hafsaa
hafsath
hafseena
hafsiyya
hafusa
hafusaa
hafza
hafzaa
hageega
haidar
haidhar
haidy
haifa
haifaa
haila
hairunisa
haishiyya
haizurana
hajara
hajaraa
hajee
haji
hajja
hakeeem
hakeem
hakeemath
hakym
hala
halath
haleeema
haleem
haleema
haleemat
haleemath
haleemathussaazudha
halfa
halyl
halym
halymath
hamda
hamdee
hamdha
hamdhaa
hamdhan
hamdhana
hamdhi
hamdhiyya
hamdhoona
hamdhy
hamdi
hamdiyya
hamdiyyath
hamdoona
hameed
hameeda
hameedh
hameedha
hameela
hameelath
hameema
hameesha
hameez
hameeza
hamid
hamida
hamidh
hamidha
hamila
hamilath
hamiya
hamiyya
hamiza
hamla
hammad
hammadh
hamna
hamnath
hamra
hamsa
hamsha
hamsiyya
hamyd
hamza
hamzaa
hamzaadha
hamzaana
hamzad
hamzath
hamzeena
hamziyya
hamzoona
hana
hanaa
hanaan
hanaau
hanan
hanana
hananath
hanau
hanee
haneea
haneef
haneefa
haneen
haneesa
haneesha
haneeza
hani
hanifa
hanim
hanima
haniya
haniyya
haniyyath
hanna
hannan
hannanu
hannath
hanoona
hany
hanyf
hanyn
hareefa
hareena
hareera
hareesa
hareesha
haris
harisa
harisath
harish
harishath
hariyya
hariyyaa
haroon
hasa
hasaana
hasaanath
hasan
hasaniya
hasaniyya
haseeb
haseeba
haseebath
haseeda
haseedha
haseefa
haseefath
haseela
haseema
haseena
hasen
hasena
hasfa
hashasha
hasheeba
hasheesa
hashfa
hashia
hashim
hashima
hashiya
hashma
hashrath
hasiba
hasifa
hasima
hasimath
hasira
hasiya
hasiyath
hasma
hasmaa
hasna
hasnaa
hasnau
hasoora
hasra
hasrath
hasratu
hasreena
hassaan
hassaana
hassan
hassana
hassanath
hassim
hasybath
hasyfa
hathif
hathim
hathima
hathma
haththee
hathuma
haufa
haula
haulaa
haulath
hauma
haumath
hauzan
hawa
hawau
hawla
hawlath
hawwa
haya
hayaath
hayam
hayyu
hazaar
hazama
hazeefa
hazeela
hazeena
haziga
hazim
hazimath
hazina
hazla
hazlan
hazleen
hazly
hazma
hazmath
hazna
haznath
hazra
hazrath
hazuleena
hazuma
hazunath
hazura
hazurath
hee
heena
helene
hema
hiba
hibathulla
hidaaya
hidaya
hidayath
hidha
hidhaaya
hidhaayath
hidhaayathu
hidhana
hidhaya
hidhayaa
hidhayath
hidhfa
hidhuna
hifaaza
hifaza
hifza
hijana
hijra
hijrath
hikma
hilaala
hilaalath
hilala
hilalaa
hilana
hilma
hilmaa
hilmee
hilmiyya
hilmiyyaa
hilmy
hilya
hilyath
hima
himaya
himla
himmath
himna
himnath
himya
himyaan
hina
hind
hindh
hindhaam
hindham
hindhu
hinna
hinnath
hirasath
hirfa
hirufa
hirufath
hisaan
hisaana
hisama
hisan
hisana
hisanath
hishama
hishana
hishma
hishmath
hisma
hisniyya
hiyala
hiyam
hizama
hokko
hoodh
hooma
hooriyya
hoorushidha
howlath
hubaa
hubaiba
hubaibaa
hubaibath
hubaira
hubasha
hubla
huda
hudam
hudanaz
hudha
hudhaa
hudhaiba
hudhaima
hudhana
hudheyma
hudhna
hudhoodha
hudhuna
hudna
hudooda
hudoodha
huduna
hukuru
hula
hulaan
hulaila
hullaa
hulwa
huma
humaa
humaadha
humaam
humadha
humaida
humaidha
humaima
humainee
humaira
humaisa
humaisha
humaiza
humam
humama
humeiza
humeizaa
humeydha
humeysa
humeysha
humeyza
humira
humra
huna
hunaadha
hunaaya
hunafa
hunaidha
hunaif
hunaifa
hunaina
hunaisa
hunaisha
hunana
hunaza
huriyya
hurriya
hurriyath
hurriyya
huruma
hurushidha
husaamath
husaima
husam
husama
husana
husein
hushaira
husham
hushama
hushamath
hushamy
hushana
hushanath
hushma
hushooma
husna
husnaa
husnannujoom
husnee
husney
husni
husniyya
husnu
husnuara
husnubaan
husnubaanu
husnunnisa
husnunnujoom
hussaanaa
hussain
hussein
hussian
huththu
huvaidha
huvaina
huwaida
huwaidha
huwaila
huwailath
huwaina
huwaisha
huwaiza
huwana
huyam
huzaama
huzaath
huzaifa
huzaima
huzaimaa
huzaimath
huzala
huzalath
huzama
huzamath
huzana
huzeema
huzeemath
huzeyma
huzna
huznua
huzuma
huzura
iaadha
iaasha
iaaza
iana
ianath
iasha
ibaada
ibaadhath
ibada
ibadha
ibahath
ibana
ibarahim
ibarhim
ibna
ibnaa
ibrahiim
ibrahim
ibrahimge
ibrahm
ibrath
ibreeza
ibriza
ibthihaash
ibthihaj
ibthihal
ibthikar
ibthisa
ibthisaam
ibthisaama
ibthisam
ibthisama
ibthisha
ibthishaam
ibthisham
ibthishama
ibthishan
iburahim
ibzeema
idham
idhana
idhrees
idhris
idhurees
idrees
idris
iduham
idurees
ifa
ifaa
ifaadha
ifaaf
ifaaga
ifaagaa
ifaagath
ifaasa
ifaasha
ifaashaa
ifaashath
ifaath
ifadha
ifaf
ifaga
ifagath
ifana
ifaqa
ifaqath
ifasa
ifasha
ifaza
ifazath
ifdham
iffa
iffan
iffath
ifhaam
ifham
ifma
ifna
ifnaa
ifnau
ifsha
ifsham
ifshan
ifthan
ifthinaan
ifthinan
ifthisa
ifthishama
ifzal
igbaal
igbal
igbala
igdhaam
igdhama
igleem
ihaadhath
ihana
ihma
ihsaan
ihsaana
ihsan
ihsana
ihsanaa
ihthishaama
ihthisham
ihudha
ihuma
ihusaana
ihusaanaa
ihusaany
ihusana
ihya
ijaaz
ijadha
ijaz
ijaza
ijlal
ijlas
ijnau
ijula
ikhaaza
ikhlas
ikhthishama
ikhufana
ikhuvaana
ikleel
ikleela
ikleena
ikleesa
ikleesha
ikraam
ikraama
ikram
ikrama
ikreesa
ikreesha
ikrima
ikrisa
ikrisha
ikshaana
ikthifa
ikuleela
ikuleema
ikulisa
ikuram
ikurama
ikurisha
ikurishath
ilfa
ilhaam
ilhaama
ilhaamaa
ilhaana
ilham
ilhama
ilhan
ilhana
iliyas
ilma
ilmaa
ilmaana
ilmana
ilmasa
ilmeena
ilmunnisa
ilyaas
ilyas
ilyna
ilza
ilzana
imaa
imaad
imaan
imaarath
imaaza
imad
imada
imadh
imadhaa
imaduddeen
imadudeen
imaha
imala
iman
imana
imasa
imasha
imaza
imazaa
imla
immath
imna
imraana
imran
imrana
imsa
imsath
imsha
imthinaan
imthinan
imthisaal
imthisal
imthishal
imthiyaz
imthiyaza
imvaza
imwaza
imyaana
imza
in'aam
ina
inaa
inaala
inaara
inaas
inaasa
inaash
inaasha
inaaya
inaayaa
inaayath
inaaz
inaaza
inabunnisa
inadha
inafa
inala
inama
inan
inana
inara
inas
inasa
inasaa
inasath
inasha
inashaa
inaya
inayaa
inayat
inayath
inaz
inaza
indhu
ineez
insha
inshaa
inshau
insiyya
inthidhaam
inthikab
inthisar
inthisara
inthishaam
invaza
inwaza
ipthisha
iqbaal
iqbal
iraadha
iraasaa
iraasha
iraashaa
iradha
iraha
irasa
irasha
ireen
ireena
irene
irfa
irfaan
irfan
irfana
irfath
irham
irneen
irreesha
irsana
irshaada
irshad
irshada
irsuhadha
irthiyasha
irufa
irufan
irufana
iruhaam
iruham
iruma
irumeena
iruneen
irusadha
irusana
irusha
irushaad
irushaadha
irushaan
irushaana
irushad
irushada
irushadha
irushana
iruthisham
iruzana
iryn
isaadha
isaama
isaamaa
isaana
isaayath
isadha
isama
isamil
isana
isfa
isha
ishaadha
ishaag
ishaagu
ishaama
ishaamath
ishaany
ishaaq
ishada
ishadha
ishafa
ishag
ishala
ishama
ishan
ishana
ishanee
ishantha
ishaq
ishara
ishau
ishfa
ishra
ishrath
ishva
ishwa
islam
isleena
isma
ismaeel
ismail
ismath
isna
isneen
isniya
isra
issaf
isthilaam
ithmam
ithmeena
ithra
ithriyya
ithumeena
ithura
iufa
iurisha
iuriza
iusha
iuthisaam
iuthisam
ivan
ivnisha
ivrisha
ivriza
ivyna
iweena
iya
iyaadha
iyaana
iyaanath
iyaany
iyaara
iyaasha
iyaaza
iyad
iyada
iyadha
iyala
iyana
iyara
iyasa
iyasha
iyaza
iyma
izaamaa
izaana
izama
izana
izdhiha
izhar
izleen
izma
izmee
izmeela
izmeen
izmeena
izmeera
izmia
izmy
izna
iznee
izneena
izniya
izra
izuhana
izuma
izumee
izuna
izunaada
izwath
izweena
izyan
izza
izzaddeen
izzath
jaabir
jaabira
jaadhullah
jaadulla
jaahath
jaaishaa
jaaiza
jaamia
jaarima
jaariya
jaazlee
jaazneen
jabeeha
jabeen
jabeena
jabir
jabira
jabiya
jabiyath
jabshee
jabyn
jadhulla
jadulla
jadullah
jafarulla
jafna
jaheedha
jaheeza
jaidha
jaihaan
jaihan
jaikhana
jailam
jaisha
jaishan
jala
jalaal
jalala
jaleel
jaleela
jaleema
jalmah
jalva
jalyl
jalza
jamaal
jamaanaa
jamal
jameel
jameela
jameelath
jamheena
jamida
jamiya
jamna
jamseed
jamsheed
jamsheeda
jamsheedha
jamshiyya
jamshyda
jamsiyya
jamyl
jana
janaa
janaan
janafa
janah
janeefa
janeena
janifa
janiyya
jannath
jariya
jariyath
jaroosiya
jaruhamee
jashra
jasmeen
jasmin
jasmine
jaudha
jaufar
jaufaru
jauharee
jauhary
jauna
jaushan
jauza
jauzaa
javaadha
javaazaa
javaza
javdha
javeedha
javid
javna
jawaadda
jawaadh
jawaadha
jawaazaa
jawad
jawada
jawadh
jawadha
jawahira
jawahiza
jawaidha
jawaza
jawazaa
jawid
jawwad
jawwadh
jawza
jayana
jayashaan
jayyidha
jazbath
jazeela
jazeema
jazemeen
jazla
jazlee
jazleena
jazly
jazmee
jazmeen
jazmeena
jazmin
jazmina
jazmine
jazulaa
jazulee
jazuly
jazumeena
jazuna
jazunifa
jazween
jazzmyn
jeedha
jeefa
jeehaan
jeehan
jeehana
jeela
jeelaan
jeelan
jeelath
jeeleen
jeema
jeen
jeena
jeenaa
jeenath
jeesan
jeeshan
jeeza
jeezan
jenee
jeneefa
jeneefar
jeneena
jenifa
jenifaa
jenifer
jenina
jenisha
jennifa
jennifar
jennifer
jenny
jenshus
jenyfa
jenyna
jeyzmeen
jeyzni
jezeema
jezleen
jezmeen
jezmeena
jezmy
jezny
jibureel
jidunee
jifleena
jihaadha
jihaan
jihaana
jihad
jihada
jihadha
jihan
jihana
jila
jilaa
jilaau
jilana
jilma
jilva
jimna
jimshadha
jimzeena
jinaa
jinaan
jinaana
jinaasa
jinada
jinah
jinaha
jinan
jinana
jinanath
jinanee
jinasa
jinasha
jinaza
jisdhee
jisma
jisthee
jivaza
jiya
jiyaana
jiyana
jizal
jizmeena
jizna
jizumeen
johnston
jooda
joodha
joodhy
joolee
jooliya
joomiya
joona
jooreena
joory
joozfeen
ju-udha
judha
judhuna
juhaidha
juhaina
juhainath
juhana
juheena
juheyna
julaila
julee
juleesa
juli
julia
julie
julisha
juliya
jumaan
jumaana
jumaanaa
jumaanath
jumada
jumaila
jumailath
jumaina
juman
jumana
jumanaa
jumanath
jumanee
jumasa
jumasha
jumath
jumeyla
jumeysa
jummana
jumna
juna
junaadha
junaid
junaida
junaidha
junaidhu
junaih
junaiha
junaihath
junaina
junainath
junana
juneena
juneesha
juneina
juneyha
junia
junier
juniya
jurushooma
jusha
juvaidha
juvaidhaa
juvairiya
juvairiyath
juvairiyya
juveriya
juveyriya
juwadha
juwaida
juwaidha
juwaidhaa
juwaira
juwairia
juwairiya
juwairiyath
juwairiyya
juwaraiyya
juwayriya
juweriya
juweyriya
juweyriyyath
juzuna
kaalo
kaaloa
kaamila
kabulho
kabulo
kadda
kaddaa
kaddha
kadeeja
kadha
kadhdha
kadhdhaa
kadhdhaabee
kafeela
kahekshaan
kahekshan
kaida
kaidaa
kaidha
kaidhaa
kaidhaafaanu
kaidhafaanu
kaiydha
kaiydhaa
kaleemaa
kaley
kaleyfa
kaleyfaan
kaleyfaanu
kaleyfan
kaleyfanu
kaleyge
kaleygefaan
kaleygefaanu
kalhu
kalhuhuththu
kalo
kalyfaanu
kamaal
kamaaluddeen
kamal
kamaldeen
kamaludeen
kamana
kamanaa
kamen
kamil
kamila
kamla
kamlaa
kamroon
kanbulo
kandi
kaneeza
karam
karama
karamath
kareem
kareema
kareen
karin
karishma
karisma
karym
kathma
kathryn
kauba
kaukab
kausar
kausaru
kaushar
kawkab
kawsar
khaalidh
khaalidha
khaalisa
khaashia
khaashiath
khaathoon
khabeer
khadeeja
khadeejaa
khadeejath
khadheeja
khadheejath
khadhijath
khadhima
khadhiyya
khadhyja
khadija
khairee
khairiyya
khairunisa
khairunnisa
khaishooma
khaizran
khaldha
khaleefa
khaleel
khaleela
khaleemath
khalfa
khalid
khalida
khalidh
khalidha
khalig
khaliq
khalisa
khameela
khamisa
khamsana
khan
khareeda
khareedha
khareera
khariyya
khasha
khashi'aa
khashia
khashiya
khashma
khasma
khassath
khatheera
khatherine
khathim
khathima
khathma
khathmaa
khathoon
khathuma
khathumaa
khatoon
khaula
khaulath
khauzath
khawla
khawlath
khazaamaa
khazagath
khazana
khazeena
khazeenath
khazla
khazna
khdheeja
khilna
khisma
khizaama
khoorsheeda
khoorsheedha
khoorusheeda
khoorusheedha
khulaidha
khuldha
khumaira
khurusheeda
khurushida
khuruza
khusama
khusboo
khushama
khushma
khuvaila
khuwaidha
khuwailath
khuzaifath
khuzaima
khuzaimath
khuzama
khuzamath
khuzeima
khuzeyma
khuzifath
khuzuna
kibthiya
kifah
kinaanath
kinanath
kirama
kiran
kiyasath
koi
kokko
krishna
kuda
kudakamana
kudathakur
kude
kudhu
kudu
kulsam
kulsham
kulshan
kulshoom
kulshooma
kulsoom
kulsooma
kulsum
kureyshia
kurik
kurusee
kyesha
la'aal
laafira
laaiza
labeeb
labeeba
labeedha
labeega
labeena
labwa
laena
laesha
lafeera
lafeesath
lafira
lafwa
lafza
lahath
lahfa
lahfaa
lahma
lahufa
lahufan
lahza
laila
lailath
laina
laisa
laisha
laiza
lajna
lajuna
lakhfa
lakhufa
laleetha
lam'aa
lam'ath
lam-aa
lam-aan
lam-ath
lamaa
lamaan
lamath
lameemath
lameera
lamees
lamha
lamhath
lamhathulla
lamiath
lamir
lamira
lamisa
lamiya
lamiyaa
lamma
lamrath
lamsa
lamsha
lamya
lara
lareef
lareefa
lareesha
lasha
latha
lathasa
latheef
latheefa
latheefaa
latheema
lathfiyya
lathifa
lathufa
lathyf
lathyfa
lauha
lauhath
launa
lausa
laushana
lauza
lavza
lawsha
layaal
layaalee
layal
layana
layanath
layoosa
laza
lazahath
lazeena
lazneela
lazza
lazzath
leega
leela
leelaa
leem
leema
leena
leenaz
leenazu
leenia
leeniya
leesa
leesha
leeshan
leeshana
leeshiya
leesiya
leevan
leeviya
leeza
leezaa
leezath
leeziya
leezy
leona
lezley
lh'uha
lhahuththu
lhamir
lhathuththu
libdha
lifaath
lifasa
lifleena
lifsa
lifsan
lifsha
lifusa
lihaz
lihuriyya
lileena
lileesha
lilian
lily
lilytha
limna
limsa
limshana
limya
lina
linasha
lindha
linnea
lioosa
lirara
lirarath
lirashath
lirusana
lisa
lisaana
lisama
lisana
lisha
lisham
lishama
lishan
lishana
lishanee
lishaza
lishma
liufa
liuna
liusa
liusaana
liusana
liuseema
liusha
liushaa
liushaad
liushadha
liushan
liushana
liuvina
liuza
liuzana
liva
livaza
livsha
livshana
livza
liwaza
liyaana
liyaau
liyaaza
liyagath
liyaza
liyooni
liyoosa
liyoosha
liyusa
liyusha
liyushana
liyuza
lizama
lizee
lizeena
lizfa
liziyan
lizna
lizufa
lizuma
lizuna
lizveen
lizvy
lizy
lizzie
lizzy
lliyusa
loeefa
lofath
lofwath
loma
lomara
lomir
lomra
lomrath
looba
loobath
loofa
loolua
loona
loosa
loosha
looshiya
loosia
loosiana
loosiya
loosiyaa
loosy
looza
looziya
loreefa
louza
loveza
lu-lua
lu-u-lua
lua
luaau
lubaana
lubaanath
lubaba
lubaina
lubana
lubanath
lubna
lubnaa
lubuna
lubunaa
lucia
luciyana
lucy
ludhoona
ludhuna
lufsa
lufsha
lufusa
lugma
lugmaan
lugman
lugna
lugubana
lugumaan
luguman
luha
luhaa
luhuma
luhusaana
luhushan
luisha
luiza
luizaa
lujain
lujaina
lujma
lulu
lumma
lummath
lumna
lumuna
luna
lushana
luthfa
luthfee
luthfi
luthfiyya
luthfy
luthphy
luthufa
luthufbaan
luthufee
luthufy
luvaisha
luvaiza
luveyza
luwaiza
luyoona
luzhath
luziyana
luzuna
lyla
lyna
m
ma'aana
ma-aanath
ma-aasir
ma-ana
ma-asha
maaee
maaesa
maah
maaha
maahaa
maahazaar
maaheenooz
maahenaz
maahida
maahidha
maahidhaa
maahin
maahir
maahira
maahiru
maahiyaa
maahliga
maahthaab
maahu
maahy
maaida
maaidath
maaidha
maaira
maais
maaisa
maaisha
maaishaa
maaishath
maaiza
maajida
maajidaa
maajidha
maakhath
maal
maala
maalaa
maalika
maaliya
maana
maanee
maany
maareen
maarina
maarishath
maariya
maariyaa
maariyath
maariyya
maasa
maasee
maasha
maashaa
maashira
maashitha
maashitho
maashiya
maasiha
maasira
maasitha
maasithaa
maastha
maavee
maavy
maaya
maaziya
mabrooka
mabroor
mabrouka
madaha
madeeh
madeeha
madeena
madhaha
madhahath
madhaniyya
madhaniyyath
madhath
madheeh
madheeha
madhiha
madhiyaana
madhufooa
madhuhooma
madhuyana
madhyha
madiyana
maduha
madyaana
maee
maeesa
maeesha
maeroona
maesa
maesha
maeysha
mafaaza
mafaazath
mafaza
mafazath
mafdhooha
mafrooq
mafthooha
magidha
mah
maha
mahaa
mahaarath
mahaasin
mahamood
mahamooda
mahamoodh
mahamoodha
mahamoodhu
maharath
mahasin
mahdha
mahdhiyath
mahdhiyya
mahdhoodha
mahdi
mahdiyya
mahdiyyath
mahee
maheeda
maheen
maheena
maheera
mahenaaz
mahfa
mahfooz
mahfooza
mahid
mahida
mahidha
mahir
mahira
mahiya
mahjabeen
mahmood
mahmoodh
mahmoodha
mahoosha
mahreen
mahreena
mahroosa
mahthooma
mahu
mahubooba
mahudha
mahudhee
mahudheena
mahudhiyaa
mahudhiyya
mahudhiyyath
mahudiyya
mahudiyyath
mahufooza
mahufoozaa
mahumood
mahumoodh
mahumoodha
mahurama
mahureena
mahuroo
mahuroosa
mahushoodha
mahusoodha
mahuza
mahy
mahyra
mahzooma
mahzoon
maidha
maiha
mailan
maimoon
maimoona
maimoonath
main
maina
maira
maisa
maisaa
maisan
maisara
maisarath
maisath
maisha
maisham
maisharath
maishath
maisoon
maisoora
maisu
maiza
majda
majdee
majdha
majdhee
majdhy
majdy
majeed
majeeda
majeedh
majeedha
majid
majida
majidh
majidha
majira
majoodha
majraiha
majrooha
majuda
majudee
majudha
majudhiyya
majudiyya
majuna
majyd
makeena
makhdhooma
makhfooza
makhthooma
makhuthooma
makhuzooma
mala
malaaha
malaahaa
malaahath
malaak
malaaz
malaha
malahaa
malahath
malaka
malakha
malaky
malaz
malaza
malda
maldha
maleeha
maleehath
maleeka
maleekha
maleela
maleesa
maleesha
malha
malhath
malik
malika
maliya
malsa
malveena
malysa
mamdhooda
mamdhoodha
mamdhooh
mamdhooha
mamdhoona
mamdhoosa
mamdooda
mamdooh
mamdooha
mamla
mamlooma
mamna
mamnoona
mamsha
mamshooga
mamsooda
mamsoodha
mamsooha
man
manaahil
manaal
manaarath
manaim
manal
manarath
mandhooha
mandoohaa
manee
maneeha
manha
manhaath
manhal
mania
manik
manike
manikfaan
manikfaanu
manikfan
manikfanu
maniku
manikufaan
manikufaanu
manisa
manish
manje
manna
mannaan
mannan
manoosha
mansha
mansham
manshoodha
manshoora
mansooda
mansoodha
mansoor
mansoora
manweela
maoona
maoosha
maqbool
maqsoodha
mareeka
mareen
mareena
mareenaa
mareesha
mareeza
maria
mariam
mariaym
marie
marilyn
marina
marisa
marisath
marium
mariya
mariyam
mariyath
mariyathul
mariyya
marjeena
marnie
marsha
marsiyya
marsooma
marudhoora
maruha
marujanaa
marujeena
marushiya
maruzoora
mary
maryam
marysha
masa
maseeh
maseeha
maseera
masha
mashan
mashee
masheea
masheeda
masheeha
mashfooga
mashhooda
mashiath
mashida
mashidha
mashitha
mashiya
mashiyya
mashiyyath
mashooda
mashoodha
mashroora
masiha
masitha
masithaa
masitho
masiya
maskhooba
masood
masooda
masoodha
masoona
masroora
masrura
massooda
masthoora
masuooda
masuoodha
matheeha
matheen
matheena
mathia
mathlooba
maudhilath
maudhoodha
maufooza
maujoodha
maumoon
maumoona
mauna
maunaa
maunath
mauoona
maura
maureen
maurifa
maurisha
mauroof
mauroofa
mauroosha
mausamee
mausamy
mausha
maushamee
maushamie
maushath
maushoog
maushooga
maushooqa
mausiyya
mausooda
mausoodha
mausoof
mausoom
mausooma
mausoora
mausuma
mauva
mauveen
mauwa
mauza
mauzamee
mauzath
mauzooma
mavaaza
mavee
mavy
mawsoodha
maya
mayaa
maz-uma
mazaya
mazeeda
mazeedha
mazeeha
mazeela
mazeena
mazeera
mazha
mazina
mazinee
maziya
maziyya
mazkoora
mazleen
mazleena
mazlifa
mazmoona
mazmoora
mazna
mazneen
mazoona
mazra
mazuha
mazumoona
mazuna
meefau
meena
meenaaz
meenas
meenaz
meenaza
meera
meesa
meesaan
meesam
meesha
meesham
meeza
mehejabeen
mehenaz
mehera
meherbaan
mehereen
mehereena
meherine
meheruban
meherunnisa
mehery
meheryna
mehureen
miaaza
mibsam
michal
michelle
midh-hath
midhath
midhfa
midhha
midhhath
midhla
midhna
midhuha
midhuhath
midleena
miduhath
mifaza
mifazaa
mifdha
mifha
mifthaahun
mifthaha
mifza
mihaadha
mihada
mihadha
mihaza
mihdha
mihfa
mihna
mihnath
mihsaan
mihsana
mihudha
mihuna
mihunaa
mihunath
mihureena
mihusaana
mihusana
mikyal
milaah
milah
milan
milha
milhana
millath
milma
milna
milnaa
milsa
milsha
milza
mimha
min'aa
min-aa
mina
minaam
minha
minhaa
minhath
minna
minnaa
minnath
minsha
minwa
mirasa
mirasha
mirfath
mirhaan
mirhath
mirsha
miruaath
mirubah
mirufa
mirufath
mirufathunnisa
mirusa
mirusha
miruza
miruzaama
miruzana
mirza
misa
misbah
misbaha
mish'aal
misha
mishail
mishal
mishfa
mishmisha
mishya
misnaz
misra
misree
misriyya
mithna
mithuna
miuna
miusa
miusha
miuza
miyaadha
miyaadhaa
miyaana
miyada
miyadha
miyadhan
miyaza
miyusan
mizaana
mizath
mizdath
mizdha
mizfa
mizha
mizhath
miziyan
mizla
mizmaa
mizna
mizufaa
mizuha
mizuhath
mizumath
mizuna
mizy
mizyana
mizza
moahmed
mohamad
mohamd
mohamed
mohammed
mohmed
mona
monique
moofeena
mooha
moohath
moomin
moomina
moona
moonifa
moonis
moonisa
moonisha
mooniza
moorisa
moosa
moosaa
mooshiya
moosima
mriyam
muaanisa
muaaza
muamilath
muana
muasaa
muavina
muaviyath
muaz
muaza
muazizaa
mubaarak
mubaha
mubarik
mubarika
mubeen
mubeena
mubsira
mubthasimaa
mueed
mueeda
mueedha
mueen
mueena
mueenaa
mueenu
mueesa
mueeza
mufaahath
mufasha
mufeed
mufeeda
mufeedh
mufeedha
mufeedhu
mufeeza
mufla
mufleena
muflia
mufliha
mufliya
mufniha
mufthiha
mufthiyaz
mufuliha
mufuliya
mugeetha
mughnee
mughni
mughunee
mugnee
mugunee
muha
muhaasin
muhaimin
muhaimina
muhaisina
muhammad
muhammadh
muhammed
muharrimath
muheen
muhiddeen
muhidhdheen
muhoorath
muhsifa
muhsin
muhsina
muhsinaa
muhuda
muhudha
muhuja
muhulisa
muhusin
muhusina
muhusiya
muhyuddeen
muina
muizzath
mujeeba
mujthaba
mujuma
mujuna
mujuthaba
mukhlisa
mukhshiya
mukhtar
mukhthaar
mukhthar
mukhthara
mukhulisa
mukhushiya
mukhutar
mukhuthaar
mukhuthar
mukhuthara
mukshiya
muksiya
mular
mularu
mulaza
mulha
mumaarasa
mumahjada
mumin
mumina
mumthaaz
mumthaz
mumthaza
muna
munaa
munaahath
munaasha
munabbih
munaifa
munal
munasa
munasha
munasiyath
munavara
munavvar
munavvarath
munawwar
munawwara
munawwaree
munaz
munaza
munee
muneeba
muneedha
muneefa
muneer
muneera
muneeraa
muneesa
muneesha
muneez
muneeza
muniathunnufoos
munim
munima
muniya
muniyaa
muniyathuhnufoos
muniyathunnisa
muniyathunnufoos
muniyathunnufoosu
muniyya
muniyyath
muniyyathunnufoos
munni
munnim
munnima
munniyya
munsha
munshida
munshidha
munsidha
munsifa
munsira
munthaha
munthahaz
munthaqima
munthaz
munya
munyath
munyra
munzir
munzira
munziru
muraarath
murad
muradh
muroona
murrath
murshid
murshida
murshidha
murthalo
muruath
murushid
murushida
murushidha
murushima
murusidha
murusila
muruthala
musaath
musafa
museela
museera
musfiqa
musfira
mushafa
mushaiba
musheeda
musheera
mushfa
mushrifa
mushthaaq
mushthag
mushtharee
mushthavee
musidha
muskina
muslifa
musliha
muslihaa
muslima
muslimaa
musrifa
mussavvira
mussida
mustafa
musthafa
musthag
musthageema
musthahana
musthamilath
musthaq
musthaqeema
musthofa
muthalib
muthasima
mutheeath
mutheeu
muththalib
muvaza
muwaza
muzada
muzaina
muzainath
muzamila
muzana
muzhira
muzlifa
muzmeela
muzmila
muzna
muznaa
muznath
muzneena
muznidha
muzuhira
muzulifa
muzuma
muzumeedha
muzumeena
muzumila
muzumina
muzuna
muzunaa
muzza
mysha
mysoon
na-am
naabia
naadath
naadha
naadhaa
naadhilaa
naadhima
naadhira
naadhiya
naadhiyaa
naafa
naafia
naafiya
naafiyath
naafiza
naafizaa
naahee
naaheed
naaheedh
naaheedha
naaheen
naahida
naahidha
naahidhaa
naahiya
naahy
naaidha
naaif
naaifa
naaifaa
naaila
naailaa
naaima
naaisha
naaishaa
naajee
naajila
naajilaa
naajiya
naajy
naalinee
naalnee
naameen
naanee
naanisa
naashia
naashiba
naashida
naashidh
naashidha
naashidhaa
naashifa
naashiya
naashiyath
naasifa
naasiha
naasihaa
naasir
naasira
naasiraa
naasiya
naathifa
naathija
naayifa
naaz
naaza
naazbeen
naazee
naazeen
naazia
naaziha
naazila
naazima
naazimaa
naazinee
naazira
naazireena
naaziya
naazlee
naazleen
naazleena
naazly
naazlyn
naazmee
naazmeen
naazna
naaznee
naazneen
naazneena
naazny
naazreena
naazrina
naazu
naazulee
naazuleena
naazumaa
naazumee
naazumeena
naazuna
naazunee
naazuneen
naazuneena
nabaa
nabaaha
nabaahath
nabaha
nabahaa
nabahath
nabeeh
nabeeha
nabeela
nabeena
nabeesa
nabeha
nabiya
nabreesa
nabreesha
nabyla
nada
nadee
nadeeha
nadeem
nadeema
nadh-ha
nadha
nadhaa
nadheefa
nadheeha
nadheela
nadheem
nadheema
nadheemaa
nadheen
nadheera
nadhiha
nadhila
nadhima
nadhira
nadhiraa
nadhisa
nadhiya
nadhiyath
nadhiyya
nadhra
nadhrath
nadhuha
nadhuva
nadhuwa
nadhwa
nadhwaa
nadia
nadima
nadin
nadine
nadira
nadiya
nadiyya
nadua
naduha
naeedha
naeela
naeem
naeema
naeesha
naezoona
naf'aa
naf'ath
nafa
nafa'th
nafaa
nafaahath
nafaasha
nafaath
nafahaath
nafahath
nafasa
nafasha
nafath
nafau
nafea
nafeedha
nafeeha
nafeela
nafees
nafeesa
naffa
naffah
naffasha
naffath
nafha
nafhaa
nafhath
nafia
nafiath
nafila
nafisa
nafiu
nafiya
nafiz
nafiza
nafizaa
nafkha
nafla
naflana
naflath
nafra
nafroosa
nafsa
nafsaana
nafsana
nafseena
nafsha
nafua
nafuath
nafuha
nafuza
nafza
nageema
naghma
naghuma
nagisa
nagiyya
nagma
naguhath
naguma
naha
nahaarath
nahara
nahda
nahdha
nahdhiyya
nahdiyya
nahee
naheed
naheeda
naheen
nahfa
nahid
nahida
nahidaa
nahidha
nahidhaa
nahiya
nahiza
nahla
nahlaa
nahma
nahooda
nahoodha
nahreen
nahreena
nahsha
nahshadha
nahuda
nahudha
nahudhaa
nahudhiyya
nahudiyya
nahufa
nahula
nahulaa
nahuma
nahumaa
nahumath
nahusa
nahusha
nahushadhu
nahushana
nahuza
nahuzaa
nahuzath
nahwa
nahza
nahzaa
nahzaadha
nahzath
nahzeema
naidha
naif
naifa
naifaa
naifeen
naifin
naila
nailaa
naima
naira
naisha
naishan
naishath
naiween
naiza
naizoona
naja
najaa
najaabath
najaaha
najaahaa
najaahath
najaath
najadha
najah
najaha
najahath
najath
najatha
najathu
najda
najdha
najdhaa
najee
najeeb
najeeba
najeefa
najeeha
najeekha
najeel
najeela
najeelaa
najfa
naji
najida
najidha
najiha
najila
najilaa
najilath
najiya
najiyya
najiza
najla
najlaa
najma
najmaa
najmee
najmeena
najmunnisa
najmy
najna
najood
najuda
najudha
najufa
najula
najulaa
najulau
najuma
najumaa
najumee
najumunnisa
najuna
najunaa
najuva
najuwa
najuza
najva
najwa
najwan
najy
nakhath
nakhfa
nakhla
nakhma
nakhsha
nakhuda
nakhufa
nakhula
nakhulaa
nakhuma
nakhumaa
nakhusha
nakhuva
naleema
nalinee
nalini
nalnee
nalurathu
nalyfa
nama
nameela
nameera
namidha
namirath
namiya
namiyaa
namla
namra
namraa
namrath
namy
namza
nan
nanda
nandha
naqsha
nareeha
nareema
nareeman
nareen
nareena
nareesha
nargis
narmeen
narmyn
naroosha
narugis
narujis
narujisa
narumeen
narumeena
naryma
nasa
nasaath
nasaaya
nasaha
nasama
nasath
nasatha
nasaya
naseeba
naseeda
naseedha
naseefa
naseefath
naseeh
naseeha
naseeka
naseekaa
naseem
naseema
naseena
naseer
naseera
naseesa
naseeth
naseetha
nasfa
nasfaa
nash'a
nash'aa
nash'ath
nash-ath
nasha
nasha'aa
nashaa
nashaath
nashaaya
nashaayaa
nashad
nashama
nashath
nashatha
nashathath
nashathu
nashaya
nashaz
nashda
nasheeba
nasheed
nasheeda
nasheedh
nasheedha
nasheedhaa
nasheeka
nasheela
nasheesa
nasheetha
nashfa
nashfaa
nashia
nashiaa
nashid
nashida
nashidaa
nashidh
nashidha
nashidhaa
nashifa
nashiha
nashima
nashira
nashita
nashitha
nashithaa
nashitho
nashiya
nashiza
nashma
nashmee
nashmy
nashoou
nashra
nashrath
nashreen
nashreena
nashriyya
nashtha
nashva
nashwa
nashyda
nashydha
nasia
nasiath
nasiba
nasida
nasidha
nasif
nasifa
nasih
nasiha
nasihaa
nasikha
nasima
nasir
nasira
nasiraa
nasiriyya
nasiru
nasitha
nasiya
nasiyaa
nasiyath
nasiyya
nasla
nasleen
nasleena
nasma
nasmaa
nasmeena
nasmy
nasofa
nasooha
nasra
nasraa
nasraana
nasrath
nasree
nasreefa
nasreema
nasreen
nasreena
nasriyya
nasrudhdheen
nasrudheen
nasrulla
nasrullah
nasrunnisa
nasry
nasva
nasvan
naswa
naswa'
nasyha
nasym
nasyr
nathaasha
nathaashaa
nathalia
nathalie
nathasa
nathasaa
nathasha
nathashaa
natheela
nathfa
nathifa
nathiga
nathira
nathleesa
naufa
naufath
nauha
naula
nauma
naumath
naumee
naura
naurin
nausa
nausha
naushaan
naushada
naushama
naushan
naushana
naushath
nausheen
nautha
navaal
navaza
naveela
naveeza
navla
nawa
nawaal
nawafa
nawaim
nawal
nawar
nawaz
nawaza
naweela
nawfa
nawla
nawsha
nawwaafu
nawza
nayasa
nayasheen
nayaza
naym
naz
naza
nazaafa
nazaafath
nazaaha
nazaahath
nazaha
nazahath
nazala
nazara
nazda
nazdha
nazdheek
nazee
nazeedha
nazeef
nazeefa
nazeeha
nazeehaa
nazeehath
nazeela
nazeema
nazeen
nazeena
nazeer
nazeera
nazfa
nazfaa
nazha
nazhaa
nazhath
nazheena
nazi
nazia
nazidha
nazifa
naziha
nazik
nazila
nazilaa
nazilee
nazim
nazima
nazina
nazinath
nazira
naziya
naziyaa
naziyya
nazla
nazlaa
nazlee
nazleefa
nazleeha
nazleela
nazleema
nazleen
nazleena
nazlifa
nazly
nazma
nazmath
nazmee
nazmeela
nazmeen
nazmeena
nazmiyya
nazmy
nazmyla
nazna
naznee
nazneeda
nazneen
nazneena
nazny
nazra
nazrana
nazrath
nazree
nazreena
nazudha
nazufa
nazuha
nazuhath
nazuhathu
nazula
nazulee
nazuleema
nazuma
nazumath
nazumee
nazumeena
nazuna
nazunaa
nazunee
nazuneen
nazuneena
nazura
nazuraana
nazurana
nazurath
nazuviya
nazuwiya
nazviya
nazwa
nazween
nazwiyya
nazy
nazyma
nazyra
nazza
neefeen
neehan
neel
neela
neelam
neelama
neelee
neeliya
neelma
neely
neema
neemaa
neena
neenaan
neenaas
neenaaya
neenan
neera
neeris
neesa
neesaa
neesan
neesha
neeshan
neeshath
neevan
neeveen
neevina
neeza
neezadha
neeziya
nelfa
neomi
nestha
neveen
nezleen
niaashaa
niam
niama
niaza
nibha
nidha
nifa
nifasa
nifasha
nifaya
nifaza
nifla
nifleen
nifraana
nifsa
nifsha
nifshana
nifsheena
nifza
nifzana
niha
nihaad
nihaadh
nihaadha
nihaaee
nihaam
nihaama
nihaamaa
nihaan
nihaana
nihaara
nihaaza
nihad
nihada
nihadha
niham
nihama
nihan
nihana
nihani
nihany
nihau
nihaya
nihayath
nihaz
nihaza
nihla
nihula
nihureeza
nihurinnisa
nikhaath
nilaama
nilam
nilama
nilamaa
nilasha
nilee
nileysha
nilfa
nilma
nilna
niloofa
niloofer
nilooma
niloona
nilsana
nima
nimaala
nimaalath
nimadha
nimal
nimala
nimalath
nimasha
nimaza
nimhaza
nimla
nimmu
nimsha
nimshadha
nimtha
nina
ninan
ninasha
ninna
nioosa
niraasha
nirasa
nirasha
nirmala
nirmeen
niroosha
nirosa
niroza
nirufa
nirumeen
nirusha
nirushana
nirusheedha
nisa
nisaa
nisaama
nisaha
nisama
nisana
nisanath
nisau
nisdha
nisee
nisfa
nisfaa
nisha
nishaadha
nishaama
nishaamaa
nishaan
nishaana
nishaath
nishaathaa
nishaaza
nishad
nishada
nishadha
nishafa
nisham
nishama
nishan
nishana
nishanaa
nishany
nishar
nishara
nishath
nishatha
nishau
nishaya
nishayath
nishaza
nishdha
nishee
nishfa
nishreen
nishreena
nishva
nishvath
nishwa
nishwath
nishy
nisi
nisma
nisneen
nisreen
nisreena
nisryn
nistharan
nisvaa
niswa
niswan
niswath
nisy
niufa
niufeen
niula
niuleena
niuma
niumaa
niumaath
niumath
niumathulla
niumathunnisha
niuna
niusa
niusaa
niusha
niushaa
niushan
niushana
niuza
niuzeena
niveen
niyaadha
niyaaf
niyaama
niyaasa
niyaasha
niyaaz
niyaaza
niyaazaa
niyadha
niyaf
niyama
niyan
niyasa
niyasha
niyaz
niyaza
niyusha
nizaama
nizaar
nizaaru
nizam
nizama
nizamaa
nizana
nizar
nizara
nizariyya
nizaru
nizath
nizdha
nizee
nizeema
nizfa
nizha
nizhath
nizla
nizlee
nizleena
nizma
nizmeen
nizmeena
nizna
niznee
nizny
nizuhath
nizula
nizulee
nizuma
nizuna
nizuneen
nizvee
nizwee
nizy
noara
noofa
nooh
nooma
nooman
noona
noor
noora
nooraa
nooraddeen
nooral
nooralhuda
noorannaaharu
noorannahaar
noorannahaaru
noorannahar
noorannaharu
nooranniuma
noorassalama
noorath
noorbeen
noorbeena
noordeen
nooree
nooreen
noori
noorie
noorisa
nooriyya
nooriyyath
nooru
noorubaan
noorubeena
noorul
noorulhudha
noorunnahaaru
noorunnajma
noorunnazima
noorunnisa
noorusheedha
noorussaadha
noorussabah
nooruzada
nooruzadha
nooryn
noorzadha
noosha
nooshadha
nooshin
nouma
nu'uma
nu-uma
nuasha
nubai
nubla
nubua
nudhuha
nudhura
nuduha
nufa
nuffath
nufoosa
nufooza
nuga
nuha
nuhaa
nuhuza
nuhza
nujfa
nujoom
nujufa
null
numa
numaan
numan
nur
nurain
nusaiba
nusaibath
nusfa
nusha
nushafa
nushath
nushfa
nushoora
nushooza
nushra
nushrath
nuskiyya
nusla
nusoou
nusra
nusrath
nusrathulla
nusrathunnisa
nuthufa
nuwaila
nuwaira
nuwana
nuzaahath
nuzair
nuzdha
nuzfa
nuzha
nuzhath
nuzhuath
nuzla
nuzlifa
nuzma
nuzna
nuzra
nuzrath
nuzuath
nuzudha
nuzufa
nuzufath
nuzuha
nuzuhaa
nuzuhath
nuzuhathunnisa
nuzukha
nuzula
nuzuma
nuzuna
nuzunaa
nuzura
nyfyn
nyna
ofeelia
ofeeliya
offeeliya
omar
oola
oona
oosha
panabokke
pareeza
pariyaz
parker
parueena
paruveen
parveen
pauli
pereesa
philameena
qaadir
qaaimaa
qaasim
qadheer
qadhir
qadhiru
qadir
qafoor
qamariyya
qamariyyath
qamarunnisa
qanee
qani
qany
qaseema
qasim
qayyoom
qisaama
qismath
qiyasa
qubadhu
qudhoosa
qulma
qulrooh
quraish
quraisha
quraishath
raabia
raabiaa
raabiath
raabiya
raadha
raafia
raafiu
raafiyaa
raagiya
raagiyaa
raahath
raaheen
raahila
raaia
raaidha
raaiha
raaisa
raaiyaa
raamiz
raamiza
raamizaa
raanee
raaniya
raashid
raashida
raashidaa
raashidh
raashidha
raashidhaa
raashiya
raasiya
raathifa
raaviya
raaya
raayaa
raazee
raaziya
rabdha
rabeea
rabeeaa
rabeeath
rabeeha
rabeemath
rabeeu
rabia
rabiath
rabiya
radheefa
radhma
radhshan
rae
raeedha
raeef
raeefa
raeesa
rafa
rafaa
rafaa-ath
rafaah
rafaahiya
rafaal
rafah
rafaha
rafahaa
rafahiyath
rafeea
rafeefa
rafeeg
rafeega
rafeegu
rafeeq
rafeeqa
rafeeu
rafha
rafhan
rafhath
rafia
rafiaa
rafiath
rafiu
rafiya
rafiyya
rafla
rafsa
rafsha
rafyaa
rafyq
ragada
rageeb
rageeba
raghdha
ragiba
ragiya
ragiyath
raha
rahaa
rahath
raheeg
raheega
raheel
raheela
raheem
raheema
raheemaa
raheen
rahima
rahimath
rahma
rahmaa
rahmaan
rahman
rahmath
rahmatha
rahmathulla
rahmathullah
rahmathunnisa
rahmathunnisaa
rahsa
rahula
rahuma
rahumaan
rahuman
rahumath
rahumathunnisa
rahumathunnisha
rahuna
rahushath
rahuza
rahym
raida
raidha
raifa
raihaana
raihan
raihana
raihanath
raiheen
raikhana
raima
raina
raisha
raisham
raishan
raiyan
rajeena
raji
rajiha
rajna
rajnee
rajni
rajula
rajunee
rajuni
rakhushath
rakhuwa
raksha
raliya
ramaaza
ramalathul
rameela
rameesha
rameez
rameeza
ramiez
ramisa
ramisha
ramiya
ramiz
ramiza
ramla
ramlaa
ramlath
ramleena
ramsha
ramsheena
ramyza
ramza
ramzaa
ramzana
ramzath
ramzee
ramzeela
ramzeena
ramziyya
ramzy
rana
ranaa
randa
randha
raneyza
rani
rania
raniya
raniyya
rany
ranya
raoof
raoofa
raoofaa
raqeeba
rasaanu
rasanath
rasda
raseefa
raseena
rasfa
rasfaa
rasha
rashaa
rashaad
rashaadh
rashaaga
rashad
rashadh
rashaga
rashagath
rashaqa
rashda
rashdha
rasheed
rasheeda
rasheedh
rasheedha
rasheedhaa
rasheega
rashfa
rashia
rashid
rashida
rashidh
rashidha
rashma
rashmee
rashna
rashyd
rashyda
rashydh
rashydha
rasia
rasima
rasiya
rasla
rasma
rasona
rastho
ratheeba
rathia
rathiba
rathifa
rathna
rathuna
rathuva
rathuwath
rathyba
rauda
raudha
rauf
raufa
raufaa
raufath
raufiyya
raufuddeen
rauha
rauhaath
rauhath
rauhiyya
raula
raulah
raulath
rauna
rauoof
rausa
rausaana
rausha
raushaana
raushan
raushana
rauya
rauza
rauzee
rauzy
raveena
ravha
raviya
ravsham
rawha
rawla
rawna
rawshan
rawza
rawzath
raya
rayaa
rayaaheen
rayaeen
rayaheen
raynoo
raysham
rayshma
rayya
rayyana
razaag
razaan
razaana
razaaq
razak
razala
razan
razana
razee
razeefa
razeega
razeela
razeema
razeen
razeena
razeenaa
razeeqa
razi
razie
razima
raziya
raziyya
razlee
razma
razmila
razna
raznee
razniyya
razuna
razuva
razy
razyna
razzaag
razzaaq
razzag
razzak
razzan
razzaq
reehaam
reehaana
reehan
reehana
reekhan
reelath
reem
reema
reeman
reemaz
reena
reenaaz
reenaz
reenee
reeni
reeny
reesa
reesan
reesha
reesham
reeshan
reeshana
reetha
reetho
reeza
rehendhi
reke
rekedhiye
rekediye
rekee
rekeefaanu
reki
rekibee
rekibeefaanu
rekidhie
remeela
remeeza
renee
reynu
reysham
reyshma
reysma
reznee
rhula
ri-ifa
riada
riasa
riayath
ricza
ridheema
rif'aa
rif-aa
rifa
rifa'aa
rifa'ath
rifa-aa
rifa-ath
rifaa
rifaa-ath
rifaah
rifaasha
rifaath
rifaau
rifaaya
rifaayath
rifaee
rifaga
rifah
rifahath
rifan
rifana
rifasa
rifasha
rifashath
rifath
rifau
rifaya
rifaza
rifdana
rifdha
riffath
rifga
rifgath
rifka
rifla
riflath
rifna
rifneeza
rifqa
rifsa
rifsana
rifsath
rifseen
rifseena
rifsha
rifshaana
rifshan
rifshana
rifsheen
rifsheena
rifua
rifuath
rifva
rifza
rifzan
rigab
rihanee
rihla
rihula
rihulaa
rihulath
rihuma
rihusana
rijsa
rijuza
rijza
rikhsha
rikhushana
rikhwa
riksa
riksha
rikuza
rikza
rileena
rilfa
riluwana
rilvana
rilwan
rilwana
rilweena
rima
rimaah
rimaaza
rimaha
rimana
rimasha
rimaza
rimi
rimna
rimsa
rimsha
rimshau
rimza
rimzy
rina
rinaa
rinasa
rinaza
rindha
rinoza
rinshifa
rinzee
rinzeefa
rinzeena
rinzifa
rinzy
risaala
risaalath
risaama
risada
risadha
risal
risala
risalath
risama
risana
risda
risdha
risfa
risfana
risfha
rish'ath
risha
rishaad
rishaala
rishaalath
rishaan
rishaana
rishada
rishadha
rishala
rishama
rishana
rishanaa
rishath
rishda
rishdha
risheefa
rishfa
rishfaa
rishfaan
rishfana
rishga
rishma
rishmee
rishmeen
rishmeena
rishmy
rishna
rishoofa
rishtha
rishthaa
rishvan
rishwa
rishwaan
rishwan
rishwana
rishwanee
rishweena
risla
rislaa
risma
rismaa
rismee
rismeen
rismy
risna
ristha
riswa
riswada
riufa
riulath
riuman
riuna
riusa
riusana
riusha
riushan
riushana
riuza
riva
rivaasha
rivasha
riwasa
riyaadha
riyaasa
riyaasaa
riyaasha
riyaaz
riyaaza
riyadha
riyana
riyasa
riyasaa
riyasha
riyaz
riyaza
riyazaa
riyazath
riyusha
riyyinaz
riza
rizaa
rizaamaa
rizaana
rizala
rizama
rizana
rizany
rizfa
rizha
rizla
rizleen
rizleena
rizlyna
rizma
rizmee
rizmeela
rizmeen
rizmeena
rizmy
rizna
riznee
rizneen
rizneena
rizniya
rizny
rizula
rizuma
rizumeena
rizuna
rizunaa
rizunee
rizuvana
rizuweena
rizveena
rizviya
rizwaana
rizwan
rizwana
rizween
rizweena
rizya
roashanee
roasheen
roazleen
roazly
roazmeen
roazy
robinson
rooba
roobeena
roofa
roohee
roohy
rooma
roomaa
rooman
roona
rooya
rooza
roshan
rosheen
roshmy
rosy
rouya
roza
rozaina
rozly
rozlyn
rozmeena
rozy
ru'uba
ru'ufa
ru'una
ru'uya
ru-udha
ru-uya
ruaina
rubeena
rubina
rubsha
rufa
rufaida
rufaidha
rufaila
rufga
rugaamaa
ruggiyya
rugiyya
rugiyyaa
rugiyyath
ruhaila
ruhma
ruhsana
ruhsha
ruhshana
ruhuma
ruhusa
ruhusaana
ruhusana
ruhusath
ruhusha
ruhushy
ruhuzy
ruhy
ruhyna
rujuma
rukhoosha
rukhsa
rukhsaana
rukhsaar
rukhsana
rukhseena
rukhsha
rukhshaana
rukhshana
rukhshath
rukhuna
rukhusa
rukhusaana
rukhusana
rukhusee
rukhusha
rukhushana
rukhushath
rukhushy
rukma
rukshana
rukusana
rukushana
rula
rumaiza
rumeesa
rumeyshiya
rumeysia
rumeysiya
rumoosh
rumoosha
rumooza
rumza
runa
ruqiya
ruqiyya
ruqiyyath
rusda
rusdha
rusdhana
rusdhoona
rushaha
rushda
rushdee
rushdha
rushdhee
rushdhy
rushdi
rushdy
rushfa
rushika
rushma
rushoona
rushtha
rusna
rustha
rusthooma
rusthuma
ruthba
ruthuba
ruvaidha
ruvaidhaa
ruvaisha
ruwaidha
ruweydha
ruya
ruzaana
ruzaina
ruzana
ruzna
ruzula
ruzuna
ryma
ryna
rynaaz
rysha
sa
sa'aadha
sa'ada
sa'adh
sa'adha
saabiga
saabiq
saabira
saabiraa
saada
saadee
saadh
saadha
saadhaa
saadhath
saadhiga
saadhila
saadhima
saadhisa
saadhiya
saadhiyaa
saadhna
saadhuna
saadhunaa
saadigu
saadima
saadiq
saadiya
saadna
saadnaa
saaduna
saadunaa
saaee
saafeena
saafiath
saafina
saafiya
saafiyath
saafumalaa
saafzada
saagiba
saagibaa
saagiya
saahath
saaheena
saahida
saahira
saahiya
saahma
saaiba
saaida
saaidha
saaidhaa
saaifa
saaiga
saaigaa
saaiha
saaila
saaima
saaina
saaiqa
saaira
saairaa
saaistha
saajee
saajida
saajidaa
saajidha
saajidhaa
saajiyath
saalath
saaleena
saalih
saaliha
saalika
saalim
saalima
saalinee
saalini
saalisa
saaliya
saaloo
saaly
saama
saamaa
saamath
saamathu
saamee
saamiha
saamil
saamila
saamilaa
saamira
saamiya
saamiyaa
saammath
saamuna
saan
saana
saanee
saaneei
saaneeza
saanidha
saanifa
saaniga
saanigaa
saaniha
saaniya
saaniyaa
saany
saara
saaraa
saarah
saarath
saardha
saaridha
saarima
saariya
saarra
saarudha
saarudhaa
saathee
saaya
saazdha
saazeena
saaziya
saazlee
saazleen
saazly
saazmeen
saazna
saazudha
saazuly
saazuna
saazunee
saba
sabaa
sabaah
sabaaha
sabaahath
sabaana
sabah
sabaha
sabahath
sabana
sabau
sabeeha
sabeela
sabeena
sabena
sabia
sabiath
sabig
sabiga
sabina
sabiq
sabir
sabira
sabiya
sabiyya
sabra
sabree
sabreena
sabry
sada
sadaa
sadath
saddiya
sadha
sadhaa
sadhaagath
sadhaf
sadhagath
sadhana
sadheeda
sadheega
sadheema
sadheena
sadhiga
sadhila
sadhima
sadhina
sadhira
sadhiya
sadhla
sadhma
sadhmaa
sadhna
sadhra
sadhufa
sadhuha
sadhuma
sadhuna
sadhunaa
sadhura
sadhyqa
sadia
sadig
sadiga
sadila
sadima
sadiq
sadiya
sadma
sadna
sadra
sadufa
saduma
saduna
saeed
saeeda
saeedh
saeedha
saeedhaa
saeedhu
saeefa
saeega
saeema
saeera
safa
safaa
safaahath
safaana
safaanath
safaasa
safaath
safaaza
safana
safasha
safau
safaza
safee
safeega
safeela
safeen
safeena
safeenath
safeenaz
safeera
saffa
saffah
saffana
saffath
saffau
saffiya
saffiyya
saffnaz
safha
safhaana
safhath
safiaa
safiath
safin
safina
safira
safiya
safiyaa
safiyath
safiyya
safiyyath
safiyyu
safleena
safna
safnaa
safnaaz
safnaz
safneez
safoora
safra
safrath
safrau
safraz
safseena
safsoona
safuhath
safwa
safwaana
safwana
safwath
safy
sagibath
saha
sahaa
sahama
sahamath
sahar
saharu
sahath
sahda
saheeba
saheeda
saheedha
saheefa
saheeha
saheela
saheema
saheena
saheenaz
saheera
sahendha
sahfa
sahhaala
sahila
sahina
sahira
sahiya
sahiyya
sahla
sahma
sahmaa
sahmeena
sahna
sahnaz
sahneela
sahuda
sahudha
sahufa
sahula
sahulaa
sahulath
sahuleena
sahuma
sahumaa
sahumeela
sahumeena
sahuna
sahunee
sahuneena
sahuneeza
sahuniyya
sahunyza
sahurana
sahuriyya
sahusiyya
sahuza
sahuzaana
sahza
sahzaa
sahzana
saida
saidha
saifa
saifana
saiga
saikhaana
saila
sailaana
sailam
sailana
saima
saina
saiqa
saiqaa
saira
saisa
saja
sajaahath
sajan
sajdha
sajiath
sajid
sajida
sajidha
sajidhaa
sajidhunnisa
sajina
sajiya
sajna
sajny
sajudha
sajuma
sajuna
sajuwa
sakeeb
sakeeba
sakeela
sakeena
sakha
sakhaa
sakhaau
sakhaavath
sakhava
sakhavath
sakhiyya
sakinathul
sakyna
salaah
salaam
salaama
salah
salaha
salam
salama
salamaa
salamath
saldha
salee
saleega
saleel
saleela
saleem
saleema
saleemath
saleena
salfa
salfiyya
salih
saliha
salim
salima
salinee
salini
salisa
saliya
sallama
salma
salmaa
salmaan
salman
salmana
salmath
salmeena
salnee
salthana
salthanath
salva
salveena
salvyna
salwa
salyna
sam'aa
sam-aa
sama
samaa
samaah
samaaha
samaahath
samaahathu
samaamath
samaana
samaany
samaath
samaau
samad
samadh
samadhu
samah
samaha
samahath
samai
saman
samana
samany
samar
samath
samau
samavy
samaya
samee
sameeath
sameeha
sameehath
sameela
sameema
sameen
sameena
sameenaa
sameenath
sameer
sameera
sameeraa
sameetha
sameeu
sameeza
samha
samhaa
samhath
samheedha
samheena
samia
samiha
samila
samilaa
samir
samira
samiya
samiyaa
samiyaaa
samiyya
samiyyath
samla
samlee
samma
sammaa
sammoona
samna
samnaazu
samoona
samoonath
sampa
samra
samraa
samraau
samrath
samreeha
samreen
samreena
samrooha
samsadha
samseedha
samseena
samseera
samsiyya
samsoon
samsulhudha
samsunnisa
samua
samuaa
samuna
samveela
samweela
samy
samyr
samza
sana
sana'a
sana'aa
sanaa
sanahath
sanalee
sanau
sanaya
sanaz
sanee
saneedha
saneefa
saneeha
saneela
saneem
saneema
saneen
saneena
saneera
saneetha
saneez
saneeza
sanfa
sanfaa
sanfaaa
sanfafaanu
sanha
sani
sania
sanie
sanifa
saniha
sanila
saniya
saniyaa
saniyath
saniyya
saniyyath
saniza
sanma
sanmoona
sanna
sanooha
sanoona
sanoora
sanooza
sanpa
sanveela
sanweela
sany
sanya
sanyn
saqiya
sara
saraa
saraahath
saraayath
sarafeeza
sarafiyya
sarah
sarahath
sararah
sarath
sarda
sardha
sareeda
sareema
sareera
saria
sariba
sarida
saridha
sarima
sariya
sariyath
sariyya
sarla
sarma
sarmadha
sarmeela
sarna
sarooja
saroona
saroza
sarudha
saruheena
saruma
sarumeela
saruna
sarunaz
saruvaree
saruvary
saruvath
saruwaree
saruwary
saruwath
saruzeera
sarwaree
sarwath
sary
sarydha
sashna
sathaar
sathaaru
sathar
satheeha
sathia
sathiya
sathleena
sathna
saththaar
saththaaru
saththar
sathuhiyyath
sathuma
sathuna
sathwa
sathwath
sattaar
sattar
satuwa
saud
sauda
saudath
saudee
saudh
saudha
saudhaa
saudhath
saudhau
saudheena
saudhiya
saudhiyaa
saudhiyya
saudhulla
saudhy
saudiya
saudiyya
saudu
saudulla
saudullah
saudy
saufa
saufaa
saujath
saula
saulath
sauma
sauna
sausa
sausaan
sausan
sausanee
sausany
sausha
saushan
sauthath
sauwaana
sauya
sauza
sava
savaa
saviyya
savsan
savy
sawa
sawaa
sawaad
sawadh
sawath
sawda
sawdhath
sawrath
sawsan
sawsun
sawudha
sawy
saya
sayaamee
sayana
sayd
sayya
sayyid
sayyidha
sazadha
sazana
sazdha
sazee
sazeela
sazeema
sazeena
sazfa
sazi
sazifa
saziya
saziyya
sazla
sazlee
sazleen
sazleena
sazly
sazma
sazmeela
sazmeen
sazmeena
sazna
saznee
sazra
sazudha
sazufa
sazuhee
sazula
sazulee
sazuma
sazumeela
sazuna
sazura
sazuraana
sazuwana
sazyha
schatz
seedath
seedhaan
seela
seema
seemaa
seemiya
seena
seenaa
seenaaz
seenaz
seeneez
seeniya
seeniyaz
seerath
seeraza
seereen
seereena
seesa
seetha
seethal
seeza
sehena
sehenaa
sehenaaz
sehenaz
sehenaza
sehendha
sehereen
sehereena
seleena
selina
selna
selviya
sema
semeena
sena
senaalee
senaaly
senale
seneela
seneen
seneeza
senifa
senra
seran
sereen
sereena
sereeza
sereleen
serin
seroza
sezleena
sezna
sha'adha
sha'ath
sha-ath
shaadhin
shaadhiya
shaadhny
shaadhuna
shaadiya
shaafeena
shaafeenaz
shaafia'a
shaafiath
shaafiya
shaafiyya
shaagiba
shaaha
shaahath
shaahee
shaaheen
shaaheena
shaaheenaa
shaahi
shaahid
shaahida
shaahidaa
shaahidha
shaahidhaa
shaahiga
shaahina
shaahira
shaahiya
shaahnaaz
shaahunaaz
shaahunaz
shaahuzada
shaahy
shaahyna
shaaidha
shaaiga
shaaiha
shaaila
shaain
shaaina
shaainaa
shaaira
shaaistha
shaajidha
shaakila
shaakir
shaakira
shaakiraa
shaal
shaalee
shaalima
shaalin
shaaliny
shaaliya
shaaliyaa
shaaly
shaam
shaama
shaamaa
shaamaly
shaamath
shaamihaa
shaamila
shaamira
shaamiya
shaamiyaa
shaamiza
shaammath
shaamna
shaan
shaana
shaanaa
shaanaaz
shaanath
shaanaz
shaanee
shaaneez
shaaneeza
shaania
shaaniya
shaaniyaa
shaaniza
shaanmath
shaany
shaara
shaaraa
shaarath
shaarima
shaarimaa
shaariya
shaaruda
shaarudha
shaathia
shaathima
shaathira
shaathiraa
shaayan
shaaz
shaaza
shaazdha
shaazeen
shaazina
shaazlee
shaazleen
shaazleena
shaazly
shaazlyn
shaazmee
shaazmeen
shaazna
shaaznee
shaazneen
shaazny
shaazuleen
shaazuma
shaazuna
shaazy
shaba
shabaab
shabaana
shabaanaa
shabab
shabahath
shabana
shabeeba
shabeela
shabeen
shabeena
shabeer
shabna
shabnam
shabuna
shabyna
shada
shadeeda
shadeena
shadha
shadheeda
shadheedha
shadheega
shadheela
shadheema
shadheen
shadhila
shadhima
shadhin
shadhiya
shadhiyaa
shadhma
shadhna
shadhnu
shadhoo
shadhoon
shadhuma
shadhuman
shadhuna
shadhuva
shadhya
shadhydha
shadhyfa
shadin
shadiya
shadiyaa
shadna
shaduna
shaeedha
shaeen
shaeera
shaekha
shaela
shaf'
shaf'aa
shafa
shafa'a
shafa'ath
shafa-ath
shafaa
shafaaf
shafaagath
shafaahath
shafaana
shafaanaaz
shafaanaz
shafaasath
shafaath
shafag
shafaga
shafagath
shafahath
shafana
shafanaa
shafaq
shafaqath
shafaque
shafariyya
shafau
shafaza
shafee
shafeea
shafeeaa
shafeeg
shafeega
shafeena
shafeenaaz
shafeenaz
shafeeq
shafeeqa
shafeeu
shafeeza
shaffa
shaffaag
shaffaau
shaffaf
shaffan
shaffana
shaffanath
shaffath
shaffau
shafga
shafha
shafhath
shafia
shafiaa
shafiath
shafie
shafin
shafina
shafira
shafiu
shafiya
shafiyaa
shafiyath
shafiyya
shafiyyaa
shafiza
shafla
shafna
shafnaz
shafneez
shafneeza
shafnia
shafra
shafraaz
shafrath
shafua
shafuga
shafvana
shafwa
shafwath
shafya
shafyau
shafyn
shafynaz
shafza
shafzaa
shageema
shagfa
shaghaf
shagiya
shagiyya
shagoofa
shagran
shaguftha
shah
shaha
shahaada
shahaadha
shahaadhath
shahaama
shahaamath
shahaamathu
shahaana
shahaany
shahada
shahadha
shahama
shahamath
shahana
shahanee
shahany
shahbaau
shahda
shahdha
shahdhiyya
shahee
shaheeba
shaheebath
shaheed
shaheeda
shaheedha
shaheedhaa
shaheega
shaheeha
shaheela
shaheem
shaheema
shaheen
shaheena
shaheenaa
shaheenaz
shaheeqa
shaheer
shaheera
shaheerath
shaheeza
shaheezad
shahenaaz
shahenaz
shahfa
shahiba
shahid
shahida
shahidha
shahidhaa
shahila
shahima
shahina
shahinaa
shahinaz
shahinda
shahindha
shahira
shahiran
shahiya
shahiyana
shahiyya
shahla
shahleema
shahleen
shahleena
shahma
shahmaa
shahmeela
shahmeema
shahmeena
shahmeenaa
shahmeeza
shahna
shahnaaz
shahnaz
shahneeza
shahooza
shahrath
shahreen
shahshana
shahsiyath
shahubaana
shahubana
shahuda
shahudh
shahudha
shahudhaa
shahudhiyya
shahufa
shahula
shahulaa
shahuleena
shahuleeza
shahuma
shahumaa
shahumeela
shahumeema
shahumeeza
shahumiyya
shahuna
shahunaz
shahuneela
shahuneema
shahuneen
shahuneez
shahuneeza
shahur
shahura
shahurath
shahureena
shahureeza
shahuriyaza
shahuriyya
shahurrisama
shahuru
shahuruh
shahurunnisa
shahururriyala
shahuruzaa
shahuseena
shahushan
shahuxa
shahuza
shahuzaan
shahuzad
shahuzadha
shahuzameema
shahuzan
shahuzana
shahuzeen
shahuzeena
shahuzyna
shahy
shahyha
shahym
shahyma
shahyn
shahyna
shahyra
shahza
shahzaa
shahzadh
shahzadha
shahzana
shahzeena
shaia
shaiba
shaibaana
shaibana
shaibath
shaida
shaidha
shaifa
shaifana
shaiga
shaiha
shaihan
shaikha
shaila
shailam
shailana
shaima
shaimaa
shaiman
shain
shaina
shaira
shairaa
shairaf
shairau
shairooza
shaisa
shaishtha
shaistha
shaiya
shaiza
shaizeen
shaja
shajaath
shajahath
shajan
shajeea
shajeela
shajida
shajidha
shajma
shajna
shajua
shajuma
shajuna
shakeeb
shakeeba
shakeebaa
shakeel
shakeela
shakeena
shakhiyyath
shakhsiyya
shakhudha
shakhusiyya
shakir
shakira
shakiru
shakoor
shakoora
shakyla
shalabi
shaleela
shaleen
shaley
shalfath
shalin
shalina
shalinee
shalini
shaliny
shaliya
shalmeen
shalthana
shalveena
shaly
sham
sham'a
sham'aa
sham'ath
sham-aa
sham-ath
shama
shama'a
shamaa
shamaaha
shamaahath
shamaal
shamaama
shamah
shamaha
shamahath
shamail
shamaly
shamama
shamamath
shaman
shamanaz
shamath
shamee
shameeda
shameega
shameeha
shameela
shameem
shameema
shameen
shameena
shameera
shameesa
shameez
shameeza
shamha
shamhaa
shamhath
shamheeda
shamheedha
shamheela
shamheena
shamheeza
shamhooza
shamia
shamida
shamidha
shamiha
shamikha
shamil
shamila
shamin
shaminy
shamira
shamiya
shamiyya
shamiza
shamla
shamlaa
shamlaan
shamleena
shamli
shamly
shamma
shammama
shammath
shammi
shammoona
shamna
shamnaaz
shamoodha
shamoon
shamoona
shamra
shamrath
shamrathu
shamreeha
shamreena
shamrooha
shamsa
shamsad
shamsadha
shamsath
shamseeda
shamseedha
shamseela
shamseena
shamseera
shamshad
shamsheeda
shamsheedha
shamsheer
shamsheera
shamsheeza
shamshun
shamsiyya
shamsiyyaa
shamsiyyath
shamsoodha
shamsoon
shamsu
shamsu-luha
shamsul
shamsulhidha
shamsullahiyya
shamsuna
shamsunisa
shamsunnahaar
shamsunnahaaru
shamsunnahar
shamsunnaharu
shamsunnisa
shamsunnisha
shamua
shamuath
shamuoona
shamuseera
shamveela
shamweela
shamy
shamza
shamzath
shamzeena
shamzoona
shan
shana
shanaaz
shanan
shanau
shanaz
shanee
shaneefa
shaneega
shaneekha
shaneel
shaneela
shaneema
shaneen
shaneez
shaneeza
shaneezad
shaney
shanha
shanheeza
shani
shania
shanima
shanin
shaniya
shaniyaa
shaniyath
shaniyya
shaniyyaz
shaniza
shanma
shanna
shanoodha
shanooha
shanoon
shanoona
shanoora
shanooza
shanva
shanveena
shany
shanyz
shanyza
shara
sharaa
sharaaeen
sharaba
sharaeen
sharafa
sharafath
sharafiya
sharafiyya
sharafnaz
sharafuddeen
sharafudheen
sharaful
sharafunnisa
sharahath
sharan
sharath
sharau
sharaz
sharda
shardha
shareef
shareefa
shareefaa
shareefath
shareehaan
shareehan
shareeka
shareema
shareen
shareena
shareera
shareerath
sharfa
sharfeeza
sharfia
shargath
sharhaabaa
sharhana
sharheela
sharheen
sharhnaaz
sharia
shariba
sharida
sharidha
sharifa
shariga
shariha
sharima
sharimath
sharin
shariya
shariyya
sharma
sharmeela
sharmeena
sharmiyya
sharmyla
sharneel
sharneeza
sharon
sharoofa
sharoon
sharoona
sharoora
sharoosha
sharooza
sharrath
sharua
sharuath
sharuda
sharuddiyana
sharudha
sharufa
sharufau
sharufeela
sharufeena
sharufeeza
sharufiya
sharufiyya
sharugiyya
sharuhaana
sharuhath
sharuleen
sharuma
sharumaa
sharumaanaa
sharumeela
sharumeena
sharumiyya
sharumyla
sharuneela
sharuvana
sharuvath
sharuveena
sharuwaree
sharuwary
sharuwath
sharuzeena
sharwath
sharweena
sharyf
sharyfa
sharyhaan
shasha
shashee
shashi
shashma
shashna
shasma
shassa
shathia
shathifa
shathir
shathira
shathla
shathna
shathra
shathrath
shathufa
shathuna
shathura
shatira
shauda
shaufa
shaufaa
shaufath
shauga
shaugee
shaughy
shaugiyya
shaugy
shauha
shauhath
shaukath
shaula
shaulath
shauma
shaumath
shauna
shaunee
shauneeza
shauqy
shaurath
shaurmeela
shaury
shausa
shausan
shausha
shaushad
shaushan
shaushanee
shaushath
shauwana
shauya
shauza
shauzan
shauzath
shauzeena
shavaza
shavee
shaveetha
shavira
shawadhin
shaweena
shaweetha
shawfa
shawiyya
shawna
shawnee
shawshan
shawzeena
shawzoona
shaxu
shaya
shayam
shayan
shayaz
shaz
shaza
shazaa
shazaadha
shazada
shazadha
shazaina
shazana
shazarath
shazdha
shazee
shazeeda
shazeeha
shazeela
shazeema
shazeen
shazeena
shazeeza
shazfa
shazfeen
shazhana
shazhath
shazhee
shazheema
shazheena
shazhoona
shazia
shazifa
shazil
shazila
shazima
shazin
shazina
shazira
shaziya
shaziyya
shazla
shazlath
shazlee
shazleem
shazleema
shazleen
shazleena
shazley
shazli
shazliyya
shazly
shazlyn
shazma
shazmeedha
shazmeela
shazmeen
shazmeena
shazna
shaznaaz
shaznee
shazneen
shazneena
shaznie
shazny
shazoo
shazoonee
shazra
shazrath
shazufa
shazula
shazuleen
shazuleena
shazulifa
shazuly
shazuma
shazumeela
shazumeena
shazuna
shazunee
shazura
shazurath
shazwa
shazweena
shazy
shazyna
sheara
sheba
shebeen
sheeath
sheeba
sheeban
sheela
sheema
sheen
sheena
sheenaaz
sheenaz
sheeneez
sheeneeza
sheenez
sheenyz
sheeraaz
sheeraz
sheereen
sheereena
sheerina
sheetha
sheethal
sheeza
sheezaa
sheezan
sheezleen
sheezreen
sheezuleena
shehena
shehenaaz
shehenaazu
shehenaz
shehenazu
shehendha
shehenza
shehereen
shehereena
shehereeza
shehez
shehezaadh
shehezaadha
shehezaadhee
shehezadhee
shehezinee
sheila
sheleen
sheleena
shelviya
shelyna
shemeen
shemy
shena
shenaalee
shenaaly
shenali
shenalin
shenaly
shenan
shenarlie
shenee
sheneela
sheneen
sheneena
sheneez
sheneeza
shenelle
shenin
sheny
shenyn
shenyna
sheran
shereen
shereena
shereenaz
shereleen
sherely
sheren
sherezinee
sherin
sheroona
sheroza
sheryn
sheryna
shezleen
shezleena
sheznee
shezni
shezny
shezunee
shezy
shia
shiaaf
shiaara
shiana
shiara
shiaraa
shiath
shiau
shiaza
shiba
shibaana
shibana
shibla
shibna
shida
shidaad
shidha
shidhadha
shidhatha
shidhna
shidhumeen
shidna
shidumeen
shifa
shifaa
shifaa'ath
shifaaga
shifaahath
shifaana
shifaanaa
shifaanaaz
shifaanaz
shifaany
shifaath
shifaau
shifaaza
shifaazaa
shifaga
shifah
shifaha
shifala
shifaly
shifama
shifan
shifana
shifanaa
shifanaz
shifanee
shifara
shifasha
shifau
shifaya
shifayath
shifaz
shifaza
shifazath
shifhana
shifheena
shifhina
shifla
shifleen
shifleena
shifna
shifnaaza
shifnaz
shifnee
shifneen
shifneez
shifneeza
shifny
shifra
shifula
shifuna
shifunaaz
shifushana
shifuza
shifza
shifzaa
shifzaana
shifzaanaa
shifzadha
shifzan
shifzana
shifzeena
shiga
shigfa
shighaf
shigofa
shihaab
shihaadha
shihaama
shihaamaa
shihaana
shihab
shihada
shiham
shihama
shihana
shihanath
shihany
shihna
shihumeena
shihuna
shihuza
shijuna
shilfa
shilniya
shim'aa
shima
shimaam
shimaamath
shimaana
shimaanath
shimaaza
shimadha
shimah
shimaja
shimal
shimala
shimaly
shiman
shimana
shimani
shimanie
shimany
shimau
shimaya
shimaz
shimaza
shimee
shimeeza
shimha
shimla
shimlaa
shimmu
shimna
shimra
shimreen
shimry
shimtha
shimya
shimyaza
shimza
shimzana
shina
shinaa
shinaaly
shinaaza
shinaazaa
shinada
shinaee
shinah
shinan
shinana
shinanaz
shinaya
shinayath
shinaz
shinaza
shineez
shinshina
shiraanee
shiraani
shiraany
shiraja
shiram
shiran
shirana
shiranee
shirani
shirany
shiraza
shirda
shirdha
shireen
shireena
shireeza
shirfa
shirfaa
shirfaana
shirfath
shirhan
shirhana
shirin
shiriyaan
shirmeela
shirmeen
shirmeena
shirmyla
shirmyna
shirna
shirneem
shiromi
shiroona
shiruaa
shirudha
shirufa
shirufana
shirufath
shiruhaana
shiruhama
shiruhana
shiruhath
shirukhana
shiruma
shirumeela
shirumeen
shirumeena
shirumeenu
shirumeeza
shirumyn
shirumyna
shiruna
shirunee
shiruzeena
shiruzima
shiruzimath
shirveen
shirzeena
shitha
shithaana
shithaara
shithna
shithra
shithula
shithuna
shithura
shiudhath
shiufa
shiufeena
shiula
shiuleen
shiuma
shiumath
shiumeena
shiuna
shiunan
shiunaz
shiunee
shiuneema
shiuneen
shiuneeza
shiuny
shiura
shiurin
shiuriyya
shiusa
shiusha
shiuth
shiuza
shiuzaa
shivaadha
shivaanee
shivana
shivany
shivaza
shivnee
shivny
shiwa
shiwana
shiwaza
shiwleen
shiwnee
shiya
shiyaama
shiyaana
shiyaani
shiyaaza
shiyadha
shiyaf
shiyam
shiyama
shiyamaa
shiyana
shiyany
shiyara
shiyasa
shiyaxa
shiyaza
shiza
shizaana
shizama
shizana
shizee
shizfa
shizha
shizla
shizlath
shizleen
shizleena
shizlyn
shizma
shizmee
shizmeen
shizmeena
shizna
shiznaa
shiznee
shizneena
shizny
shizuha
shizuma
shizumeena
shizuna
shizunee
shizuny
shizuveena
shooba
shoodha
shooga
shoola
shoolath
shoona
shooneez
shoora
shooza
shoozan
shoozee
shoozeena
shreen
shu'ula
shua
shuaa
shuaad
shuaau
shuada
shuaib
shuaiba
shuaibath
shuaila
shuau
shuaya
shuba
shubna
shuda
shudfa
shudha
shudhfa
shudhna
shudhuha
shudhuhath
shudhuna
shuf-ath
shufa
shufaahath
shufaiha
shufana
shuha
shuhaa
shuhaana
shuhaany
shuhada
shuhadha
shuhaida
shuhaidha
shuhail
shuhaila
shuhaimath
shuhaina
shuhala
shuhama
shuhana
shuhaydha
shuhbath
shuhda
shuhdha
shuheidha
shuhma
shuhood
shuhooda
shuhoodha
shuhrath
shuhuba
shuhuda
shuhudha
shuhudhaa
shuhula
shuhuma
shuhura
shuhuraa
shuhurath
shuiza
shuizaa
shuja
shuja'ath
shuja'athu
shuja-aa
shuja-ath
shujaa
shujaa-ath
shujaath
shujad
shujana
shujath
shujatha
shujau
shujoon
shujune
shukaina
shukma
shukoor
shukoora
shukraana
shukrana
shukree
shukriya
shukriyya
shukry
shukuma
shukurana
shukuranaa
shukuree
shukury
shula
shumaila
shumaisa
shumana
shumany
shumna
shumra
shumrath
shumza
shunaanath
shunaidha
shunaina
shunana
shuneedha
shuneeza
shurayya
shureena
shurfa
shuriyya
shurooq
shuruath
shurufa
shurufaa
shurufath
shushma
shusila
shusma
shuula
shuveykar
shuwaiba
shuwaida
shuwaidha
shuwaina
shuwaineez
shuweikar
shuza
shuzaifa
shuzaima
shuzaira
shuzan
shuzana
shuzanee
shuzee
shuzeela
shuzeena
shuziya
shuzna
shuzoona
shuzra
shuzuma
shuzuna
shuzuny
shuzura
shuzy
shyma
shynyz
shyreena
shyzleen
siadha
siana
siara
siba
sibaana
sibahath
sibana
sibla
sidana
siddeega
siddeeq
siddheeq
sidgee
sidgiyya
sidhaana
sidhafa
sidhdheeq
sidheeg
sidheeq
sidhgee
sidhmeen
sidhna
sidhney
sidhra
sidhula
sidhumeena
sidhuna
sidhura
sidna
sidqee
sidra
siduna
sifa
sifaana
sifaarath
sifaaza
sifan
sifana
sifaya
sifaza
sifdha
sifla
sifleen
sifleena
sifna
sifnaa
sifnee
sifneez
sifra
sifuna
sifuza
sifwath
sifza
sifzaa
sifzaanu
sigaana
sihama
sihana
sihanath
sihla
sihuda
sihuzana
sijudha
sijuna
silala
sileena
silkeena
silma
silmee
silna
silviya
silwa
sima
simaadha
simaanaa
simaath
simada
simadha
simah
simaha
siman
simana
simanaa
simanee
simani
simany
simatha
simaza
simla
simna
simon
simrath
simreena
simuna
simunaa
simyaza
sina
sinaaha
sinaana
sinaanath
sinaau
sinada
sinadha
sinaha
sinan
sinana
sinanath
sinanee
sinani
sinaya
sinaz
sinaza
sineela
sineena
sinha
sinwa
sinya
sipra
sira
siraaja
siraanee
siraani
siraj
siraja
sirameenu
sirana
siranee
sirani
sirany
sirda
sireena
sirfa
sirhaan
sirhana
sirhanaa
siriyan
siriyaza
sirma
sirmath
sirmeen
sirmeena
siroma
sirudha
sirufa
sirufaana
siruhaana
siruhana
sirukhana
siruma
sirumeen
sirumeena
siruna
siruneela
siruza
sithaara
sithana
sithany
sithara
sithi
sithithi
sithiye
sithlana
sithna
sithra
sithreen
siththee
siththi
siththiy
siththiya
siththiye
siththuna
sithti
sithuna
sithuneena
sithura
sitti
sittunaa
siufa
siuleen
siuleena
siuma
siuna
siunaa
siunee
siuny
siura
siusa
siusha
siuth
siuva
siuza
siva
sivaana
sivadha
sivana
sivaza
siviyya
siwa
siwaaza
siya
siyaada
siyaadh
siyaadha
siyaahath
siyaama
siyaamaa
siyaana
siyaanaa
siyaanath
siyaara
siyaaza
siyada
siyadha
siyaha
siyahath
siyam
siyama
siyana
siyanaa
siyanath
siyanee
siyara
siyaza
siyuna
sizana
sizfa
sizileen
sizla
sizlee
sizleen
sizleena
sizmee
sizmeen
sizmeena
sizmy
sizna
siznee
sizra
sizulee
sizuma
sizumeen
sizuna
soabira
soadhiq
soadiq
soafeenaz
soafiya
soafy
soaima
soama
soany
soba
sobaaha
sobah
sobaha
sobahath
sobana
sobeeha
sobeehaa
sobeena
sobeera
sobir
sobira
sobiraa
sobirath
sobiyya
soboora
sobree
sobyha
sobyhath
sodha
sodhaf
sodhaifa
sodhara
sodhig
sodhiga
sodhiq
sodhiqa
sodhma
sodhna
sodhra
sodhuma
sodhuna
sodhura
sodig
sodiga
sodiq
sodra
soduma
sofa
sofaa
sofana
sofath
sofau
sofee
sofeena
sofeenaaz
sofeenaz
soffiya
sofga
sofia
sofiya
sofiyaa
sofiyath
sofiyya
sofiyyaa
sofiyyath
sofna
sofoora
sofra
sofura
sofwa
sofwana
sofwath
soghra
soha
sohuwa
soifa
soiga
soima
solah
solaha
solih
soliha
soma
somad
sonath
sonee
sonia
soniya
sooda
soodha
soodhiyya
sooma
sooniya
soony
soora
soorath
sooriya
sooza
soozan
sophia
sothma
sousan
sriyaanee
su'dha
su'udha
su'uoodha
su-oodha
su-uda
su-udha
suaad
suaadh
suaadha
suaath
suad
suada
suadh
suadha
suadhaa
suaibathunnisa
suaida
suaidha
subaath
subaatha
subaihaa
subath
subatha
subha
subhath
subna
subuhaa
subuhaana
subuna
suda
sudfa
sudha
sudhana
sudhath
sudhau
sudheena
sudhna
sudhufa
sudhufaa
sudhuha
sudhuma
sudhuna
sudna
sudooda
suduna
sufa
sufaana
sufaila
sufaira
sufana
sufany
sufasha
sufrana
sufua
sugaliya
suha
suhaa
suhaaee
suhaana
suhaiba
suhaida
suhail
suhaila
suhaima
suhaina
suhaira
suhama
suhan
suhana
suhanaa
suhanee
suheyla
suhuba
suhudha
suhula
suhuma
suhuza
suiza
suja
sujaaja
sujaana
sujaath
sujama
sujana
sujatha
sujau
sujeetha
sujna
sujoon
sujoona
sujudha
sujuna
sukayna
sulaalath
sulafath
sulaimaan
sulaimaanu
sulaiman
sulalaa
suleetha
sultana
sulthaana
sulthana
sulthanath
sulthona
sulwana
suma
sumaanee
sumaidha
sumaina
sumaira
sumaiya
sumaiyya
sumana
sumayya
sumayyath
sumeela
sumeetha
sumeyha
sumidha
sumiyya
sumiyyath
sumna
sumra
sumrath
suna
sunaa
sunaana
sunaashaa
sunaena
sunahath
sunaida
sunaidha
sunaiha
sunaina
sunaisa
sunaiza
sunan
sunana
sunayya
sundhus
sunee
suneedha
suneedhath
suneela
suneema
suneena
suneetha
suneethaa
suneez
suneeza
suneina
sunery
suneydha
suneyna
sunitha
suniyya
sunna
sunooha
suny
suoda
suood
suooda
suoodh
suoodha
sura
suraa
suragath
suraiya
suraiyya
surayya
surayyaa
sureena
surfa
suriyya
suroor
suroora
surufa
suruhaba
suruheedha
suruheena
susan
susana
susheela
susma
suu'da
suvadha
suvaibath
suvaida
suvaidha
suvaidhaa
suvaydha
suveeza
suveidha
suveyba
suveyda
suveydha
suveyza
suviza
suvyda
suwaada
suwaadhu
suwada
suwadha
suwaiba
suwaibath
suwaida
suwaidha
suwaila
suwaybath
suwaydha
suwayla
suweidha
suweydha
suweyza
suza
suzaana
suzaanaa
suzadha
suzain
suzaina
suzaine
suzaira
suzan
suzana
suzanaa
suzee
suzeela
suzeena
suzey
suzeyla
suzie
suziya
suziyya
suzlin
suzma
suzna
suzufeen
suzuleena
suzuma
suzuna
suzy
swaida
sweiza
sweydha
swineetha
swiniya
taj
tanya
tauma
th
tha'ath
thaahira
thaahiraa
thaaiba
thaaif
thaaifa
thaaifaa
thaaliba
thaaneef
thaaniya
thaarigaa
thabassum
thabeenath
thafseena
thagiyya
thagiyyu
thaha
thahaa
thahaanee
thahaani
thahaany
thahanee
thahaniya
thahany
thaharath
thahir
thahira
thahiya
thahiyya
thahiyyath
thahkhaan
thahmeela
thahmeena
thahniya
thahseen
thahseena
thahuleema
thahuleena
thahumeedha
thahumeela
thahumeena
thahuniya
thahuseena
thahuzeema
thahyiba
thahzeema
thaiba
thaibath
thaibathunnisa
thaifa
thaiga
thaila
thaima
thaimeen
thakhaan
thakhkhaan
thakhkhaanu
thakhkhan
thakhufaa
thakleema
thakreem
thakreema
thakroora
thakuleema
thakurfaanu
thakuroora
thakurufaan
thakurufaanu
thalath
thalha
thalhath
thalia
thalib
thaliba
thallath
thalsooma
thamanna
thamannee
thamauneena
thameema
thameena
thameeza
thamheed
thamheeda
thamheedha
thamheela
thamheeza
thamleeka
thamleekha
thamseela
thamseena
thamseera
thamsheeda
thamsheera
thanee
thania
thaniya
thanzeela
thaqiu
thaqiyya
thaqiyyu
tharannum
thareega
tharheeba
tharifa
thariga
tharneema
tharoona
tharuneema
thasally
thaseena
thashkeel
thashreefa
thasleem
thasleema
thasleena
thasliya
thaslym
thaslyma
thasmeena
thasmiya
thasneefa
thasneem
thasneema
thasnym
thasreef
thaufeeg
thaufeega
thaufeeq
thaufeeqa
thauheeda
thauheedha
thaulamoona
thauleema
thauma
thaumaa
thaumath
thaumeena
thaumyna
thauseena
thauzeema
thaveela
thawaaf
thawfeeg
thawfeega
thawfeeq
thawfeeqa
thayyiba
thazeen
thazleela
thazmeena
thazuleela
theeba
theema
theena
thereesa
thereesha
therysha
thibna
thifeen
thifla
thifleena
thiha
thihaamath
thihama
thihana
thilaavath
thilmeeza
thimna
thiseena
thiththi
thiuma
thiumaa
thoaamath
thoaga
thoahira
thoamaa
thoamath
thoamma
thoath
thoburath
thoga
thoha
thohaa
thohana
thohir
thohira
thohiraa
thohoora
thoiba
thoibaa
thoifa
thoiga
thoila
thoima
thoiyyibaa
tholaala
tholaha
tholal
tholala
tholath
tholha
tholhath
tholiath
tholiba
tholiha
tholima
thoma
thomaa
thomeena
thomeenath
thomeera
thooba
thooha
thooma
thooza
thoozan
thoriga
thoriqa
thoriyya
thou'maa
thoufeeg
thoufeega
thoufeeq
thoufeeqa
thouma
thoumaa
thowfeega
thowfeek
thowfeeq
thowfeequ
thowfyq
thoyyiba
thoyyibaa
thufooliya
thuga
thugaa
thuhfa
thuhmeena
thuhufa
thuhufaany
thuhumeena
thukhufa
thulshooma
thulsooma
thuma
thumalir
thurufa
thurufath
thusheela
thuththeedi
thuththu
thuththumaniku
thuthtu
thuthu
thuzuhath
tina
tuththu
tuttu
ubaid
ubaida
ubaidath
ubaidh
ubaidha
ubaidhulla
ubaidulla
ubasha
uboodhiyya
udhula
udhuma
udhusiyya
ufa
ufaliya
ufasatha
ugail
uhudha
uigath
ukhriyya
ula
ulaa
ulfa
ulfath
ulfee
uliya
ulma
ulooma
ulvy
ulya
ulyaa
umaidha
umaila
umaima
umaimaa
umaimath
umainath
umair
umaira
umaisa
umaisha
umana
umanaa
umar
umaru
umasha
umayya
umayyath
umdha
umdhooha
umeydha
umeyla
umeyma
umeyra
umeysa
umeysha
umiya
umiyya
umm
ummeeda
ummeedha
ummiya
ummiyya
ummniyya
ummu
ummuhanee
ummuhany
ummukulshoom
ummukulsoom
ummul
ummusalma
ummusuaudha
umna
umniyya
umniyyath
umooma
umoor
umra
umraa
umsiyya
umu
umyana
unadha
unaisa
unaisath
unaiza
uneyza
unoosha
uosa
urooj
urufa
urushidha
usa
usaama
usaid
usama
usamaa
usamath
usha
ushaa
ushaama
ushaamath
ushaath
usham
ushama
ushamath
ushana
ushba
ushna
ushva
ushwa
ushwath
usmaan
usman
usra
usrath
usva
usvath
uswa
uswath
uthaifa
uthfa
uthusiyya
uyaina
uyoon
uzair
uzaira
uzamath
uzana
uzdha
uzla
uzlifa
uzlifath
uzma
uzufa
uzuha
uzulifa
uzuma
uzuna
vabil
vadheefa
vafa
vafaa
vafdha
vafiyya
vaheedhaa
vahudha
vajeeha
vakaolhi
valeeda
varagathu
varda
vardana
vardha
varoosha
varuda
varudha
varujeena
vaseefa
vaseela
vaseema
vaseeqa
vasifa
vasyma
vazna
vazudha
vazuna
vazunaa
veena
veeza
velezinee
verrall
viaama
vidaad
vidaadh
vidada
vidhaad
vidhaadhu
vidhaadu
vidhadh
vidhadha
vidhadhu
vidhana
vidhna
vifag
vigiya
vije
vijna
vijuhath
vikasha
viladha
vileena
vileenee
vileeniya
vilinee
villayath
villinee
vilma
vimaala
vimala
vinasha
virasa
virasha
virdha
virsana
virsha
virshana
viruda
virudha
virudhana
virusa
viruzana
visaama
visaana
visala
visam
visama
visamaa
visana
visha
vishaa
vishaah
vishaama
vishah
vishama
vishamath
vishana
vishanaa
vishau
visna
viuma
vivian
viyama
viyamaa
viyasa
vizaad
vizleen
vizliya
vizna
viznaa
viznee
vizuna
vizura
vulau
vushama
waaee
waafira
waahid
waahidh
waajidha
waarisa
waasia
waasif
waasifa
wada
wadeea
wadeefa
wadeeha
wadeena
wadeeu
wadheea
wadheefa
wadheeha
wadheema
wadheena
wadhood
wadhooda
wadhoodha
wadood
wafa
wafaa
wafau
wafdha
wafeega
wafeegath
wafeer
wafeesha
wafeezad
wafir
wafira
wafiyaa
wafiyya
wafiyyaa
wafuda
wahaab
wahab
wahda
wahdaa
wahdha
waheed
waheeda
waheedh
waheedha
waheedhaa
waheedhu
wahhaab
wahhab
wahid
wahida
wahidh
wahudha
wahyd
wahyda
wahydh
wahydha
wajaaha
wajdee
wajdha
wajdhee
wajdhy
wajdi
wajdy
wajeeda
wajeedh
wajeedha
wajeeh
wajeeha
wajeehath
wajuda
wajudha
wajudhee
wajuna
wakeela
waleed
waleeda
waleedh
waleedha
walyd
walyda
wanoodh
warda
wardha
wareesa
warhda
warisa
warjeena
warjina
waruda
warudaa
warudha
warujeena
warujina
wasaamath
wasama
wasamath
waseefa
waseegath
waseela
waseem
waseema
washama
washiga
wasif
wasifa
wasiyath
wasiyya
wasma
wasyma
wausiyya
wazeefa
waziyya
wazna
wazuna
weeshan
whaheeda
wiafa
widad
widada
widhadh
widhadha
wifadha
wifau
wifsha
wijha
wilaya
wileena
wileenee
wileeni
wileeniya
wilinee
wilma
wilnee
wilshaana
wimla
wimna
wiraasa
wirasha
wirdhana
wirudha
wisaama
wisadha
wisam
wisama
wisana
wisha
wishaama
wishadha
wishaha
wishama
wishan
wishana
wishna
wizama
wizleen
wizma
wizna
wizuna
wusaamaa
wushana
wussa
wustha
xidna
xiena
xyna
yaadha
yaafishaa
yaanisa
yaaniya
yaashan
yaasimeen
yaasimyn
yaasmeen
yaasmeena
yaasmeenaa
yadhya
yafaau
yafiaa
yahma
yahuya
yahya
yahyaa
yalma
yamaani
yamaany
yamama
yaman
yamana
yamany
yameen
yamin
yamina
yamleeha
yamna
yamnath
yana
yanaal
yanasha
yanifa
yaniza
yasaar
yaseera
yasfa
yasfaa
yasha
yashfa
yashfaa
yashfau
yashifa
yashira
yashmin
yashna
yashwa
yasimeen
yasimeena
yasir
yasira
yasma
yasmeen
yasmin
yasmine
yasna
yasra
yasreen
yatheema
yaufa
yaugoob
yauqoob
yazdha
yazeed
yazeeda
yazeedha
yazfa
yazid
yazidh
yazmeena
yazmin
yazna
yaznee
yesmin
yexmeen
yezmeen
yoogin
yooha
yoohaaneez
yoohana
yoojeen
yooliya
yooma
yoomee
yoomy
yoona
yoonis
yooniya
yoonus
yoosana
yooseena
yoosuf
yoosy
youhaaniz
youhaniz
youmee
younus
yousuf
yudhra
yulia
yuliya
yumleena
yumna
yumnaa
yumnath
yumnee
yumnu
yumra
yumuna
yuna
yunna
yusfa
yushfa
yushra
yushreen
yusra
yusraa
yusreen
yusriyya
yuzna
yuznee
yuzuleena
yuzuna
za'aama
za-aamath
zaada
zaadee
zaafira
zaafirath
zaahida
zaahidaa
zaahidha
zaahidhaa
zaahir
zaahira
zaahiraa
zaahiya
zaahiyaa
zaaima
zaaina
zaainaa
zaakira
zaakiya
zaalee
zaama
zaamath
zaamir
zaamira
zaana
zaara
zaaya
zabeeda
zabeedha
zabeeha
zabeena
zabila
zada
zadha
zadhath
zadhiya
zadhy
zadi
zadiyaa
zaeefa
zaeem
zaeema
zaeen
zaeena
zaenab
zafa
zafarulla
zafeena
zafeera
zaffa
zafira
zafoora
zafra
zaha
zahaa
zahaan
zahab
zahaba
zahadha
zahda
zahdha
zahee
zaheeda
zaheedha
zaheema
zaheen
zaheena
zaheera
zahfa
zahid
zahida
zahidh
zahidha
zahina
zahiqa
zahir
zahira
zahiru
zahiya
zahiyaa
zahiyath
zahiyya
zahiyyath
zahma
zahmeena
zahna
zahra
zahrath
zahreena
zahriyya
zahuda
zahudha
zahufa
zahufana
zahula
zahuma
zahumeena
zahuna
zahura
zahuraban
zahurana
zahurath
zahuree
zahuriyya
zahusa
zahushan
zahuva
zahuwa
zahyra
zaid
zaida
zaidh
zaidha
zaidulla
zaifa
zain
zaina
zainaa
zainaath
zainab
zainabu
zainabunnisa
zainath
zainifa
zainiyya
zainurrifa
zainy
zaira
zaithoona
zajira
zakariya
zakariyya
zakee
zakheera
zakhna
zakhriyya
zaki
zakir
zakira
zakiya
zakiyya
zaky
zaleefa
zaleela
zaleema
zaleen
zaleeshan
zalif
zalifa
zaliya
zalma
zaly
zam'ath
zam-ath
zamaa
zaman
zamana
zamath
zameel
zameela
zameema
zameena
zameer
zameera
zamhareera
zamhariyya
zamhath
zamheena
zamir
zamira
zamla
zammath
zamna
zamra
zamrath
zamua
zamzam
zana
zaneema
zaneena
zaniyya
zar'unnaz
zara
zaraa
zaraana
zarahana
zarana
zarasha
zareefa
zareeha
zareen
zareena
zareer
zareera
zareeru
zarhana
zarifa
zarina
zariyya
zaroona
zarqa
zarrath
zaruaa
zarudhee
zaruna
zaufaran
zaufishaan
zaufishana
zaujath
zauma
zauna
zaurath
zausha
zaveena
zawadha
zawaja
zaya
zayan
zayin
zayo
zeba
zeeba
zeebunnisa
zeeda
zeedha
zeehan
zeek
zeela
zeeliya
zeema
zeena
zeenad
zeenadh
zeenath
zeenathul
zeenaz
zeenia
zeeniya
zeeniyath
zeeniyya
zeesa
zeesan
zeeshaan
zeeshan
zeeza
zeheleen
zehereen
zeina
zenysha
zeyba
ziama
ziamaa
zibna
zibreena
zibuna
zidhma
zidhna
zidhuma
zidhuna
zidma
zidna
ziduna
zifa
zifaa
zifaf
zifana
zifany
zifasha
zifaza
zifla
ziflee
zifleen
zifleena
zifna
zifuleena
zifuna
ziha
zihana
zihna
zihnath
zihnee
zihula
zihuna
zihunee
zihuniyya
zihuny
zihura
zikra
zikura
zila
zilaa
zilala
zileena
zileyram
zilian
ziliyam
zillian
zilma
zilmiya
zilyam
zimla
zimma
zimna
zimnaa
zimra
zimtha
zimuna
zimyana
zinaasha
zinda
zindh
zindu
ziraana
zirana
zirufa
ziruwa
ziudha
ziuna
ziunee
ziusha
ziviyan
ziya
ziyaada
ziyaadha
ziyaadhaa
ziyaadhu
ziyaama
ziyaana
ziyad
ziyada
ziyadha
ziyadhaa
ziyaf
ziyahath
ziyama
ziyamath
ziyan
ziyana
ziyanath
ziyau
ziyusa
zoha
zoobeen
zoobiya
zoodha
zooma
zoona
zoonaa
zooniya
zoora
zoosha
zooshaan
zooshan
zu
zuaida
zuba
zubaida
zubaidha
zubaidhaa
zubair
zubaira
zubairu
zubana
zubau
zubdha
zubeena
zubeydha
zubna
zudha
zudhuleena
zudhuna
zuduna
zufa
zufeena
zufna
zufrath
zuha
zuhaa
zuhaana
zuhaanaa
zuhaina
zuhair
zuhaira
zuhairaa
zuhairath
zuhairu
zuhana
zuhara
zuharaa
zuhda
zuhdha
zuheena
zuhna
zuhoor
zuhra
zuhree
zuhriyya
zuhry
zuhuda
zuhudha
zuhudhaa
zuhudhana
zuhula
zuhulath
zuhuna
zuhura
zuhuraa
zuhurath
zuhurban
zuhuree
zuhuriyya
zuhuriyyaa
zuhuriyyath
zuhurubaan
zuhuruban
zuhury
zujana
zukha
zukhruf
zukhura
zukhuruf
zulaiha
zulaikha
zulaishan
zulalath
zulaykha
zuleikha
zuleyhkaa
zuleykha
zulfa
zulfaa
zulfaree
zulfeen
zulfeena
zulfiga
zulfisana
zulfishan
zulhana
zuliakha
zuliyan
zulkifli
zulmeena
zulna
zulshan
zulzunee
zumaida
zumaila
zumaira
zumam
zumarrad
zumarradh
zumarrath
zumayra
zumeena
zumla
zumlath
zummaradhu
zummath
zumna
zumra
zumrath
zumrathuzzeeniya
zumree
zumshan
zuna
zunaana
zunaanath
zunabath
zunadh
zunaha
zunaidha
zunaina
zunainath
zunaira
zunairaa
zunana
zunara
zuneena
zuneetha
zuneyra
zunin
zunnoor
zuraar
zuraig
zuraira
zureena
zuriyaan
zuriyana
zuriyyan
zuriyyanu
zuriyyath
zuroora
zurriyan
zurriyya
zurriyyan
zurriyyanu
zuruath
zuruathu
zuruhath
zuruna
zuruwath
zushana
zuvaidha
zuvaina
zuvairiyya
zuvvija
zuwaida
zuwairiyya
zuweena
zuyyina
zuyyinaa
zuyyinath
zyna
zyniyaa